Archive member included to satisfy reference by file (symbol)

/opt/st/stm32cubeide_1.19.0/plugins/com.st.stm32cube.ide.mcu.externaltools.gnu-tools-for-stm32.13.3.rel1.linux64_1.0.0.202410170706/tools/bin/../lib/gcc/arm-none-eabi/13.3.1/../../../../arm-none-eabi/lib/thumb/v7e-m+dp/hard/libc_nano.a(libc_a-exit.o)
                              /opt/st/stm32cubeide_1.19.0/plugins/com.st.stm32cube.ide.mcu.externaltools.gnu-tools-for-stm32.13.3.rel1.linux64_1.0.0.202410170706/tools/bin/../lib/gcc/arm-none-eabi/13.3.1/../../../../arm-none-eabi/lib/thumb/v7e-m+dp/hard/crt0.o (exit)
/opt/st/stm32cubeide_1.19.0/plugins/com.st.stm32cube.ide.mcu.externaltools.gnu-tools-for-stm32.13.3.rel1.linux64_1.0.0.202410170706/tools/bin/../lib/gcc/arm-none-eabi/13.3.1/../../../../arm-none-eabi/lib/thumb/v7e-m+dp/hard/libc_nano.a(libc_a-findfp.o)
                              /opt/st/stm32cubeide_1.19.0/plugins/com.st.stm32cube.ide.mcu.externaltools.gnu-tools-for-stm32.13.3.rel1.linux64_1.0.0.202410170706/tools/bin/../lib/gcc/arm-none-eabi/13.3.1/../../../../arm-none-eabi/lib/thumb/v7e-m+dp/hard/libc_nano.a(libc_a-exit.o) (__stdio_exit_handler)
/opt/st/stm32cubeide_1.19.0/plugins/com.st.stm32cube.ide.mcu.externaltools.gnu-tools-for-stm32.13.3.rel1.linux64_1.0.0.202410170706/tools/bin/../lib/gcc/arm-none-eabi/13.3.1/../../../../arm-none-eabi/lib/thumb/v7e-m+dp/hard/libc_nano.a(libc_a-fwalk.o)
                              /opt/st/stm32cubeide_1.19.0/plugins/com.st.stm32cube.ide.mcu.externaltools.gnu-tools-for-stm32.13.3.rel1.linux64_1.0.0.202410170706/tools/bin/../lib/gcc/arm-none-eabi/13.3.1/../../../../arm-none-eabi/lib/thumb/v7e-m+dp/hard/libc_nano.a(libc_a-findfp.o) (_fwalk_sglue)
/opt/st/stm32cubeide_1.19.0/plugins/com.st.stm32cube.ide.mcu.externaltools.gnu-tools-for-stm32.13.3.rel1.linux64_1.0.0.202410170706/tools/bin/../lib/gcc/arm-none-eabi/13.3.1/../../../../arm-none-eabi/lib/thumb/v7e-m+dp/hard/libc_nano.a(libc_a-sprintf.o)
                              ./Core/Src/main.o (sprintf)
/opt/st/stm32cubeide_1.19.0/plugins/com.st.stm32cube.ide.mcu.externaltools.gnu-tools-for-stm32.13.3.rel1.linux64_1.0.0.202410170706/tools/bin/../lib/gcc/arm-none-eabi/13.3.1/../../../../arm-none-eabi/lib/thumb/v7e-m+dp/hard/libc_nano.a(libc_a-stdio.o)
                              /opt/st/stm32cubeide_1.19.0/plugins/com.st.stm32cube.ide.mcu.externaltools.gnu-tools-for-stm32.13.3.rel1.linux64_1.0.0.202410170706/tools/bin/../lib/gcc/arm-none-eabi/13.3.1/../../../../arm-none-eabi/lib/thumb/v7e-m+dp/hard/libc_nano.a(libc_a-findfp.o) (__sread)
/opt/st/stm32cubeide_1.19.0/plugins/com.st.stm32cube.ide.mcu.externaltools.gnu-tools-for-stm32.13.3.rel1.linux64_1.0.0.202410170706/tools/bin/../lib/gcc/arm-none-eabi/13.3.1/../../../../arm-none-eabi/lib/thumb/v7e-m+dp/hard/libc_nano.a(libc_a-memset.o)
                              /opt/st/stm32cubeide_1.19.0/plugins/com.st.stm32cube.ide.mcu.externaltools.gnu-tools-for-stm32.13.3.rel1.linux64_1.0.0.202410170706/tools/bin/../lib/gcc/arm-none-eabi/13.3.1/../../../../arm-none-eabi/lib/thumb/v7e-m+dp/hard/crt0.o (memset)
/opt/st/stm32cubeide_1.19.0/plugins/com.st.stm32cube.ide.mcu.externaltools.gnu-tools-for-stm32.13.3.rel1.linux64_1.0.0.202410170706/tools/bin/../lib/gcc/arm-none-eabi/13.3.1/../../../../arm-none-eabi/lib/thumb/v7e-m+dp/hard/libc_nano.a(libc_a-closer.o)
                              /opt/st/stm32cubeide_1.19.0/plugins/com.st.stm32cube.ide.mcu.externaltools.gnu-tools-for-stm32.13.3.rel1.linux64_1.0.0.202410170706/tools/bin/../lib/gcc/arm-none-eabi/13.3.1/../../../../arm-none-eabi/lib/thumb/v7e-m+dp/hard/libc_nano.a(libc_a-stdio.o) (_close_r)
/opt/st/stm32cubeide_1.19.0/plugins/com.st.stm32cube.ide.mcu.externaltools.gnu-tools-for-stm32.13.3.rel1.linux64_1.0.0.202410170706/tools/bin/../lib/gcc/arm-none-eabi/13.3.1/../../../../arm-none-eabi/lib/thumb/v7e-m+dp/hard/libc_nano.a(libc_a-reent.o)
                              /opt/st/stm32cubeide_1.19.0/plugins/com.st.stm32cube.ide.mcu.externaltools.gnu-tools-for-stm32.13.3.rel1.linux64_1.0.0.202410170706/tools/bin/../lib/gcc/arm-none-eabi/13.3.1/../../../../arm-none-eabi/lib/thumb/v7e-m+dp/hard/libc_nano.a(libc_a-closer.o) (errno)
/opt/st/stm32cubeide_1.19.0/plugins/com.st.stm32cube.ide.mcu.externaltools.gnu-tools-for-stm32.13.3.rel1.linux64_1.0.0.202410170706/tools/bin/../lib/gcc/arm-none-eabi/13.3.1/../../../../arm-none-eabi/lib/thumb/v7e-m+dp/hard/libc_nano.a(libc_a-impure.o)
                              /opt/st/stm32cubeide_1.19.0/plugins/com.st.stm32cube.ide.mcu.externaltools.gnu-tools-for-stm32.13.3.rel1.linux64_1.0.0.202410170706/tools/bin/../lib/gcc/arm-none-eabi/13.3.1/../../../../arm-none-eabi/lib/thumb/v7e-m+dp/hard/libc_nano.a(libc_a-sprintf.o) (_impure_ptr)
/opt/st/stm32cubeide_1.19.0/plugins/com.st.stm32cube.ide.mcu.externaltools.gnu-tools-for-stm32.13.3.rel1.linux64_1.0.0.202410170706/tools/bin/../lib/gcc/arm-none-eabi/13.3.1/../../../../arm-none-eabi/lib/thumb/v7e-m+dp/hard/libc_nano.a(libc_a-lseekr.o)
[...]
Memory Configuration

Name             Origin             Length             Attributes
FLASH            0x08000000         0x00020000         xr
DTCMRAM          0x20000000         0x00020000         xrw
RAM_D1           0x24000000         0x00080000         xrw
RAM_D2           0x30000000         0x00048000         xrw
RAM_D3           0x38000000         0x00010000         xrw
ITCMRAM          0x00000000         0x00010000         xrw
*default*        0x00000000         0xffffffff

Linker script and memory map

LOAD /opt/st/stm32cubeide_1.19.0/plugins/com.st.stm32cube.ide.mcu.externaltools.gnu-tools-for-stm32.13.3.rel1.linux64_1.0.0.202410170706/tools/bin/../lib/gcc/arm-none-eabi/13.3.1/thumb/v7e-m+dp/hard/crti.o
LOAD /opt/st/stm32cubeide_1.19.0/plugins/com.st.stm32cube.ide.mcu.externaltools.gnu-tools-for-stm32.13.3.rel1.linux64_1.0.0.202410170706/tools/bin/../lib/gcc/arm-none-eabi/13.3.1/thumb/v7e-m+dp/hard/crtbegin.o
LOAD /opt/st/stm32cubeide_1.19.0/plugins/com.st.stm32cube.ide.mcu.externaltools.gnu-tools-for-stm32.13.3.rel1.linux64_1.0.0.202410170706/tools/bin/../lib/gcc/arm-none-eabi/13.3.1/../../../../arm-none-eabi/lib/thumb/v7e-m+dp/hard/crt0.o
LOAD ./Core/Src/VL53L1X.o
LOAD ./Core/Src/VL53L1X_api.o
LOAD ./Core/Src/VL53L1X_calibration.o
LOAD ./Core/Src/main.o
LOAD ./Core/Src/stm32h7xx_hal_msp.o
LOAD ./Core/Src/stm32h7xx_it.o
LOAD ./Core/Src/syscalls.o
LOAD ./Core/Src/sysmem.o
LOAD ./Core/Src/system_stm32h7xx.o
LOAD ./Core/Src/vl53l1_platform.o
LOAD ./Core/Startup/startup_stm32h750vbtx.o
LOAD ./Drivers/STM32H7xx_HAL_Driver/Src/stm32h7xx_hal.o
LOAD ./Drivers/STM32H7xx_HAL_Driver/Src/stm32h7xx_hal_cortex.o
LOAD ./Drivers/STM32H7xx_HAL_Driver/Src/stm32h7xx_hal_dma.o
LOAD ./Drivers/STM32H7xx_HAL_Driver/Src/stm32h7xx_hal_dma_ex.o
LOAD ./Drivers/STM32H7xx_HAL_Driver/Src/stm32h7xx_hal_exti.o
LOAD ./Drivers/STM32H7xx_HAL_Driver/Src/stm32h7xx_hal_flash.o
LOAD ./Drivers/STM32H7xx_HAL_Driver/Src/stm32h7xx_hal_flash_ex.o
LOAD ./Drivers/STM32H7xx_HAL_Driver/Src/stm32h7xx_hal_gpio.o
LOAD ./Drivers/STM32H7xx_HAL_Driver/Src/stm32h7xx_hal_hsem.o
LOAD ./Drivers/STM32H7xx_HAL_Driver/Src/stm32h7xx_hal_i2c.o
LOAD ./Drivers/STM32H7xx_HAL_Driver/Src/stm32h7xx_hal_i2c_ex.o
LOAD ./Drivers/STM32H7xx_HAL_Driver/Src/stm32h7xx_hal_mdma.o
LOAD ./Drivers/STM32H7xx_HAL_Driver/Src/stm32h7xx_hal_pwr.o
LOAD ./Drivers/STM32H7xx_HAL_Driver/Src/stm32h7xx_hal_pwr_ex.o
LOAD ./Drivers/STM32H7xx_HAL_Driver/Src/stm32h7xx_hal_rcc.o
LOAD ./Drivers/STM32H7xx_HAL_Driver/Src/stm32h7xx_hal_rcc_ex.o
LOAD ./Drivers/STM32H7xx_HAL_Driver/Src/stm32h7xx_hal_tim.o
LOAD ./Drivers/STM32H7xx_HAL_Driver/Src/stm32h7xx_hal_tim_ex.o
LOAD ./Drivers/STM32H7xx_HAL_Driver/Src/stm32h7xx_hal_uart.o
LOAD ./Drivers/STM32H7xx_HAL_Driver/Src/stm32h7xx_hal_uart_ex.o
START GROUP
LOAD /opt/st/stm32cubeide_1.19.0/plugins/com.st.stm32cube.ide.mcu.externaltools.gnu-tools-for-stm32.13.3.rel1.linux64_1.0.0.202410170706/tools/bin/../lib/gcc/arm-none-eabi/13.3.1/../../../../arm-none-eabi/lib/thumb/v7e-m+dp/hard/libc_nano.a
LOAD /opt/st/stm32cubeide_1.19.0/plugins/com.st.stm32cube.ide.mcu.externaltools.gnu-tools-for-stm32.13.3.rel1.linux64_1.0.0.202410170706/tools/bin/../lib/gcc/arm-none-eabi/13.3.1/../../../../arm-none-eabi/lib/thumb/v7e-m+dp/hard/libm.a
END GROUP
START GROUP
LOAD /opt/st/stm32cubeide_1.19.0/plugins/com.st.stm32cube.ide.mcu.externaltools.gnu-tools-for-stm32.13.3.rel1.linux64_1.0.0.202410170706/tools/bin/../lib/gcc/arm-none-eabi/13.3.1/thumb/v7e-m+dp/hard/libgcc.a
LOAD /opt/st/stm32cubeide_1.19.0/plugins/com.st.stm32cube.ide.mcu.externaltools.gnu-tools-for-stm32.13.3.rel1.linux64_1.0.0.202410170706/tools/bin/../lib/gcc/arm-none-eabi/13.3.1/../../../../arm-none-eabi/lib/thumb/v7e-m+dp/hard/libc_nano.a
END GROUP
START GROUP
LOAD /opt/st/stm32cubeide_1.19.0/plugins/com.st.stm32cube.ide.mcu.externaltools.gnu-tools-for-stm32.13.3.rel1.linux64_1.0.0.202410170706/tools/bin/../lib/gcc/arm-none-eabi/13.3.1/thumb/v7e-m+dp/hard/libgcc.a
LOAD /opt/st/stm32cubeide_1.19.0/plugins/com.st.stm32cube.ide.mcu.externaltools.gnu-tools-for-stm32.13.3.rel1.linux64_1.0.0.202410170706/tools/bin/../lib/gcc/arm-none-eabi/13.3.1/../../../../arm-none-eabi/lib/thumb/v7e-m+dp/hard/libc_nano.a
LOAD /opt/st/stm32cubeide_1.19.0/plugins/com.st.stm32cube.ide.mcu.externaltools.gnu-tools-for-stm32.13.3.rel1.linux64_1.0.0.202410170706/tools/bin/../lib/gcc/arm-none-eabi/13.3.1/../../../../arm-none-eabi/lib/thumb/v7e-m+dp/hard/libnosys.a
END GROUP
START GROUP
LOAD /opt/st/stm32cubeide_1.19.0/plugins/com.st.stm32cube.ide.mcu.externaltools.gnu-tools-for-stm32.13.3.rel1.linux64_1.0.0.202410170706/tools/bin/../lib/gcc/arm-none-eabi/13.3.1/thumb/v7e-m+dp/hard/libgcc.a
LOAD /opt/st/stm32cubeide_1.19.0/plugins/com.st.stm32cube.ide.mcu.externaltools.gnu-tools-for-stm32.13.3.rel1.linux64_1.0.0.202410170706/tools/bin/../lib/gcc/arm-none-eabi/13.3.1/../../../../arm-none-eabi/lib/thumb/v7e-m+dp/hard/libc_nano.a
LOAD /opt/st/stm32cubeide_1.19.0/plugins/com.st.stm32cube.ide.mcu.externaltools.gnu-tools-for-stm32.13.3.rel1.linux64_1.0.0.202410170706/tools/bin/../lib/gcc/arm-none-eabi/13.3.1/../../../../arm-none-eabi/lib/thumb/v7e-m+dp/hard/libnosys.a
END GROUP
LOAD /opt/st/stm32cubeide_1.19.0/plugins/com.st.stm32cube.ide.mcu.externaltools.gnu-tools-for-stm32.13.3.rel1.linux64_1.0.0.202410170706/tools/bin/../lib/gcc/arm-none-eabi/13.3.1/thumb/v7e-m+dp/hard/crtend.o
LOAD /opt/st/stm32cubeide_1.19.0/plugins/com.st.stm32cube.ide.mcu.externaltools.gnu-tools-for-stm32.13.3.rel1.linux64_1.0.0.202410170706/tools/bin/../lib/gcc/arm-none-eabi/13.3.1/thumb/v7e-m+dp/hard/crtn.o
                0x24080000                        _estack = (ORIGIN (RAM_D1) + LENGTH (RAM_D1))
                0x00000200                        _Min_Heap_Size = 0x200
                0x00000400                        _Min_Stack_Size = 0x400

.isr_vector     0x08000000      0x298
                0x08000000                        . = ALIGN (0x4)
 *(.isr_vector)
 .isr_vector    0x08000000      0x298 ./Core/Startup/startup_stm32h750vbtx.o
                0x08000000                g_pfnVectors
                0x08000298                        . = ALIGN (0x4)

.text           0x080002a0     0x7544
                0x080002a0                        . = ALIGN (0x4)
 *(.text)
 .text          0x080002a0       0x40 /opt/st/stm32cubeide_1.19.0/plugins/com.st.stm32cube.ide.mcu.externaltools.gnu-tools-for-stm32.13.3.rel1.linux64_1.0.0.202410170706/tools/bin/../lib/gcc/arm-none-eabi/13.3.1/thumb/v7e-m+dp/hard/crtbegin.o
 .text          0x080002e0       0xa0 /opt/st/stm32cubeide_1.19.0/plugins/com.st.stm32cube.ide.mcu.externaltools.gnu-tools-for-stm32.13.3.rel1.linux64_1.0.0.202410170706/tools/bin/../lib/gcc/arm-none-eabi/13.3.1/../../../../arm-none-eabi/lib/thumb/v7e-m+dp/hard/libc_nano.a(libc_a-memchr.o)
                0x080002e0                memchr
 .text          0x08000380       0x30 /opt/st/stm32cubeide_1.19.0/plugins/com.st.stm32cube.ide.mcu.externaltools.gnu-tools-for-stm32.13.3.rel1.linux64_1.0.0.202410170706/tools/bin/../lib/gcc/arm-none-eabi/13.3.1/thumb/v7e-m+dp/hard/libgcc.a(_aeabi_uldivmod.o)
                0x08000380                __aeabi_uldivmod
 .text          0x080003b0      0x2f8 /opt/st/stm32cubeide_1.19.0/plugins/com.st.stm32cube.ide.mcu.externaltools.gnu-tools-for-stm32.13.3.rel1.linux64_1.0.0.202410170706/tools/bin/../lib/gcc/arm-none-eabi/13.3.1/thumb/v7e-m+dp/hard/libgcc.a(_udivmoddi4.o)
                0x080003b0                __udivmoddi4
 .text          0x080006a8        0x4 /opt/st/stm32cubeide_1.19.0/plugins/com.st.stm32cube.ide.mcu.externaltools.gnu-tools-for-stm32.13.3.rel1.linux64_1.0.0.202410170706/tools/bin/../lib/gcc/arm-none-eabi/13.3.1/thumb/v7e-m+dp/hard/libgcc.a(_dvmd_tls.o)
                0x080006a8                __aeabi_ldiv0
                0x080006a8                __aeabi_idiv0
 *(.text*)
 .text.TOF_InitStruct
                0x080006ac       0xa4 ./Core/Src/VL53L1X.o
                0x080006ac                TOF_InitStruct
 .text.TOF_TurnOn
                0x08000750       0x20 ./Core/Src/VL53L1X.o
                0x08000750                TOF_TurnOn
 .text.TOF_BootSensor
                0x08000770      0x10c ./Core/Src/VL53L1X.o
                0x08000770                TOF_BootSensor
 .text.TOF_GetDistance
                0x0800087c       0x54 ./Core/Src/VL53L1X.o
                0x0800087c                TOF_GetDistance
 .text.VL53L1X_SetI2CAddress
                0x080008d0       0x36 ./Core/Src/VL53L1X_api.o
                0x080008d0                VL53L1X_SetI2CAddress
 *fill*         0x08000906        0x2 
 .text.VL53L1X_SensorInit
                0x08000908       0xd8 ./Core/Src/VL53L1X_api.o
                0x08000908                VL53L1X_SensorInit
 .text.VL53L1X_ClearInterrupt
                0x080009e0       0x30 ./Core/Src/VL53L1X_api.o
                0x080009e0                VL53L1X_ClearInterrupt
 .text.VL53L1X_GetInterruptPolarity
                0x08000a10       0x54 ./Core/Src/VL53L1X_api.o
                0x08000a10                VL53L1X_GetInterruptPolarity
 .text.VL53L1X_StartRanging
                0x08000a64       0x30 ./Core/Src/VL53L1X_api.o
                0x08000a64                VL53L1X_StartRanging
 .text.VL53L1X_StopRanging
                0x08000a94       0x30 ./Core/Src/VL53L1X_api.o
                0x08000a94                VL53L1X_StopRanging
 .text.VL53L1X_CheckForDataReady
                0x08000ac4       0x6e ./Core/Src/VL53L1X_api.o
                0x08000ac4                VL53L1X_CheckForDataReady
 .text.VL53L1X_SetTimingBudgetInMs
                0x08000b32      0x22c ./Core/Src/VL53L1X_api.o
                0x08000b32                VL53L1X_SetTimingBudgetInMs
 .text.VL53L1X_GetTimingBudgetInMs
                0x08000d5e      0x10a ./Core/Src/VL53L1X_api.o
                0x08000d5e                VL53L1X_GetTimingBudgetInMs
 .text.VL53L1X_SetDistanceMode
                0x08000e68      0x140 ./Core/Src/VL53L1X_api.o
                0x08000e68                VL53L1X_SetDistanceMode
 .text.VL53L1X_GetDistanceMode
                0x08000fa8       0x50 ./Core/Src/VL53L1X_api.o
                0x08000fa8                VL53L1X_GetDistanceMode
 .text.VL53L1X_GetSensorId
                0x08000ff8       0x40 ./Core/Src/VL53L1X_api.o
                0x08000ff8                VL53L1X_GetSensorId
 .text.VL53L1X_GetDistance
                0x08001038       0x3a ./Core/Src/VL53L1X_api.o
                0x08001038                VL53L1X_GetDistance
 .text.VL53L1X_SetROI
                0x08001072       0xa4 ./Core/Src/VL53L1X_api.o
                0x08001072                VL53L1X_SetROI
 *fill*         0x08001116        0x2 
 .text.main     0x08001118       0xa0 ./Core/Src/main.o
                0x08001118                main
 .text.SystemClock_Config
                0x080011b8       0xd8 ./Core/Src/main.o
                0x080011b8                SystemClock_Config
 .text.MX_I2C1_Init
                0x08001290       0x80 ./Core/Src/main.o
 .text.MX_USART1_UART_Init
                0x08001310       0x98 ./Core/Src/main.o
 .text.MX_GPIO_Init
                0x080013a8       0x6c ./Core/Src/main.o
 .text.MPU_Config
                0x08001414       0x58 ./Core/Src/main.o
 .text.Error_Handler
                0x0800146c        0xc ./Core/Src/main.o
                0x0800146c                Error_Handler
 .text.HAL_MspInit
                0x08001478       0x34 ./Core/Src/stm32h7xx_hal_msp.o
                0x08001478                HAL_MspInit
 .text.HAL_I2C_MspInit
                0x080014ac       0xd0 ./Core/Src/stm32h7xx_hal_msp.o
                0x080014ac                HAL_I2C_MspInit
 .text.HAL_UART_MspInit
                0x0800157c       0xd4 ./Core/Src/stm32h7xx_hal_msp.o
                0x0800157c                HAL_UART_MspInit
 .text.NMI_Handler
                0x08001650        0x8 ./Core/Src/stm32h7xx_it.o
                0x08001650                NMI_Handler
 .text.HardFault_Handler
                0x08001658        0x8 ./Core/Src/stm32h7xx_it.o
                0x08001658                HardFault_Handler
 .text.MemManage_Handler
                0x08001660        0x8 ./Core/Src/stm32h7xx_it.o
                0x08001660                MemManage_Handler
 .text.BusFault_Handler
                0x08001668        0x8 ./Core/Src/stm32h7xx_it.o
                0x08001668                BusFault_Handler
 .text.UsageFault_Handler
                0x08001670        0x8 ./Core/Src/stm32h7xx_it.o
                0x08001670                UsageFault_Handler
 .text.SVC_Handler
                0x08001678        0xe ./Core/Src/stm32h7xx_it.o
                0x08001678                SVC_Handler
 .text.DebugMon_Handler
                0x08001686        0xe ./Core/Src/stm32h7xx_it.o
                0x08001686                DebugMon_Handler
 .text.PendSV_Handler
                0x08001694        0xe ./Core/Src/stm32h7xx_it.o
                0x08001694                PendSV_Handler
 .text.SysTick_Handler
                0x080016a2        0xc ./Core/Src/stm32h7xx_it.o
                0x080016a2                SysTick_Handler
 *fill*         0x080016ae        0x2 
 .text._sbrk    0x080016b0       0x6c ./Core/Src/sysmem.o
                0x080016b0                _sbrk
 .text.SystemInit
                0x0800171c      0x140 ./Core/Src/system_stm32h7xx.o
                0x0800171c                SystemInit
 .text.ExitRun0Mode
                0x0800185c       0x30 ./Core/Src/system_stm32h7xx.o
                0x0800185c                ExitRun0Mode
 .text._GetTof  0x0800188c       0x60 ./Core/Src/vl53l1_platform.o
                0x0800188c                _GetTof
 .text._I2CWrite
                0x080018ec       0x46 ./Core/Src/vl53l1_platform.o
                0x080018ec                _I2CWrite
 .text._I2CRead
                0x08001932       0x46 ./Core/Src/vl53l1_platform.o
                0x08001932                _I2CRead
 .text.VL53L1_WrByte
                0x08001978       0x58 ./Core/Src/vl53l1_platform.o
                0x08001978                VL53L1_WrByte
 .text.VL53L1_WrWord
                0x080019d0       0x68 ./Core/Src/vl53l1_platform.o
                0x080019d0                VL53L1_WrWord
 .text.VL53L1_RdByte
                0x08001a38       0x70 ./Core/Src/vl53l1_platform.o
                0x08001a38                VL53L1_RdByte
 .text.VL53L1_RdWord
                0x08001aa8       0x80 ./Core/Src/vl53l1_platform.o
                0x08001aa8                VL53L1_RdWord
 .text.Reset_Handler
                0x08001b28       0x54 ./Core/Startup/startup_stm32h750vbtx.o
                0x08001b28                Reset_Handler
 .text.Default_Handler
                0x08001b7c        0x2 ./Core/Startup/startup_stm32h750vbtx.o
                0x08001b7c                RTC_Alarm_IRQHandler
                0x08001b7c                HASH_RNG_IRQHandler
                0x08001b7c                EXTI2_IRQHandler
                0x08001b7c                TIM8_CC_IRQHandler
                0x08001b7c                HRTIM1_Master_IRQHandler
                0x08001b7c                UART8_IRQHandler
                0x08001b7c                SPI4_IRQHandler
                0x08001b7c                TIM1_CC_IRQHandler
                0x08001b7c                BDMA_Channel6_IRQHandler
                0x08001b7c                DMA2_Stream5_IRQHandler
                0x08001b7c                HRTIM1_FLT_IRQHandler
                0x08001b7c                JPEG_IRQHandler
                0x08001b7c                DMA1_Stream5_IRQHandler
                0x08001b7c                BDMA_Channel1_IRQHandler
                0x08001b7c                HRTIM1_TIMD_IRQHandler
                0x08001b7c                TAMP_STAMP_IRQHandler
                0x08001b7c                EXTI3_IRQHandler
                0x08001b7c                LPTIM4_IRQHandler
                0x08001b7c                TIM8_TRG_COM_TIM14_IRQHandler
                0x08001b7c                LPTIM2_IRQHandler
                0x08001b7c                DFSDM1_FLT1_IRQHandler
                0x08001b7c                DMAMUX2_OVR_IRQHandler
                0x08001b7c                TIM8_UP_TIM13_IRQHandler
                0x08001b7c                I2C3_ER_IRQHandler
                0x08001b7c                DFSDM1_FLT2_IRQHandler
                0x08001b7c                MDMA_IRQHandler
                0x08001b7c                LPTIM3_IRQHandler
                0x08001b7c                HSEM1_IRQHandler
                0x08001b7c                EXTI0_IRQHandler
                0x08001b7c                I2C2_EV_IRQHandler
                0x08001b7c                DMA1_Stream2_IRQHandler
                0x08001b7c                FPU_IRQHandler
                0x08001b7c                OTG_HS_WKUP_IRQHandler
                0x08001b7c                FDCAN1_IT1_IRQHandler
                0x08001b7c                LTDC_ER_IRQHandler
                0x08001b7c                DMA2_Stream2_IRQHandler
                0x08001b7c                HRTIM1_TIME_IRQHandler
                0x08001b7c                SPI1_IRQHandler
                0x08001b7c                TIM6_DAC_IRQHandler
                0x08001b7c                DCMI_IRQHandler
                0x08001b7c                HRTIM1_TIMC_IRQHandler
                0x08001b7c                DMA2_Stream3_IRQHandler
                0x08001b7c                SAI2_IRQHandler
                0x08001b7c                DFSDM1_FLT3_IRQHandler
                0x08001b7c                USART6_IRQHandler
                0x08001b7c                TIM17_IRQHandler
                0x08001b7c                USART3_IRQHandler
                0x08001b7c                BDMA_Channel7_IRQHandler
                0x08001b7c                CRYP_IRQHandler
                0x08001b7c                LPTIM5_IRQHandler
                0x08001b7c                UART5_IRQHandler
                0x08001b7c                ADC3_IRQHandler
                0x08001b7c                DMA2_Stream0_IRQHandler
                0x08001b7c                TIM4_IRQHandler
                0x08001b7c                BDMA_Channel2_IRQHandler
                0x08001b7c                QUADSPI_IRQHandler
                0x08001b7c                I2C1_EV_IRQHandler
                0x08001b7c                DMA1_Stream6_IRQHandler
                0x08001b7c                DMAMUX1_OVR_IRQHandler
                0x08001b7c                DMA1_Stream1_IRQHandler
                0x08001b7c                TIM16_IRQHandler
                0x08001b7c                UART4_IRQHandler
                0x08001b7c                BDMA_Channel5_IRQHandler
                0x08001b7c                TIM3_IRQHandler
                0x08001b7c                RCC_IRQHandler
                0x08001b7c                TIM8_BRK_TIM12_IRQHandler
                0x08001b7c                TIM1_TRG_COM_IRQHandler
                0x08001b7c                Default_Handler
                0x08001b7c                ECC_IRQHandler
                0x08001b7c                CEC_IRQHandler
                0x08001b7c                EXTI15_10_IRQHandler
                0x08001b7c                BDMA_Channel0_IRQHandler
                0x08001b7c                ADC_IRQHandler
                0x08001b7c                DMA1_Stream7_IRQHandler
                0x08001b7c                HRTIM1_TIMA_IRQHandler
                0x08001b7c                SPI5_IRQHandler
                0x08001b7c                TIM7_IRQHandler
                0x08001b7c                SDMMC1_IRQHandler
                0x08001b7c                TIM5_IRQHandler
                0x08001b7c                DMA2_Stream7_IRQHandler
                0x08001b7c                TIM15_IRQHandler
                0x08001b7c                PVD_AVD_IRQHandler
                0x08001b7c                I2C3_EV_IRQHandler
                0x08001b7c                EXTI9_5_IRQHandler
                0x08001b7c                RTC_WKUP_IRQHandler
                0x08001b7c                LTDC_IRQHandler
                0x08001b7c                SAI3_IRQHandler
                0x08001b7c                ETH_WKUP_IRQHandler
                0x08001b7c                SPDIF_RX_IRQHandler
                0x08001b7c                SPI2_IRQHandler
                0x08001b7c                OTG_HS_EP1_IN_IRQHandler
                0x08001b7c                DMA1_Stream0_IRQHandler
                0x08001b7c                CRS_IRQHandler
                0x08001b7c                EXTI4_IRQHandler
                0x08001b7c                HRTIM1_TIMB_IRQHandler
                0x08001b7c                FDCAN2_IT1_IRQHandler
                0x08001b7c                ETH_IRQHandler
                0x08001b7c                TIM1_UP_IRQHandler
                0x08001b7c                BDMA_Channel4_IRQHandler
                0x08001b7c                OTG_HS_EP1_OUT_IRQHandler
                0x08001b7c                WWDG_IRQHandler
                0x08001b7c                SPI6_IRQHandler
                0x08001b7c                MDIOS_IRQHandler
                0x08001b7c                I2C4_EV_IRQHandler
                0x08001b7c                FDCAN2_IT0_IRQHandler
                0x08001b7c                LPUART1_IRQHandler
                0x08001b7c                FDCAN1_IT0_IRQHandler
                0x08001b7c                TIM2_IRQHandler
                0x08001b7c                OTG_FS_WKUP_IRQHandler
                0x08001b7c                OTG_HS_IRQHandler
                0x08001b7c                DMA2D_IRQHandler
                0x08001b7c                TIM1_BRK_IRQHandler
                0x08001b7c                EXTI1_IRQHandler
                0x08001b7c                SDMMC2_IRQHandler
                0x08001b7c                OTG_FS_EP1_OUT_IRQHandler
                0x08001b7c                BDMA_Channel3_IRQHandler
                0x08001b7c                UART7_IRQHandler
                0x08001b7c                MDIOS_WKUP_IRQHandler
                0x08001b7c                USART2_IRQHandler
                0x08001b7c                DFSDM1_FLT0_IRQHandler
                0x08001b7c                SAI4_IRQHandler
                0x08001b7c                I2C2_ER_IRQHandler
                0x08001b7c                DMA2_Stream1_IRQHandler
                0x08001b7c                FLASH_IRQHandler
                0x08001b7c                DMA2_Stream4_IRQHandler
                0x08001b7c                USART1_IRQHandler
                0x08001b7c                OTG_FS_IRQHandler
                0x08001b7c                SPI3_IRQHandler
                0x08001b7c                WAKEUP_PIN_IRQHandler
                0x08001b7c                DMA1_Stream4_IRQHandler
                0x08001b7c                OTG_FS_EP1_IN_IRQHandler
                0x08001b7c                I2C1_ER_IRQHandler
                0x08001b7c                FMC_IRQHandler
                0x08001b7c                FDCAN_CAL_IRQHandler
                0x08001b7c                SWPMI1_IRQHandler
                0x08001b7c                COMP1_IRQHandler
                0x08001b7c                LPTIM1_IRQHandler
                0x08001b7c                I2C4_ER_IRQHandler
                0x08001b7c                DMA2_Stream6_IRQHandler
                0x08001b7c                SAI1_IRQHandler
                0x08001b7c                DMA1_Stream3_IRQHandler
 *fill*         0x08001b7e        0x2 
 .text.HAL_Init
                0x08001b80       0x78 ./Drivers/STM32H7xx_HAL_Driver/Src/stm32h7xx_hal.o
                0x08001b80                HAL_Init
 .text.HAL_InitTick
                0x08001bf8       0x6c ./Drivers/STM32H7xx_HAL_Driver/Src/stm32h7xx_hal.o
                0x08001bf8                HAL_InitTick
 .text.HAL_IncTick
                0x08001c64       0x28 ./Drivers/STM32H7xx_HAL_Driver/Src/stm32h7xx_hal.o
                0x08001c64                HAL_IncTick
 .text.HAL_GetTick
                0x08001c8c       0x18 ./Drivers/STM32H7xx_HAL_Driver/Src/stm32h7xx_hal.o
                0x08001c8c                HAL_GetTick
 .text.HAL_Delay
                0x08001ca4       0x48 ./Drivers/STM32H7xx_HAL_Driver/Src/stm32h7xx_hal.o
                0x08001ca4                HAL_Delay
 .text.HAL_GetREVID
                0x08001cec       0x18 ./Drivers/STM32H7xx_HAL_Driver/Src/stm32h7xx_hal.o
                0x08001cec                HAL_GetREVID
 .text.__NVIC_SetPriorityGrouping
                0x08001d04       0x48 ./Drivers/STM32H7xx_HAL_Driver/Src/stm32h7xx_hal_cortex.o
 .text.__NVIC_GetPriorityGrouping
                0x08001d4c       0x1c ./Drivers/STM32H7xx_HAL_Driver/Src/stm32h7xx_hal_cortex.o
 .text.__NVIC_SetPriority
                0x08001d68       0x54 ./Drivers/STM32H7xx_HAL_Driver/Src/stm32h7xx_hal_cortex.o
 .text.NVIC_EncodePriority
                0x08001dbc       0x66 ./Drivers/STM32H7xx_HAL_Driver/Src/stm32h7xx_hal_cortex.o
 *fill*         0x08001e22        0x2 
 .text.SysTick_Config
                0x08001e24       0x44 ./Drivers/STM32H7xx_HAL_Driver/Src/stm32h7xx_hal_cortex.o
 .text.HAL_NVIC_SetPriorityGrouping
                0x08001e68       0x16 ./Drivers/STM32H7xx_HAL_Driver/Src/stm32h7xx_hal_cortex.o
                0x08001e68                HAL_NVIC_SetPriorityGrouping
 .text.HAL_NVIC_SetPriority
                0x08001e7e       0x34 ./Drivers/STM32H7xx_HAL_Driver/Src/stm32h7xx_hal_cortex.o
                0x08001e7e                HAL_NVIC_SetPriority
 .text.HAL_SYSTICK_Config
                0x08001eb2       0x18 ./Drivers/STM32H7xx_HAL_Driver/Src/stm32h7xx_hal_cortex.o
                0x08001eb2                HAL_SYSTICK_Config
 *fill*         0x08001eca        0x2 
 .text.HAL_MPU_Disable
                0x08001ecc       0x30 ./Drivers/STM32H7xx_HAL_Driver/Src/stm32h7xx_hal_cortex.o
                0x08001ecc                HAL_MPU_Disable
 .text.HAL_MPU_Enable
                0x08001efc       0x40 ./Drivers/STM32H7xx_HAL_Driver/Src/stm32h7xx_hal_cortex.o
                0x08001efc                HAL_MPU_Enable
 .text.HAL_MPU_ConfigRegion
                0x08001f3c       0x80 ./Drivers/STM32H7xx_HAL_Driver/Src/stm32h7xx_hal_cortex.o
                0x08001f3c                HAL_MPU_ConfigRegion
 .text.HAL_GPIO_Init
                0x08001fbc      0x360 ./Drivers/STM32H7xx_HAL_Driver/Src/stm32h7xx_hal_gpio.o
                0x08001fbc                HAL_GPIO_Init
 .text.HAL_GPIO_WritePin
                0x0800231c       0x32 ./Drivers/STM32H7xx_HAL_Driver/Src/stm32h7xx_hal_gpio.o
                0x0800231c                HAL_GPIO_WritePin
 *fill*         0x0800234e        0x2 
 .text.HAL_I2C_Init
                0x08002350      0x138 ./Drivers/STM32H7xx_HAL_Driver/Src/stm32h7xx_hal_i2c.o
                0x08002350                HAL_I2C_Init
 .text.HAL_I2C_Master_Transmit
                0x08002488      0x230 ./Drivers/STM32H7xx_HAL_Driver/Src/stm32h7xx_hal_i2c.o
                0x08002488                HAL_I2C_Master_Transmit
 .text.HAL_I2C_Master_Receive
                0x080026b8      0x1ec ./Drivers/STM32H7xx_HAL_Driver/Src/stm32h7xx_hal_i2c.o
                0x080026b8                HAL_I2C_Master_Receive
 .text.I2C_Flush_TXDR
                0x080028a4       0x48 ./Drivers/STM32H7xx_HAL_Driver/Src/stm32h7xx_hal_i2c.o
 .text.I2C_WaitOnFlagUntilTimeout
                0x080028ec       0xb2 ./Drivers/STM32H7xx_HAL_Driver/Src/stm32h7xx_hal_i2c.o
 .text.I2C_WaitOnTXISFlagUntilTimeout
                0x0800299e       0x8e ./Drivers/STM32H7xx_HAL_Driver/Src/stm32h7xx_hal_i2c.o
 .text.I2C_WaitOnSTOPFlagUntilTimeout
                0x08002a2c       0x86 ./Drivers/STM32H7xx_HAL_Driver/Src/stm32h7xx_hal_i2c.o
 *fill*         0x08002ab2        0x2 
 .text.I2C_WaitOnRXNEFlagUntilTimeout
                0x08002ab4      0x118 ./Drivers/STM32H7xx_HAL_Driver/Src/stm32h7xx_hal_i2c.o
 .text.I2C_IsErrorOccurred
                0x08002bcc      0x1c0 ./Drivers/STM32H7xx_HAL_Driver/Src/stm32h7xx_hal_i2c.o
 .text.I2C_TransferConfig
                0x08002d8c       0x64 ./Drivers/STM32H7xx_HAL_Driver/Src/stm32h7xx_hal_i2c.o
 .text.HAL_I2CEx_ConfigAnalogFilter
                0x08002df0       0x96 ./Drivers/STM32H7xx_HAL_Driver/Src/stm32h7xx_hal_i2c_ex.o
                0x08002df0                HAL_I2CEx_ConfigAnalogFilter
 .text.HAL_I2CEx_ConfigDigitalFilter
                0x08002e86       0x98 ./Drivers/STM32H7xx_HAL_Driver/Src/stm32h7xx_hal_i2c_ex.o
                0x08002e86                HAL_I2CEx_ConfigDigitalFilter
 *fill*         0x08002f1e        0x2 
 .text.HAL_PWREx_ConfigSupply
                0x08002f20       0x74 ./Drivers/STM32H7xx_HAL_Driver/Src/stm32h7xx_hal_pwr_ex.o
                0x08002f20                HAL_PWREx_ConfigSupply
 .text.HAL_RCC_OscConfig
                0x08002f94      0x8b4 ./Drivers/STM32H7xx_HAL_Driver/Src/stm32h7xx_hal_rcc.o
                0x08002f94                HAL_RCC_OscConfig
 .text.HAL_RCC_ClockConfig
                0x08003848      0x36c ./Drivers/STM32H7xx_HAL_Driver/Src/stm32h7xx_hal_rcc.o
                0x08003848                HAL_RCC_ClockConfig
 .text.HAL_RCC_GetSysClockFreq
                0x08003bb4      0x2f4 ./Drivers/STM32H7xx_HAL_Driver/Src/stm32h7xx_hal_rcc.o
                0x08003bb4                HAL_RCC_GetSysClockFreq
 .text.HAL_RCC_GetHCLKFreq
                0x08003ea8       0x60 ./Drivers/STM32H7xx_HAL_Driver/Src/stm32h7xx_hal_rcc.o
                0x08003ea8                HAL_RCC_GetHCLKFreq
 .text.HAL_RCC_GetPCLK1Freq
                0x08003f08       0x2c ./Drivers/STM32H7xx_HAL_Driver/Src/stm32h7xx_hal_rcc.o
                0x08003f08                HAL_RCC_GetPCLK1Freq
 .text.HAL_RCC_GetPCLK2Freq
                0x08003f34       0x2c ./Drivers/STM32H7xx_HAL_Driver/Src/stm32h7xx_hal_rcc.o
                0x08003f34                HAL_RCC_GetPCLK2Freq
 .text.HAL_RCCEx_PeriphCLKConfig
                0x08003f60     0x1414 ./Drivers/STM32H7xx_HAL_Driver/Src/stm32h7xx_hal_rcc_ex.o
                0x08003f60                HAL_RCCEx_PeriphCLKConfig
 .text.HAL_RCCEx_GetD3PCLK1Freq
                0x08005374       0x2c ./Drivers/STM32H7xx_HAL_Driver/Src/stm32h7xx_hal_rcc_ex.o
                0x08005374                HAL_RCCEx_GetD3PCLK1Freq
 .text.HAL_RCCEx_GetPLL2ClockFreq
                0x080053a0      0x2a8 ./Drivers/STM32H7xx_HAL_Driver/Src/stm32h7xx_hal_rcc_ex.o
                0x080053a0                HAL_RCCEx_GetPLL2ClockFreq
 .text.HAL_RCCEx_GetPLL3ClockFreq
                0x08005648      0x2a8 ./Drivers/STM32H7xx_HAL_Driver/Src/stm32h7xx_hal_rcc_ex.o
                0x08005648                HAL_RCCEx_GetPLL3ClockFreq
 .text.RCCEx_PLL2_Config
                0x080058f0      0x164 ./Drivers/STM32H7xx_HAL_Driver/Src/stm32h7xx_hal_rcc_ex.o
 .text.RCCEx_PLL3_Config
                0x08005a54      0x164 ./Drivers/STM32H7xx_HAL_Driver/Src/stm32h7xx_hal_rcc_ex.o
 .text.HAL_UART_Init
                0x08005bb8       0xa0 ./Drivers/STM32H7xx_HAL_Driver/Src/stm32h7xx_hal_uart.o
                0x08005bb8                HAL_UART_Init
 .text.HAL_UART_Transmit
                0x08005c58      0x11c ./Drivers/STM32H7xx_HAL_Driver/Src/stm32h7xx_hal_uart.o
                0x08005c58                HAL_UART_Transmit
 .text.UART_SetConfig
                0x08005d74      0xad0 ./Drivers/STM32H7xx_HAL_Driver/Src/stm32h7xx_hal_uart.o
                0x08005d74                UART_SetConfig
 .text.UART_AdvFeatureConfig
                0x08006844      0x144 ./Drivers/STM32H7xx_HAL_Driver/Src/stm32h7xx_hal_uart.o
                0x08006844                UART_AdvFeatureConfig
 .text.UART_CheckIdleState
                0x08006988      0x154 ./Drivers/STM32H7xx_HAL_Driver/Src/stm32h7xx_hal_uart.o
                0x08006988                UART_CheckIdleState
 .text.UART_WaitOnFlagUntilTimeout
                0x08006adc       0xda ./Drivers/STM32H7xx_HAL_Driver/Src/stm32h7xx_hal_uart.o
                0x08006adc                UART_WaitOnFlagUntilTimeout
 *fill*         0x08006bb6        0x2 
 .text.UART_EndRxTransfer
                0x08006bb8       0xcc ./Drivers/STM32H7xx_HAL_Driver/Src/stm32h7xx_hal_uart.o
 .text.HAL_UARTEx_DisableFifoMode
                0x08006c84       0x72 ./Drivers/STM32H7xx_HAL_Driver/Src/stm32h7xx_hal_uart_ex.o
                0x08006c84                HAL_UARTEx_DisableFifoMode
 .text.HAL_UARTEx_SetTxFifoThreshold
                0x08006cf6       0x7c ./Drivers/STM32H7xx_HAL_Driver/Src/stm32h7xx_hal_uart_ex.o
                0x08006cf6                HAL_UARTEx_SetTxFifoThreshold
 .text.HAL_UARTEx_SetRxFifoThreshold
                0x08006d72       0x7c ./Drivers/STM32H7xx_HAL_Driver/Src/stm32h7xx_hal_uart_ex.o
                0x08006d72                HAL_UARTEx_SetRxFifoThreshold
 *fill*         0x08006dee        0x2 
 .text.UARTEx_SetNbDataToProcess
                0x08006df0       0x9c ./Drivers/STM32H7xx_HAL_Driver/Src/stm32h7xx_hal_uart_ex.o
 .text.sprintf  0x08006e8c       0x44 /opt/st/stm32cubeide_1.19.0/plugins/com.st.stm32cube.ide.mcu.externaltools.gnu-tools-for-stm32.13.3.rel1.linux64_1.0.0.202410170706/tools/bin/../lib/gcc/arm-none-eabi/13.3.1/../../../../arm-none-eabi/lib/thumb/v7e-m+dp/hard/libc_nano.a(libc_a-sprintf.o)
                0x08006e8c                sprintf
                0x08006e8c                siprintf
 .text.memset   0x08006ed0       0x10 /opt/st/stm32cubeide_1.19.0/plugins/com.st.stm32cube.ide.mcu.externaltools.gnu-tools-for-stm32.13.3.rel1.linux64_1.0.0.202410170706/tools/bin/../lib/gcc/arm-none-eabi/13.3.1/../../../../arm-none-eabi/lib/thumb/v7e-m+dp/hard/libc_nano.a(libc_a-memset.o)
                0x08006ed0                memset
 .text.__errno  0x08006ee0        0xc /opt/st/stm32cubeide_1.19.0/plugins/com.st.stm32cube.ide.mcu.externaltools.gnu-tools-for-stm32.13.3.rel1.linux64_1.0.0.202410170706/tools/bin/../lib/gcc/arm-none-eabi/13.3.1/../../../../arm-none-eabi/lib/thumb/v7e-m+dp/hard/libc_nano.a(libc_a-errno.o)
                0x08006ee0                __errno
 .text.__libc_init_array
                0x08006eec       0x48 /opt/st/stm32cubeide_1.19.0/plugins/com.st.stm32cube.ide.mcu.externaltools.gnu-tools-for-stm32.13.3.rel1.linux64_1.0.0.202410170706/tools/bin/../lib/gcc/arm-none-eabi/13.3.1/../../../../arm-none-eabi/lib/thumb/v7e-m+dp/hard/libc_nano.a(libc_a-init.o)
                0x08006eec                __libc_init_array
 .text.__retarget_lock_acquire_recursive
                0x08006f34        0x2 /opt/st/stm32cubeide_1.19.0/plugins/com.st.stm32cube.ide.mcu.externaltools.gnu-tools-for-stm32.13.3.rel1.linux64_1.0.0.202410170706/tools/bin/../lib/gcc/arm-none-eabi/13.3.1/../../../../arm-none-eabi/lib/thumb/v7e-m+dp/hard/libc_nano.a(libc_a-lock.o)
                0x08006f34                __retarget_lock_acquire_recursive
 .text.__retarget_lock_release_recursive
                0x08006f36        0x2 /opt/st/stm32cubeide_1.19.0/plugins/com.st.stm32cube.ide.mcu.externaltools.gnu-tools-for-stm32.13.3.rel1.linux64_1.0.0.202410170706/tools/bin/../lib/gcc/arm-none-eabi/13.3.1/../../../../arm-none-eabi/lib/thumb/v7e-m+dp/hard/libc_nano.a(libc_a-lock.o)
                0x08006f36                __retarget_lock_release_recursive
 .text.memcpy   0x08006f38       0x1c /opt/st/stm32cubeide_1.19.0/plugins/com.st.stm32cube.ide.mcu.externaltools.gnu-tools-for-stm32.13.3.rel1.linux64_1.0.0.202410170706/tools/bin/../lib/gcc/arm-none-eabi/13.3.1/../../../../arm-none-eabi/lib/thumb/v7e-m+dp/hard/libc_nano.a(libc_a-memcpy-stub.o)
                0x08006f38                memcpy
 .text._free_r  0x08006f54       0x94 /opt/st/stm32cubeide_1.19.0/plugins/com.st.stm32cube.ide.mcu.externaltools.gnu-tools-for-stm32.13.3.rel1.linux64_1.0.0.202410170706/tools/bin/../lib/gcc/arm-none-eabi/13.3.1/../../../../arm-none-eabi/lib/thumb/v7e-m+dp/hard/libc_nano.a(libc_a-freer.o)
                0x08006f54                _free_r
 .text.sbrk_aligned
                0x08006fe8       0x44 /opt/st/stm32cubeide_1.19.0/plugins/com.st.stm32cube.ide.mcu.externaltools.gnu-tools-for-stm32.13.3.rel1.linux64_1.0.0.202410170706/tools/bin/../lib/gcc/arm-none-eabi/13.3.1/../../../../arm-none-eabi/lib/thumb/v7e-m+dp/hard/libc_nano.a(libc_a-mallocr.o)
 .text._malloc_r
                0x0800702c      0x100 /opt/st/stm32cubeide_1.19.0/plugins/com.st.stm32cube.ide.mcu.externaltools.gnu-tools-for-stm32.13.3.rel1.linux64_1.0.0.202410170706/tools/bin/../lib/gcc/arm-none-eabi/13.3.1/../../../../arm-none-eabi/lib/thumb/v7e-m+dp/hard/libc_nano.a(libc_a-mallocr.o)
                0x0800702c                _malloc_r
 .text.__malloc_lock
                0x0800712c        0xc /opt/st/stm32cubeide_1.19.0/plugins/com.st.stm32cube.ide.mcu.externaltools.gnu-tools-for-stm32.13.3.rel1.linux64_1.0.0.202410170706/tools/bin/../lib/gcc/arm-none-eabi/13.3.1/../../../../arm-none-eabi/lib/thumb/v7e-m+dp/hard/libc_nano.a(libc_a-mlock.o)
                0x0800712c                __malloc_lock
 .text.__malloc_unlock
                0x08007138        0xc /opt/st/stm32cubeide_1.19.0/plugins/com.st.stm32cube.ide.mcu.externaltools.gnu-tools-for-stm32.13.3.rel1.linux64_1.0.0.202410170706/tools/bin/../lib/gcc/arm-none-eabi/13.3.1/../../../../arm-none-eabi/lib/thumb/v7e-m+dp/hard/libc_nano.a(libc_a-mlock.o)
                0x08007138                __malloc_unlock
 .text.__ssputs_r
                0x08007144       0xb6 /opt/st/stm32cubeide_1.19.0/plugins/com.st.stm32cube.ide.mcu.externaltools.gnu-tools-for-stm32.13.3.rel1.linux64_1.0.0.202410170706/tools/bin/../lib/gcc/arm-none-eabi/13.3.1/../../../../arm-none-eabi/lib/thumb/v7e-m+dp/hard/libc_nano.a(libc_a-nano-svfprintf.o)
                0x08007144                __ssputs_r
 *fill*         0x080071fa        0x2 
 .text._svfprintf_r
                0x080071fc      0x1f8 /opt/st/stm32cubeide_1.19.0/plugins/com.st.stm32cube.ide.mcu.externaltools.gnu-tools-for-stm32.13.3.rel1.linux64_1.0.0.202410170706/tools/bin/../lib/gcc/arm-none-eabi/13.3.1/../../../../arm-none-eabi/lib/thumb/v7e-m+dp/hard/libc_nano.a(libc_a-nano-svfprintf.o)
                0x080071fc                _svfprintf_r
                0x080071fc                _svfiprintf_r
 .text._printf_common
                0x080073f4       0xda /opt/st/stm32cubeide_1.19.0/plugins/com.st.stm32cube.ide.mcu.externaltools.gnu-tools-for-stm32.13.3.rel1.linux64_1.0.0.202410170706/tools/bin/../lib/gcc/arm-none-eabi/13.3.1/../../../../arm-none-eabi/lib/thumb/v7e-m+dp/hard/libc_nano.a(libc_a-nano-vfprintf_i.o)
                0x080073f4                _printf_common
 *fill*         0x080074ce        0x2 
 .text._printf_i
                0x080074d0      0x23c /opt/st/stm32cubeide_1.19.0/plugins/com.st.stm32cube.ide.mcu.externaltools.gnu-tools-for-stm32.13.3.rel1.linux64_1.0.0.202410170706/tools/bin/../lib/gcc/arm-none-eabi/13.3.1/../../../../arm-none-eabi/lib/thumb/v7e-m+dp/hard/libc_nano.a(libc_a-nano-vfprintf_i.o)
                0x080074d0                _printf_i
 .text.memmove  0x0800770c       0x34 /opt/st/stm32cubeide_1.19.0/plugins/com.st.stm32cube.ide.mcu.externaltools.gnu-tools-for-stm32.13.3.rel1.linux64_1.0.0.202410170706/tools/bin/../lib/gcc/arm-none-eabi/13.3.1/../../../../arm-none-eabi/lib/thumb/v7e-m+dp/hard/libc_nano.a(libc_a-memmove.o)
                0x0800770c                memmove
 .text._sbrk_r  0x08007740       0x20 /opt/st/stm32cubeide_1.19.0/plugins/com.st.stm32cube.ide.mcu.externaltools.gnu-tools-for-stm32.13.3.rel1.linux64_1.0.0.202410170706/tools/bin/../lib/gcc/arm-none-eabi/13.3.1/../../../../arm-none-eabi/lib/thumb/v7e-m+dp/hard/libc_nano.a(libc_a-sbrkr.o)
                0x08007740                _sbrk_r
 .text._realloc_r
                0x08007760       0x5c /opt/st/stm32cubeide_1.19.0/plugins/com.st.stm32cube.ide.mcu.externaltools.gnu-tools-for-stm32.13.3.rel1.linux64_1.0.0.202410170706/tools/bin/../lib/gcc/arm-none-eabi/13.3.1/../../../../arm-none-eabi/lib/thumb/v7e-m+dp/hard/libc_nano.a(libc_a-reallocr.o)
                0x08007760                _realloc_r
 .text._malloc_usable_size_r
                0x080077bc       0x10 /opt/st/stm32cubeide_1.19.0/plugins/com.st.stm32cube.ide.mcu.externaltools.gnu-tools-for-stm32.13.3.rel1.linux64_1.0.0.202410170706/tools/bin/../lib/gcc/arm-none-eabi/13.3.1/../../../../arm-none-eabi/lib/thumb/v7e-m+dp/hard/libc_nano.a(libc_a-msizer.o)
                0x080077bc                _malloc_usable_size_r
 *(.glue_7)
 .glue_7        0x080077cc        0x0 linker stubs
 *(.glue_7t)
 .glue_7t       0x080077cc        0x0 linker stubs
 *(.eh_frame)
 .eh_frame      0x080077cc        0x0 /opt/st/stm32cubeide_1.19.0/plugins/com.st.stm32cube.ide.mcu.externaltools.gnu-tools-for-stm32.13.3.rel1.linux64_1.0.0.202410170706/tools/bin/../lib/gcc/arm-none-eabi/13.3.1/thumb/v7e-m+dp/hard/crtbegin.o
 *(.init)
 .init          0x080077cc        0x4 /opt/st/stm32cubeide_1.19.0/plugins/com.st.stm32cube.ide.mcu.externaltools.gnu-tools-for-stm32.13.3.rel1.linux64_1.0.0.202410170706/tools/bin/../lib/gcc/arm-none-eabi/13.3.1/thumb/v7e-m+dp/hard/crti.o
                0x080077cc                _init
 .init          0x080077d0        0x8 /opt/st/stm32cubeide_1.19.0/plugins/com.st.stm32cube.ide.mcu.externaltools.gnu-tools-for-stm32.13.3.rel1.linux64_1.0.0.202410170706/tools/bin/../lib/gcc/arm-none-eabi/13.3.1/thumb/v7e-m+dp/hard/crtn.o
 *(.fini)
 .fini          0x080077d8        0x4 /opt/st/stm32cubeide_1.19.0/plugins/com.st.stm32cube.ide.mcu.externaltools.gnu-tools-for-stm32.13.3.rel1.linux64_1.0.0.202410170706/tools/bin/../lib/gcc/arm-none-eabi/13.3.1/thumb/v7e-m+dp/hard/crti.o
                0x080077d8                _fini
 .fini          0x080077dc        0x8 /opt/st/stm32cubeide_1.19.0/plugins/com.st.stm32cube.ide.mcu.externaltools.gnu-tools-for-stm32.13.3.rel1.linux64_1.0.0.202410170706/tools/bin/../lib/gcc/arm-none-eabi/13.3.1/thumb/v7e-m+dp/hard/crtn.o
                0x080077e4                        . = ALIGN (0x4)
                0x080077e4                        _etext = .

.vfp11_veneer   0x080077e4        0x0
 .vfp11_veneer  0x080077e4        0x0 linker stubs

.v4_bx          0x080077e4        0x0
 .v4_bx         0x080077e4        0x0 linker stubs

.iplt           0x080077e4        0x0
 .iplt          0x080077e4        0x0 /opt/st/stm32cubeide_1.19.0/plugins/com.st.stm32cube.ide.mcu.externaltools.gnu-tools-for-stm32.13.3.rel1.linux64_1.0.0.202410170706/tools/bin/../lib/gcc/arm-none-eabi/13.3.1/thumb/v7e-m+dp/hard/crtbegin.o

.rodata         0x080077e4      0x294
                0x080077e4                        . = ALIGN (0x4)
 *(.rodata)
 .rodata        0x080077e4      0x1c0 ./Core/Src/VL53L1X.o
 .rodata        0x080079a4        0x8 ./Core/Src/main.o
 *(.rodata*)
 .rodata.registered_sensors_cnt
                0x080079ac        0x4 ./Core/Src/VL53L1X.o
                0x080079ac                registered_sensors_cnt
 .rodata.VL51L1X_DEFAULT_CONFIGURATION
                0x080079b0       0x5b ./Core/Src/VL53L1X_api.o
                0x080079b0                VL51L1X_DEFAULT_CONFIGURATION
 *fill*         0x08007a0b        0x1 
 .rodata.D1CorePrescTable
                0x08007a0c       0x10 ./Core/Src/system_stm32h7xx.o
                0x08007a0c                D1CorePrescTable
 .rodata.UARTPrescTable
                0x08007a1c       0x18 ./Drivers/STM32H7xx_HAL_Driver/Src/stm32h7xx_hal_uart.o
                0x08007a1c                UARTPrescTable
 .rodata.numerator.1
                0x08007a34        0x8 ./Drivers/STM32H7xx_HAL_Driver/Src/stm32h7xx_hal_uart_ex.o
 .rodata.denominator.0
                0x08007a3c        0x8 ./Drivers/STM32H7xx_HAL_Driver/Src/stm32h7xx_hal_uart_ex.o
 .rodata._svfprintf_r.str1.1
                0x08007a44       0x33 /opt/st/stm32cubeide_1.19.0/plugins/com.st.stm32cube.ide.mcu.externaltools.gnu-tools-for-stm32.13.3.rel1.linux64_1.0.0.202410170706/tools/bin/../lib/gcc/arm-none-eabi/13.3.1/../../../../arm-none-eabi/lib/thumb/v7e-m+dp/hard/libc_nano.a(libc_a-nano-svfprintf.o)
                                 0x11 (size before relaxing)
 .rodata._printf_i.str1.1
                0x08007a77       0x22 /opt/st/stm32cubeide_1.19.0/plugins/com.st.stm32cube.ide.mcu.externaltools.gnu-tools-for-stm32.13.3.rel1.linux64_1.0.0.202410170706/tools/bin/../lib/gcc/arm-none-eabi/13.3.1/../../../../arm-none-eabi/lib/thumb/v7e-m+dp/hard/libc_nano.a(libc_a-nano-vfprintf_i.o)
                0x08007a9c                        . = ALIGN (0x4)
 *fill*         0x08007a77        0x1 

.ARM.extab
 *(.ARM.extab* .gnu.linkonce.armextab.*)

.ARM            0x08007a78        0x8
                0x08007a78                        __exidx_start = .
 *(.ARM.exidx*)
 .ARM.exidx     0x08007a78        0x8 /opt/st/stm32cubeide_1.19.0/plugins/com.st.stm32cube.ide.mcu.externaltools.gnu-tools-for-stm32.13.3.rel1.linux64_1.0.0.202410170706/tools/bin/../lib/gcc/arm-none-eabi/13.3.1/../../../../arm-none-eabi/lib/thumb/v7e-m+dp/hard/libc_nano.a(libc_a-memchr.o)
 .ARM.exidx     0x08007a80        0x0 /opt/st/stm32cubeide_1.19.0/plugins/com.st.stm32cube.ide.mcu.externaltools.gnu-tools-for-stm32.13.3.rel1.linux64_1.0.0.202410170706/tools/bin/../lib/gcc/arm-none-eabi/13.3.1/thumb/v7e-m+dp/hard/libgcc.a(_udivmoddi4.o)
                                  0x8 (size before relaxing)
                0x08007a80                        __exidx_end = .

.preinit_array  0x08007a80        0x0
                0x08007a80                        PROVIDE (__preinit_array_start = .)
 *(.preinit_array*)
                0x08007a80                        PROVIDE (__preinit_array_end = .)

.init_array     0x08007a80        0x4
                0x08007a80                        PROVIDE (__init_array_start = .)
 *(SORT_BY_NAME(.init_array.*))
 *(.init_array*)
 .init_array    0x08007a80        0x4 /opt/st/stm32cubeide_1.19.0/plugins/com.st.stm32cube.ide.mcu.externaltools.gnu-tools-for-stm32.13.3.rel1.linux64_1.0.0.202410170706/tools/bin/../lib/gcc/arm-none-eabi/13.3.1/thumb/v7e-m+dp/hard/crtbegin.o
                0x08007a84                        PROVIDE (__init_array_end = .)

.fini_array     0x08007a84        0x4
                [!provide]                        PROVIDE (__fini_array_start = .)
 *(SORT_BY_NAME(.fini_array.*))
 *(.fini_array*)
 .fini_array    0x08007a84        0x4 /opt/st/stm32cubeide_1.19.0/plugins/com.st.stm32cube.ide.mcu.externaltools.gnu-tools-for-stm32.13.3.rel1.linux64_1.0.0.202410170706/tools/bin/../lib/gcc/arm-none-eabi/13.3.1/thumb/v7e-m+dp/hard/crtbegin.o
                [!provide]                        PROVIDE (__fini_array_end = .)
                0x08007a88                        _sidata = LOADADDR (.data)

.rel.dyn        0x08007a88        0x0
 .rel.iplt      0x08007a88        0x0 /opt/st/stm32cubeide_1.19.0/plugins/com.st.stm32cube.ide.mcu.externaltools.gnu-tools-for-stm32.13.3.rel1.linux64_1.0.0.202410170706/tools/bin/../lib/gcc/arm-none-eabi/13.3.1/thumb/v7e-m+dp/hard/crtbegin.o

.data           0x24000000       0x60 load address 0x08007a88
                0x24000000                        . = ALIGN (0x4)
                0x24000000                        _sdata = .
 *(.data)
 *(.data*)
 .data.SystemCoreClock
                0x24000000        0x4 ./Core/Src/system_stm32h7xx.o
                0x24000000                SystemCoreClock
 .data.SystemD2Clock
                0x24000004        0x4 ./Core/Src/system_stm32h7xx.o
                0x24000004                SystemD2Clock
 .data.uwTickPrio
                0x24000008        0x4 ./Drivers/STM32H7xx_HAL_Driver/Src/stm32h7xx_hal.o
                0x24000008                uwTickPrio
 .data.uwTickFreq
                0x2400000c        0x1 ./Drivers/STM32H7xx_HAL_Driver/Src/stm32h7xx_hal.o
                0x2400000c                uwTickFreq
 *fill*         0x2400000d        0x3 
 .data._impure_ptr
                0x24000010        0x4 /opt/st/stm32cubeide_1.19.0/plugins/com.st.stm32cube.ide.mcu.externaltools.gnu-tools-for-stm32.13.3.rel1.linux64_1.0.0.202410170706/tools/bin/../lib/gcc/arm-none-eabi/13.3.1/../../../../arm-none-eabi/lib/thumb/v7e-m+dp/hard/libc_nano.a(libc_a-impure.o)
                0x24000010                _impure_ptr
 .data._impure_data
                0x24000014       0x4c /opt/st/stm32cubeide_1.19.0/plugins/com.st.stm32cube.ide.mcu.externaltools.gnu-tools-for-stm32.13.3.rel1.linux64_1.0.0.202410170706/tools/bin/../lib/gcc/arm-none-eabi/13.3.1/../../../../arm-none-eabi/lib/thumb/v7e-m+dp/hard/libc_nano.a(libc_a-impure.o)
                0x24000014                _impure_data
 *(.RamFunc)
 *(.RamFunc*)
                0x24000060                        . = ALIGN (0x4)
                0x24000060                        _edata = .

.igot.plt       0x24000060        0x0 load address 0x08007ae8
 .igot.plt      0x24000060        0x0 /opt/st/stm32cubeide_1.19.0/plugins/com.st.stm32cube.ide.mcu.externaltools.gnu-tools-for-stm32.13.3.rel1.linux64_1.0.0.202410170706/tools/bin/../lib/gcc/arm-none-eabi/13.3.1/thumb/v7e-m+dp/hard/crtbegin.o
                0x24000060                        . = ALIGN (0x4)

.bss            0x24000060      0x380 load address 0x08007ae8
                0x24000060                        _sbss = .
                0x24000060                        __bss_start__ = _sbss
 *(.bss)
 .bss           0x24000060       0x1c /opt/st/stm32cubeide_1.19.0/plugins/com.st.stm32cube.ide.mcu.externaltools.gnu-tools-for-stm32.13.3.rel1.linux64_1.0.0.202410170706/tools/bin/../lib/gcc/arm-none-eabi/13.3.1/thumb/v7e-m+dp/hard/crtbegin.o
 *(.bss*)
 .bss.registered_sensors
                0x2400007c       0x28 ./Core/Src/VL53L1X.o
                0x2400007c                registered_sensors
 .bss.vl53l1x_log_func
                0x240000a4        0x4 ./Core/Src/VL53L1X.o
 .bss.hi2c1     0x240000a8       0x54 ./Core/Src/main.o
                0x240000a8                hi2c1
 .bss.huart1    0x240000fc       0x94 ./Core/Src/main.o
                0x240000fc                huart1
 .bss.__sbrk_heap_end
                0x24000190        0x4 ./Core/Src/sysmem.o
 .bss._I2CBuffer
                0x24000194      0x100 ./Core/Src/vl53l1_platform.o
                0x24000194                _I2CBuffer
 .bss.uwTick    0x24000294        0x4 ./Drivers/STM32H7xx_HAL_Driver/Src/stm32h7xx_hal.o
                0x24000294                uwTick
 .bss.__sf      0x24000298      0x138 /opt/st/stm32cubeide_1.19.0/plugins/com.st.stm32cube.ide.mcu.externaltools.gnu-tools-for-stm32.13.3.rel1.linux64_1.0.0.202410170706/tools/bin/../lib/gcc/arm-none-eabi/13.3.1/../../../../arm-none-eabi/lib/thumb/v7e-m+dp/hard/libc_nano.a(libc_a-findfp.o)
                0x24000298                __sf
 .bss.errno     0x240003d0        0x4 /opt/st/stm32cubeide_1.19.0/plugins/com.st.stm32cube.ide.mcu.externaltools.gnu-tools-for-stm32.13.3.rel1.linux64_1.0.0.202410170706/tools/bin/../lib/gcc/arm-none-eabi/13.3.1/../../../../arm-none-eabi/lib/thumb/v7e-m+dp/hard/libc_nano.a(libc_a-reent.o)
                0x240003d0                errno
 .bss.__lock___malloc_recursive_mutex
                0x240003d4        0x1 /opt/st/stm32cubeide_1.19.0/plugins/com.st.stm32cube.ide.mcu.externaltools.gnu-tools-for-stm32.13.3.rel1.linux64_1.0.0.202410170706/tools/bin/../lib/gcc/arm-none-eabi/13.3.1/../../../../arm-none-eabi/lib/thumb/v7e-m+dp/hard/libc_nano.a(libc_a-lock.o)
                0x240003d4                __lock___malloc_recursive_mutex
 *fill*         0x240003d5        0x3 
 .bss.__malloc_sbrk_start
                0x240003d8        0x4 /opt/st/stm32cubeide_1.19.0/plugins/com.st.stm32cube.ide.mcu.externaltools.gnu-tools-for-stm32.13.3.rel1.linux64_1.0.0.202410170706/tools/bin/../lib/gcc/arm-none-eabi/13.3.1/../../../../arm-none-eabi/lib/thumb/v7e-m+dp/hard/libc_nano.a(libc_a-mallocr.o)
                0x240003d8                __malloc_sbrk_start
 .bss.__malloc_free_list
                0x240003dc        0x4 /opt/st/stm32cubeide_1.19.0/plugins/com.st.stm32cube.ide.mcu.externaltools.gnu-tools-for-stm32.13.3.rel1.linux64_1.0.0.202410170706/tools/bin/../lib/gcc/arm-none-eabi/13.3.1/../../../../arm-none-eabi/lib/thumb/v7e-m+dp/hard/libc_nano.a(libc_a-mallocr.o)
                0x240003dc                __malloc_free_list
 *(COMMON)
                0x240003e0                        . = ALIGN (0x4)
                0x240003e0                        _ebss = .
                0x240003e0                        __bss_end__ = _ebss

._user_heap_stack
                0x240003e0      0x600 load address 0x08007ae8
                0x240003e0                        . = ALIGN (0x8)
                [!provide]                        PROVIDE (end = .)
                0x240003e0                        PROVIDE (_end = .)
                0x240005e0                        . = (. + _Min_Heap_Size)
 *fill*         0x240003e0      0x200 
                0x240009e0                        . = (. + _Min_Stack_Size)
 *fill*         0x240005e0      0x400 
                0x240009e0                        . = ALIGN (0x8)

/DISCARD/
 libc.a(*)
 libm.a(*)
 libgcc.a(*)

.ARM.attributes
                0x00000000       0x2e
 *(.ARM.attributes)
 .ARM.attributes
                0x00000000       0x20 /opt/st/stm32cubeide_1.19.0/plugins/com.st.stm32cube.ide.mcu.externaltools.gnu-tools-for-stm32.13.3.rel1.linux64_1.0.0.202410170706/tools/bin/../lib/gcc/arm-none-eabi/13.3.1/thumb/v7e-m+dp/hard/crti.o
 .ARM.attributes
                0x00000020       0x32 /opt/st/stm32cubeide_1.19.0/plugins/com.st.stm32cube.ide.mcu.externaltools.gnu-tools-for-stm32.13.3.rel1.linux64_1.0.0.202410170706/tools/bin/../lib/gcc/arm-none-eabi/13.3.1/thumb/v7e-m+dp/hard/crtbegin.o
 .ARM.attributes
                0x00000052       0x32 ./Core/Src/VL53L1X.o
 .ARM.attributes
                0x00000084       0x32 ./Core/Src/VL53L1X_api.o
 .ARM.attributes
                0x000000b6       0x32 ./Core/Src/main.o
 .ARM.attributes
                0x000000e8       0x32 ./Core/Src/stm32h7xx_hal_msp.o
 .ARM.attributes
                0x0000011a       0x32 ./Core/Src/stm32h7xx_it.o
 .ARM.attributes
                0x0000014c       0x32 ./Core/Src/sysmem.o
 .ARM.attributes
                0x0000017e       0x32 ./Core/Src/system_stm32h7xx.o
 .ARM.attributes
                0x000001b0       0x32 ./Core/Src/vl53l1_platform.o
 .ARM.attributes
                0x000001e2       0x21 ./Core/Startup/startup_stm32h750vbtx.o
 .ARM.attributes
                0x00000203       0x32 ./Drivers/STM32H7xx_HAL_Driver/Src/stm32h7xx_hal.o
 .ARM.attributes
                0x00000235       0x32 ./Drivers/STM32H7xx_HAL_Driver/Src/stm32h7xx_hal_cortex.o
 .ARM.attributes
                0x00000267       0x32 ./Drivers/STM32H7xx_HAL_Driver/Src/stm32h7xx_hal_gpio.o
 .ARM.attributes
                0x00000299       0x32 ./Drivers/STM32H7xx_HAL_Driver/Src/stm32h7xx_hal_i2c.o
 .ARM.attributes
                0x000002cb       0x32 ./Drivers/STM32H7xx_HAL_Driver/Src/stm32h7xx_hal_i2c_ex.o
 .ARM.attributes
                0x000002fd       0x32 ./Drivers/STM32H7xx_HAL_Driver/Src/stm32h7xx_hal_pwr_ex.o
 .ARM.attributes
                0x0000032f       0x32 ./Drivers/STM32H7xx_HAL_Driver/Src/stm32h7xx_hal_rcc.o
 .ARM.attributes
                0x00000361       0x32 ./Drivers/STM32H7xx_HAL_Driver/Src/stm32h7xx_hal_rcc_ex.o
 .ARM.attributes
                0x00000393       0x32 ./Drivers/STM32H7xx_HAL_Driver/Src/stm32h7xx_hal_uart.o
 .ARM.attributes
                0x000003c5       0x32 ./Drivers/STM32H7xx_HAL_Driver/Src/stm32h7xx_hal_uart_ex.o
 .ARM.attributes
                0x000003f7       0x32 /opt/st/stm32cubeide_1.19.0/plugins/com.st.stm32cube.ide.mcu.externaltools.gnu-tools-for-stm32.13.3.rel1.linux64_1.0.0.202410170706/tools/bin/../lib/gcc/arm-none-eabi/13.3.1/../../../../arm-none-eabi/lib/thumb/v7e-m+dp/hard/libc_nano.a(libc_a-findfp.o)
 .ARM.attributes
                0x00000429       0x32 /opt/st/stm32cubeide_1.19.0/plugins/com.st.stm32cube.ide.mcu.externaltools.gnu-tools-for-stm32.13.3.rel1.linux64_1.0.0.202410170706/tools/bin/../lib/gcc/arm-none-eabi/13.3.1/../../../../arm-none-eabi/lib/thumb/v7e-m+dp/hard/libc_nano.a(libc_a-sprintf.o)
 .ARM.attributes
                0x0000045b       0x32 /opt/st/stm32cubeide_1.19.0/plugins/com.st.stm32cube.ide.mcu.externaltools.gnu-tools-for-stm32.13.3.rel1.linux64_1.0.0.202410170706/tools/bin/../lib/gcc/arm-none-eabi/13.3.1/../../../../arm-none-eabi/lib/thumb/v7e-m+dp/hard/libc_nano.a(libc_a-memset.o)
 .ARM.attributes
                0x0000048d       0x32 /opt/st/stm32cubeide_1.19.0/plugins/com.st.stm32cube.ide.mcu.externaltools.gnu-tools-for-stm32.13.3.rel1.linux64_1.0.0.202410170706/tools/bin/../lib/gcc/arm-none-eabi/13.3.1/../../../../arm-none-eabi/lib/thumb/v7e-m+dp/hard/libc_nano.a(libc_a-reent.o)
 .ARM.attributes
                0x000004bf       0x32 /opt/st/stm32cubeide_1.19.0/plugins/com.st.stm32cube.ide.mcu.externaltools.gnu-tools-for-stm32.13.3.rel1.linux64_1.0.0.202410170706/tools/bin/../lib/gcc/arm-none-eabi/13.3.1/../../../../arm-none-eabi/lib/thumb/v7e-m+dp/hard/libc_nano.a(libc_a-impure.o)
 .ARM.attributes
                0x000004f1       0x32 /opt/st/stm32cubeide_1.19.0/plugins/com.st.stm32cube.ide.mcu.externaltools.gnu-tools-for-stm32.13.3.rel1.linux64_1.0.0.202410170706/tools/bin/../lib/gcc/arm-none-eabi/13.3.1/../../../../arm-none-eabi/lib/thumb/v7e-m+dp/hard/libc_nano.a(libc_a-errno.o)
 .ARM.attributes
                0x00000523       0x32 /opt/st/stm32cubeide_1.19.0/plugins/com.st.stm32cube.ide.mcu.externaltools.gnu-tools-for-stm32.13.3.rel1.linux64_1.0.0.202410170706/tools/bin/../lib/gcc/arm-none-eabi/13.3.1/../../../../arm-none-eabi/lib/thumb/v7e-m+dp/hard/libc_nano.a(libc_a-init.o)
 .ARM.attributes
                0x00000555       0x32 /opt/st/stm32cubeide_1.19.0/plugins/com.st.stm32cube.ide.mcu.externaltools.gnu-tools-for-stm32.13.3.rel1.linux64_1.0.0.202410170706/tools/bin/../lib/gcc/arm-none-eabi/13.3.1/../../../../arm-none-eabi/lib/thumb/v7e-m+dp/hard/libc_nano.a(libc_a-lock.o)
 .ARM.attributes
                0x00000587       0x32 /opt/st/stm32cubeide_1.19.0/plugins/com.st.stm32cube.ide.mcu.externaltools.gnu-tools-for-stm32.13.3.rel1.linux64_1.0.0.202410170706/tools/bin/../lib/gcc/arm-none-eabi/13.3.1/../../../../arm-none-eabi/lib/thumb/v7e-m+dp/hard/libc_nano.a(libc_a-memcpy-stub.o)
 .ARM.attributes
                0x000005b9       0x32 /opt/st/stm32cubeide_1.19.0/plugins/com.st.stm32cube.ide.mcu.externaltools.gnu-tools-for-stm32.13.3.rel1.linux64_1.0.0.202410170706/tools/bin/../lib/gcc/arm-none-eabi/13.3.1/../../../../arm-none-eabi/lib/thumb/v7e-m+dp/hard/libc_nano.a(libc_a-freer.o)
 .ARM.attributes
                0x000005eb       0x32 /opt/st/stm32cubeide_1.19.0/plugins/com.st.stm32cube.ide.mcu.externaltools.gnu-tools-for-stm32.13.3.rel1.linux64_1.0.0.202410170706/tools/bin/../lib/gcc/arm-none-eabi/13.3.1/../../../../arm-none-eabi/lib/thumb/v7e-m+dp/hard/libc_nano.a(libc_a-mallocr.o)
 .ARM.attributes
                0x0000061d       0x32 /opt/st/stm32cubeide_1.19.0/plugins/com.st.stm32cube.ide.mcu.externaltools.gnu-tools-for-stm32.13.3.rel1.linux64_1.0.0.202410170706/tools/bin/../lib/gcc/arm-none-eabi/13.3.1/../../../../arm-none-eabi/lib/thumb/v7e-m+dp/hard/libc_nano.a(libc_a-mlock.o)
 .ARM.attributes
                0x0000064f       0x32 /opt/st/stm32cubeide_1.19.0/plugins/com.st.stm32cube.ide.mcu.externaltools.gnu-tools-for-stm32.13.3.rel1.linux64_1.0.0.202410170706/tools/bin/../lib/gcc/arm-none-eabi/13.3.1/../../../../arm-none-eabi/lib/thumb/v7e-m+dp/hard/libc_nano.a(libc_a-nano-svfprintf.o)
 .ARM.attributes
                0x00000681       0x32 /opt/st/stm32cubeide_1.19.0/plugins/com.st.stm32cube.ide.mcu.externaltools.gnu-tools-for-stm32.13.3.rel1.linux64_1.0.0.202410170706/tools/bin/../lib/gcc/arm-none-eabi/13.3.1/../../../../arm-none-eabi/lib/thumb/v7e-m+dp/hard/libc_nano.a(libc_a-nano-vfprintf_i.o)
 .ARM.attributes
                0x000006b3       0x32 /opt/st/stm32cubeide_1.19.0/plugins/com.st.stm32cube.ide.mcu.externaltools.gnu-tools-for-stm32.13.3.rel1.linux64_1.0.0.202410170706/tools/bin/../lib/gcc/arm-none-eabi/13.3.1/../../../../arm-none-eabi/lib/thumb/v7e-m+dp/hard/libc_nano.a(libc_a-memmove.o)
 .ARM.attributes
                0x000006e5       0x32 /opt/st/stm32cubeide_1.19.0/plugins/com.st.stm32cube.ide.mcu.externaltools.gnu-tools-for-stm32.13.3.rel1.linux64_1.0.0.202410170706/tools/bin/../lib/gcc/arm-none-eabi/13.3.1/../../../../arm-none-eabi/lib/thumb/v7e-m+dp/hard/libc_nano.a(libc_a-sbrkr.o)
 .ARM.attributes
                0x00000717       0x1c /opt/st/stm32cubeide_1.19.0/plugins/com.st.stm32cube.ide.mcu.externaltools.gnu-tools-for-stm32.13.3.rel1.linux64_1.0.0.202410170706/tools/bin/../lib/gcc/arm-none-eabi/13.3.1/../../../../arm-none-eabi/lib/thumb/v7e-m+dp/hard/libc_nano.a(libc_a-memchr.o)
 .ARM.attributes
                0x00000733       0x32 /opt/st/stm32cubeide_1.19.0/plugins/com.st.stm32cube.ide.mcu.externaltools.gnu-tools-for-stm32.13.3.rel1.linux64_1.0.0.202410170706/tools/bin/../lib/gcc/arm-none-eabi/13.3.1/../../../../arm-none-eabi/lib/thumb/v7e-m+dp/hard/libc_nano.a(libc_a-reallocr.o)
 .ARM.attributes
                0x00000765       0x32 /opt/st/stm32cubeide_1.19.0/plugins/com.st.stm32cube.ide.mcu.externaltools.gnu-tools-for-stm32.13.3.rel1.linux64_1.0.0.202410170706/tools/bin/../lib/gcc/arm-none-eabi/13.3.1/../../../../arm-none-eabi/lib/thumb/v7e-m+dp/hard/libc_nano.a(libc_a-msizer.o)
 .ARM.attributes
                0x00000797       0x20 /opt/st/stm32cubeide_1.19.0/plugins/com.st.stm32cube.ide.mcu.externaltools.gnu-tools-for-stm32.13.3.rel1.linux64_1.0.0.202410170706/tools/bin/../lib/gcc/arm-none-eabi/13.3.1/thumb/v7e-m+dp/hard/libgcc.a(_aeabi_uldivmod.o)
 .ARM.attributes
                0x000007b7       0x32 /opt/st/stm32cubeide_1.19.0/plugins/com.st.stm32cube.ide.mcu.externaltools.gnu-tools-for-stm32.13.3.rel1.linux64_1.0.0.202410170706/tools/bin/../lib/gcc/arm-none-eabi/13.3.1/thumb/v7e-m+dp/hard/libgcc.a(_udivmoddi4.o)
 .ARM.attributes
                0x000007e9       0x20 /opt/st/stm32cubeide_1.19.0/plugins/com.st.stm32cube.ide.mcu.externaltools.gnu-tools-for-stm32.13.3.rel1.linux64_1.0.0.202410170706/tools/bin/../lib/gcc/arm-none-eabi/13.3.1/thumb/v7e-m+dp/hard/libgcc.a(_dvmd_tls.o)
 .ARM.attributes
                0x00000809       0x20 /opt/st/stm32cubeide_1.19.0/plugins/com.st.stm32cube.ide.mcu.externaltools.gnu-tools-for-stm32.13.3.rel1.linux64_1.0.0.202410170706/tools/bin/../lib/gcc/arm-none-eabi/13.3.1/thumb/v7e-m+dp/hard/crtn.o
OUTPUT(trabalho.instrumentacao.elf elf32-littlearm)
LOAD linker stubs
LOAD /opt/st/stm32cubeide_1.19.0/plugins/com.st.stm32cube.ide.mcu.externaltools.gnu-tools-for-stm32.13.3.rel1.linux64_1.0.0.202410170706/tools/bin/../lib/gcc/arm-none-eabi/13.3.1/../../../../arm-none-eabi/lib/thumb/v7e-m+dp/hard/libc.a
LOAD /opt/st/stm32cubeide_1.19.0/plugins/com.st.stm32cube.ide.mcu.externaltools.gnu-tools-for-stm32.13.3.rel1.linux64_1.0.0.202410170706/tools/bin/../lib/gcc/arm-none-eabi/13.3.1/../../../../arm-none-eabi/lib/thumb/v7e-m+dp/hard/libm.a
LOAD /opt/st/stm32cubeide_1.19.0/plugins/com.st.stm32cube.ide.mcu.externaltools.gnu-tools-for-stm32.13.3.rel1.linux64_1.0.0.202410170706/tools/bin/../lib/gcc/arm-none-eabi/13.3.1/thumb/v7e-m+dp/hard/libgcc.a

.debug_info     0x00000000    0x15425
 .debug_info    0x00000000      0xb2b ./Core/Src/VL53L1X.o
 .debug_info    0x00000b2b     0x10cc ./Core/Src/VL53L1X_api.o
 .debug_info    0x00001bf7     0x18c8 ./Core/Src/main.o
 .debug_info    0x000034bf     0x13c7 ./Core/Src/stm32h7xx_hal_msp.o
 .debug_info    0x00004886      0x128 ./Core/Src/stm32h7xx_it.o
 .debug_info    0x000049ae      0x168 ./Core/Src/sysmem.o
 .debug_info    0x00004b16      0xdb2 ./Core/Src/system_stm32h7xx.o
 .debug_info    0x000058c8      0xd11 ./Core/Src/vl53l1_platform.o
 .debug_info    0x000065d9       0x30 ./Core/Startup/startup_stm32h750vbtx.o
 .debug_info    0x00006609     0x1541 ./Drivers/STM32H7xx_HAL_Driver/Src/stm32h7xx_hal.o
 .debug_info    0x00007b4a     0x10b7 ./Drivers/STM32H7xx_HAL_Driver/Src/stm32h7xx_hal_cortex.o
 .debug_info    0x00008c01      0xc5a ./Drivers/STM32H7xx_HAL_Driver/Src/stm32h7xx_hal_gpio.o
 .debug_info    0x0000985b     0x22c9 ./Drivers/STM32H7xx_HAL_Driver/Src/stm32h7xx_hal_i2c.o
 .debug_info    0x0000bb24      0xd84 ./Drivers/STM32H7xx_HAL_Driver/Src/stm32h7xx_hal_i2c_ex.o
 .debug_info    0x0000c8a8     0x1012 ./Drivers/STM32H7xx_HAL_Driver/Src/stm32h7xx_hal_pwr_ex.o
 .debug_info    0x0000d8ba      0xe6a ./Drivers/STM32H7xx_HAL_Driver/Src/stm32h7xx_hal_rcc.o
 .debug_info    0x0000e724     0x1225 ./Drivers/STM32H7xx_HAL_Driver/Src/stm32h7xx_hal_rcc_ex.o
 .debug_info    0x0000f949     0x4b1d ./Drivers/STM32H7xx_HAL_Driver/Src/stm32h7xx_hal_uart.o
 .debug_info    0x00014466      0xfbf ./Drivers/STM32H7xx_HAL_Driver/Src/stm32h7xx_hal_uart_ex.o

.debug_abbrev   0x00000000     0x2799
 .debug_abbrev  0x00000000      0x232 ./Core/Src/VL53L1X.o
 .debug_abbrev  0x00000232      0x19d ./Core/Src/VL53L1X_api.o
 .debug_abbrev  0x000003cf      0x2d2 ./Core/Src/main.o
 .debug_abbrev  0x000006a1      0x210 ./Core/Src/stm32h7xx_hal_msp.o
 .debug_abbrev  0x000008b1       0x73 ./Core/Src/stm32h7xx_it.o
 .debug_abbrev  0x00000924       0xbc ./Core/Src/sysmem.o
 .debug_abbrev  0x000009e0      0x165 ./Core/Src/system_stm32h7xx.o
 .debug_abbrev  0x00000b45      0x224 ./Core/Src/vl53l1_platform.o
 .debug_abbrev  0x00000d69       0x24 ./Core/Startup/startup_stm32h750vbtx.o
 .debug_abbrev  0x00000d8d      0x295 ./Drivers/STM32H7xx_HAL_Driver/Src/stm32h7xx_hal.o
 .debug_abbrev  0x00001022      0x339 ./Drivers/STM32H7xx_HAL_Driver/Src/stm32h7xx_hal_cortex.o
 .debug_abbrev  0x0000135b      0x205 ./Drivers/STM32H7xx_HAL_Driver/Src/stm32h7xx_hal_gpio.o
 .debug_abbrev  0x00001560      0x25d ./Drivers/STM32H7xx_HAL_Driver/Src/stm32h7xx_hal_i2c.o
 .debug_abbrev  0x000017bd      0x1f5 ./Drivers/STM32H7xx_HAL_Driver/Src/stm32h7xx_hal_i2c_ex.o
 .debug_abbrev  0x000019b2      0x2a7 ./Drivers/STM32H7xx_HAL_Driver/Src/stm32h7xx_hal_pwr_ex.o
 .debug_abbrev  0x00001c59      0x2c8 ./Drivers/STM32H7xx_HAL_Driver/Src/stm32h7xx_hal_rcc.o
 .debug_abbrev  0x00001f21      0x269 ./Drivers/STM32H7xx_HAL_Driver/Src/stm32h7xx_hal_rcc_ex.o
 .debug_abbrev  0x0000218a      0x33d ./Drivers/STM32H7xx_HAL_Driver/Src/stm32h7xx_hal_uart.o
 .debug_abbrev  0x000024c7      0x2d2 ./Drivers/STM32H7xx_HAL_Driver/Src/stm32h7xx_hal_uart_ex.o

.debug_aranges  0x00000000      0xf60
 .debug_aranges
                0x00000000       0x50 ./Core/Src/VL53L1X.o
 .debug_aranges
                0x00000050      0x168 ./Core/Src/VL53L1X_api.o
 .debug_aranges
                0x000001b8       0x50 ./Core/Src/main.o
 .debug_aranges
                0x00000208       0x40 ./Core/Src/stm32h7xx_hal_msp.o
 .debug_aranges
                0x00000248       0x60 ./Core/Src/stm32h7xx_it.o
 .debug_aranges
                0x000002a8       0x20 ./Core/Src/sysmem.o
 .debug_aranges
                0x000002c8       0x30 ./Core/Src/system_stm32h7xx.o
 .debug_aranges
                0x000002f8       0x70 ./Core/Src/vl53l1_platform.o
 .debug_aranges
                0x00000368       0x28 ./Core/Startup/startup_stm32h750vbtx.o
 .debug_aranges
                0x00000390      0x198 ./Drivers/STM32H7xx_HAL_Driver/Src/stm32h7xx_hal.o
 .debug_aranges
                0x00000528      0x130 ./Drivers/STM32H7xx_HAL_Driver/Src/stm32h7xx_hal_cortex.o
 .debug_aranges
                0x00000658       0x58 ./Drivers/STM32H7xx_HAL_Driver/Src/stm32h7xx_hal_gpio.o
 .debug_aranges
                0x000006b0      0x2a0 ./Drivers/STM32H7xx_HAL_Driver/Src/stm32h7xx_hal_i2c.o
 .debug_aranges
                0x00000950       0x48 ./Drivers/STM32H7xx_HAL_Driver/Src/stm32h7xx_hal_i2c_ex.o
 .debug_aranges
                0x00000998      0x158 ./Drivers/STM32H7xx_HAL_Driver/Src/stm32h7xx_hal_pwr_ex.o
 .debug_aranges
                0x00000af0       0x88 ./Drivers/STM32H7xx_HAL_Driver/Src/stm32h7xx_hal_rcc.o
 .debug_aranges
                0x00000b78       0xf8 ./Drivers/STM32H7xx_HAL_Driver/Src/stm32h7xx_hal_rcc_ex.o
 .debug_aranges
                0x00000c70      0x248 ./Drivers/STM32H7xx_HAL_Driver/Src/stm32h7xx_hal_uart.o
 .debug_aranges
                0x00000eb8       0xa8 ./Drivers/STM32H7xx_HAL_Driver/Src/stm32h7xx_hal_uart_ex.o

.debug_rnglists
                0x00000000      0xbe9
 .debug_rnglists
                0x00000000       0x39 ./Core/Src/VL53L1X.o
 .debug_rnglists
                0x00000039      0x114 ./Core/Src/VL53L1X_api.o
 .debug_rnglists
                0x0000014d       0x3b ./Core/Src/main.o
 .debug_rnglists
                0x00000188       0x2d ./Core/Src/stm32h7xx_hal_msp.o
 .debug_rnglists
                0x000001b5       0x43 ./Core/Src/stm32h7xx_it.o
 .debug_rnglists
                0x000001f8       0x13 ./Core/Src/sysmem.o
 .debug_rnglists
                0x0000020b       0x21 ./Core/Src/system_stm32h7xx.o
 .debug_rnglists
                0x0000022c       0x51 ./Core/Src/vl53l1_platform.o
 .debug_rnglists
                0x0000027d       0x19 ./Core/Startup/startup_stm32h750vbtx.o
 .debug_rnglists
                0x00000296      0x131 ./Drivers/STM32H7xx_HAL_Driver/Src/stm32h7xx_hal.o
 .debug_rnglists
                0x000003c7       0xe0 ./Drivers/STM32H7xx_HAL_Driver/Src/stm32h7xx_hal_cortex.o
 .debug_rnglists
                0x000004a7       0x3f ./Drivers/STM32H7xx_HAL_Driver/Src/stm32h7xx_hal_gpio.o
 .debug_rnglists
                0x000004e6      0x22a ./Drivers/STM32H7xx_HAL_Driver/Src/stm32h7xx_hal_i2c.o
 .debug_rnglists
                0x00000710       0x35 ./Drivers/STM32H7xx_HAL_Driver/Src/stm32h7xx_hal_i2c_ex.o
 .debug_rnglists
                0x00000745      0x103 ./Drivers/STM32H7xx_HAL_Driver/Src/stm32h7xx_hal_pwr_ex.o
 .debug_rnglists
                0x00000848       0x68 ./Drivers/STM32H7xx_HAL_Driver/Src/stm32h7xx_hal_rcc.o
 .debug_rnglists
                0x000008b0       0xc0 ./Drivers/STM32H7xx_HAL_Driver/Src/stm32h7xx_hal_rcc_ex.o
 .debug_rnglists
                0x00000970      0x1fa ./Drivers/STM32H7xx_HAL_Driver/Src/stm32h7xx_hal_uart.o
 .debug_rnglists
                0x00000b6a       0x7f ./Drivers/STM32H7xx_HAL_Driver/Src/stm32h7xx_hal_uart_ex.o

.debug_macro    0x00000000    0x37648
 .debug_macro   0x00000000      0x369 ./Core/Src/VL53L1X.o
 .debug_macro   0x00000369      0xaf6 ./Core/Src/VL53L1X.o
 .debug_macro   0x00000e5f      0x232 ./Core/Src/VL53L1X.o
 .debug_macro   0x00001091       0x2e ./Core/Src/VL53L1X.o
 .debug_macro   0x000010bf       0x3b ./Core/Src/VL53L1X.o
 .debug_macro   0x000010fa       0x22 ./Core/Src/VL53L1X.o
 .debug_macro   0x0000111c       0x8e ./Core/Src/VL53L1X.o
 .debug_macro   0x000011aa       0x51 ./Core/Src/VL53L1X.o
 .debug_macro   0x000011fb      0x103 ./Core/Src/VL53L1X.o
 .debug_macro   0x000012fe       0x6a ./Core/Src/VL53L1X.o
 .debug_macro   0x00001368      0x1df ./Core/Src/VL53L1X.o
 .debug_macro   0x00001547       0x1c ./Core/Src/VL53L1X.o
 .debug_macro   0x00001563       0x22 ./Core/Src/VL53L1X.o
 .debug_macro   0x00001585       0xfb ./Core/Src/VL53L1X.o
 .debug_macro   0x00001680     0x1305 ./Core/Src/VL53L1X.o
 .debug_macro   0x00002985      0x11f ./Core/Src/VL53L1X.o
 .debug_macro   0x00002aa4       0x27 ./Core/Src/VL53L1X.o
 .debug_macro   0x00002acb    0x26197 ./Core/Src/VL53L1X.o
 .debug_macro   0x00028c62       0x6d ./Core/Src/VL53L1X.o
 .debug_macro   0x00028ccf     0x3d79 ./Core/Src/VL53L1X.o
 .debug_macro   0x0002ca48      0x190 ./Core/Src/VL53L1X.o
 .debug_macro   0x0002cbd8       0x61 ./Core/Src/VL53L1X.o
 .debug_macro   0x0002cc39       0x29 ./Core/Src/VL53L1X.o
 .debug_macro   0x0002cc62       0x43 ./Core/Src/VL53L1X.o
 .debug_macro   0x0002cca5       0x34 ./Core/Src/VL53L1X.o
 .debug_macro   0x0002ccd9      0x370 ./Core/Src/VL53L1X.o
 .debug_macro   0x0002d049       0x16 ./Core/Src/VL53L1X.o
 .debug_macro   0x0002d05f       0x4a ./Core/Src/VL53L1X.o
 .debug_macro   0x0002d0a9       0x34 ./Core/Src/VL53L1X.o
 .debug_macro   0x0002d0dd       0x10 ./Core/Src/VL53L1X.o
 .debug_macro   0x0002d0ed       0x58 ./Core/Src/VL53L1X.o
 .debug_macro   0x0002d145       0x8e ./Core/Src/VL53L1X.o
 .debug_macro   0x0002d1d3       0x1c ./Core/Src/VL53L1X.o
 .debug_macro   0x0002d1ef      0x185 ./Core/Src/VL53L1X.o
 .debug_macro   0x0002d374      0x19b ./Core/Src/VL53L1X.o
 .debug_macro   0x0002d50f       0x5d ./Core/Src/VL53L1X.o
 .debug_macro   0x0002d56c     0x240e ./Core/Src/VL53L1X.o
 .debug_macro   0x0002f97a     0x102c ./Core/Src/VL53L1X.o
 .debug_macro   0x000309a6      0x154 ./Core/Src/VL53L1X.o
 .debug_macro   0x00030afa      0x114 ./Core/Src/VL53L1X.o
 .debug_macro   0x00030c0e      0x3b6 ./Core/Src/VL53L1X.o
 .debug_macro   0x00030fc4       0xac ./Core/Src/VL53L1X.o
 .debug_macro   0x00031070      0x72d ./Core/Src/VL53L1X.o
 .debug_macro   0x0003179d      0x228 ./Core/Src/VL53L1X.o
 .debug_macro   0x000319c5       0x66 ./Core/Src/VL53L1X.o
 .debug_macro   0x00031a2b      0x3bb ./Core/Src/VL53L1X.o
 .debug_macro   0x00031de6      0x3e4 ./Core/Src/VL53L1X.o
 .debug_macro   0x000321ca      0x275 ./Core/Src/VL53L1X.o
 .debug_macro   0x0003243f      0x3ca ./Core/Src/VL53L1X.o
 .debug_macro   0x00032809      0x3de ./Core/Src/VL53L1X.o
 .debug_macro   0x00032be7       0x3c ./Core/Src/VL53L1X.o
 .debug_macro   0x00032c23       0x4a ./Core/Src/VL53L1X.o
 .debug_macro   0x00032c6d      0x22c ./Core/Src/VL53L1X.o
 .debug_macro   0x00032e99       0x67 ./Core/Src/VL53L1X.o
 .debug_macro   0x00032f00       0xa5 ./Core/Src/VL53L1X.o
 .debug_macro   0x00032fa5      0x1c4 ./Core/Src/VL53L1X.o
 .debug_macro   0x00033169      0x25e ./Core/Src/VL53L1X.o
 .debug_macro   0x000333c7       0x35 ./Core/Src/VL53L1X.o
 .debug_macro   0x000333fc      0x693 ./Core/Src/VL53L1X.o
 .debug_macro   0x00033a8f       0xa6 ./Core/Src/VL53L1X.o
 .debug_macro   0x00033b35      0x5ac ./Core/Src/VL53L1X.o
 .debug_macro   0x000340e1       0x16 ./Core/Src/VL53L1X.o
 .debug_macro   0x000340f7       0x3c ./Core/Src/VL53L1X.o
 .debug_macro   0x00034133       0x20 ./Core/Src/VL53L1X.o
 .debug_macro   0x00034153       0x1c ./Core/Src/VL53L1X.o
 .debug_macro   0x0003416f       0x10 ./Core/Src/VL53L1X.o
 .debug_macro   0x0003417f       0x1c ./Core/Src/VL53L1X.o
 .debug_macro   0x0003419b       0x16 ./Core/Src/VL53L1X.o
 .debug_macro   0x000341b1      0x146 ./Core/Src/VL53L1X.o
 .debug_macro   0x000342f7       0x16 ./Core/Src/VL53L1X.o
 .debug_macro   0x0003430d       0x16 ./Core/Src/VL53L1X.o
 .debug_macro   0x00034323       0x29 ./Core/Src/VL53L1X.o
 .debug_macro   0x0003434c      0x112 ./Core/Src/VL53L1X.o
 .debug_macro   0x0003445e      0x1c5 ./Core/Src/VL53L1X_api.o
 .debug_macro   0x00034623       0x10 ./Core/Src/VL53L1X_api.o
 .debug_macro   0x00034633      0x367 ./Core/Src/main.o
 .debug_macro   0x0003499a      0x29e ./Core/Src/stm32h7xx_hal_msp.o
 .debug_macro   0x00034c38      0x2a8 ./Core/Src/stm32h7xx_it.o
 .debug_macro   0x00034ee0      0x112 ./Core/Src/sysmem.o
 .debug_macro   0x00034ff2      0x23c ./Core/Src/sysmem.o
 .debug_macro   0x0003522e      0x294 ./Core/Src/system_stm32h7xx.o
 .debug_macro   0x000354c2      0x412 ./Core/Src/vl53l1_platform.o
 .debug_macro   0x000358d4      0x126 ./Core/Src/vl53l1_platform.o
 .debug_macro   0x000359fa       0x16 ./Core/Src/vl53l1_platform.o
 .debug_macro   0x00035a10       0xc1 ./Core/Src/vl53l1_platform.o
 .debug_macro   0x00035ad1      0x2be ./Drivers/STM32H7xx_HAL_Driver/Src/stm32h7xx_hal.o
 .debug_macro   0x00035d8f      0x294 ./Drivers/STM32H7xx_HAL_Driver/Src/stm32h7xx_hal_cortex.o
 .debug_macro   0x00036023      0x29b ./Drivers/STM32H7xx_HAL_Driver/Src/stm32h7xx_hal_gpio.o
 .debug_macro   0x000362be      0x360 ./Drivers/STM32H7xx_HAL_Driver/Src/stm32h7xx_hal_i2c.o
 .debug_macro   0x0003661e      0x294 ./Drivers/STM32H7xx_HAL_Driver/Src/stm32h7xx_hal_i2c_ex.o
 .debug_macro   0x000368b2      0x2cd ./Drivers/STM32H7xx_HAL_Driver/Src/stm32h7xx_hal_pwr_ex.o
 .debug_macro   0x00036b7f      0x2b8 ./Drivers/STM32H7xx_HAL_Driver/Src/stm32h7xx_hal_rcc.o
 .debug_macro   0x00036e37      0x2b2 ./Drivers/STM32H7xx_HAL_Driver/Src/stm32h7xx_hal_rcc_ex.o
 .debug_macro   0x000370e9      0x2bf ./Drivers/STM32H7xx_HAL_Driver/Src/stm32h7xx_hal_uart.o
 .debug_macro   0x000373a8      0x2a0 ./Drivers/STM32H7xx_HAL_Driver/Src/stm32h7xx_hal_uart_ex.o

.debug_line     0x00000000    0x141c9
 .debug_line    0x00000000      0xa51 ./Core/Src/VL53L1X.o
 .debug_line    0x00000a51      0xe98 ./Core/Src/VL53L1X_api.o
 .debug_line    0x000018e9      0xa76 ./Core/Src/main.o
 .debug_line    0x0000235f      0x8a6 ./Core/Src/stm32h7xx_hal_msp.o
 .debug_line    0x00002c05      0x88d ./Core/Src/stm32h7xx_it.o
 .debug_line    0x00003492      0x4bd ./Core/Src/sysmem.o
 .debug_line    0x0000394f      0x9dd ./Core/Src/system_stm32h7xx.o
 .debug_line    0x0000432c      0xb93 ./Core/Src/vl53l1_platform.o
 .debug_line    0x00004ebf       0x7b ./Core/Startup/startup_stm32h750vbtx.o
 .debug_line    0x00004f3a      0xdb6 ./Drivers/STM32H7xx_HAL_Driver/Src/stm32h7xx_hal.o
 .debug_line    0x00005cf0      0xda0 ./Drivers/STM32H7xx_HAL_Driver/Src/stm32h7xx_hal_cortex.o
 .debug_line    0x00006a90      0xc3f ./Drivers/STM32H7xx_HAL_Driver/Src/stm32h7xx_hal_gpio.o
 .debug_line    0x000076cf     0x3b2d ./Drivers/STM32H7xx_HAL_Driver/Src/stm32h7xx_hal_i2c.o
 .debug_line    0x0000b1fc      0x944 ./Drivers/STM32H7xx_HAL_Driver/Src/stm32h7xx_hal_i2c_ex.o
 .debug_line    0x0000bb40      0xf3a ./Drivers/STM32H7xx_HAL_Driver/Src/stm32h7xx_hal_pwr_ex.o
 .debug_line    0x0000ca7a     0x145d ./Drivers/STM32H7xx_HAL_Driver/Src/stm32h7xx_hal_rcc.o
 .debug_line    0x0000ded7     0x1d69 ./Drivers/STM32H7xx_HAL_Driver/Src/stm32h7xx_hal_rcc_ex.o
 .debug_line    0x0000fc40     0x383d ./Drivers/STM32H7xx_HAL_Driver/Src/stm32h7xx_hal_uart.o
 .debug_line    0x0001347d      0xd4c ./Drivers/STM32H7xx_HAL_Driver/Src/stm32h7xx_hal_uart_ex.o

.debug_str      0x00000000   0x15c47b
 .debug_str     0x00000000   0x15c47b ./Core/Src/VL53L1X.o
                             0x155bb0 (size before relaxing)
 .debug_str     0x0015c47b     0x8883 ./Core/Src/VL53L1X_api.o
 .debug_str     0x0015c47b   0x15639d ./Core/Src/main.o
 .debug_str     0x0015c47b   0x15534e ./Core/Src/stm32h7xx_hal_msp.o
 .debug_str     0x0015c47b   0x154504 ./Core/Src/stm32h7xx_it.o
 .debug_str     0x0015c47b     0x77e3 ./Core/Src/sysmem.o
 .debug_str     0x0015c47b   0x154a17 ./Core/Src/system_stm32h7xx.o
 .debug_str     0x0015c47b   0x1567d3 ./Core/Src/vl53l1_platform.o
 .debug_str     0x0015c47b       0x87 ./Core/Startup/startup_stm32h750vbtx.o
 .debug_str     0x0015c47b   0x1558fd ./Drivers/STM32H7xx_HAL_Driver/Src/stm32h7xx_hal.o
 .debug_str     0x0015c47b   0x155338 ./Drivers/STM32H7xx_HAL_Driver/Src/stm32h7xx_hal_cortex.o
 .debug_str     0x0015c47b   0x15498f ./Drivers/STM32H7xx_HAL_Driver/Src/stm32h7xx_hal_gpio.o
 .debug_str     0x0015c47b   0x155a30 ./Drivers/STM32H7xx_HAL_Driver/Src/stm32h7xx_hal_i2c.o
 .debug_str     0x0015c47b   0x154dd4 ./Drivers/STM32H7xx_HAL_Driver/Src/stm32h7xx_hal_i2c_ex.o
 .debug_str     0x0015c47b   0x154e50 ./Drivers/STM32H7xx_HAL_Driver/Src/stm32h7xx_hal_pwr_ex.o
 .debug_str     0x0015c47b   0x154d73 ./Drivers/STM32H7xx_HAL_Driver/Src/stm32h7xx_hal_rcc.o
 .debug_str     0x0015c47b   0x155254 ./Drivers/STM32H7xx_HAL_Driver/Src/stm32h7xx_hal_rcc_ex.o
 .debug_str     0x0015c47b   0x1558b4 ./Drivers/STM32H7xx_HAL_Driver/Src/stm32h7xx_hal_uart.o
 .debug_str     0x0015c47b   0x154e74 ./Drivers/STM32H7xx_HAL_Driver/Src/stm32h7xx_hal_uart_ex.o

.comment        0x00000000       0x43
 .comment       0x00000000       0x43 ./Core/Src/VL53L1X.o
                                 0x44 (size before relaxing)
 .comment       0x00000043       0x44 ./Core/Src/VL53L1X_api.o
 .comment       0x00000043       0x44 ./Core/Src/main.o
 .comment       0x00000043       0x44 ./Core/Src/stm32h7xx_hal_msp.o
 .comment       0x00000043       0x44 ./Core/Src/stm32h7xx_it.o
 .comment       0x00000043       0x44 ./Core/Src/sysmem.o
 .comment       0x00000043       0x44 ./Core/Src/system_stm32h7xx.o
 .comment       0x00000043       0x44 ./Core/Src/vl53l1_platform.o
 .comment       0x00000043       0x44 ./Drivers/STM32H7xx_HAL_Driver/Src/stm32h7xx_hal.o
 .comment       0x00000043       0x44 ./Drivers/STM32H7xx_HAL_Driver/Src/stm32h7xx_hal_cortex.o
 .comment       0x00000043       0x44 ./Drivers/STM32H7xx_HAL_Driver/Src/stm32h7xx_hal_gpio.o
 .comment       0x00000043       0x44 ./Drivers/STM32H7xx_HAL_Driver/Src/stm32h7xx_hal_i2c.o
 .comment       0x00000043       0x44 ./Drivers/STM32H7xx_HAL_Driver/Src/stm32h7xx_hal_i2c_ex.o
 .comment       0x00000043       0x44 ./Drivers/STM32H7xx_HAL_Driver/Src/stm32h7xx_hal_pwr_ex.o
 .comment       0x00000043       0x44 ./Drivers/STM32H7xx_HAL_Driver/Src/stm32h7xx_hal_rcc.o
 .comment       0x00000043       0x44 ./Drivers/STM32H7xx_HAL_Driver/Src/stm32h7xx_hal_rcc_ex.o
 .comment       0x00000043       0x44 ./Drivers/STM32H7xx_HAL_Driver/Src/stm32h7xx_hal_uart.o
 .comment       0x00000043       0x44 ./Drivers/STM32H7xx_HAL_Driver/Src/stm32h7xx_hal_uart_ex.o

.debug_frame    0x00000000     0x4510
 .debug_frame   0x00000000      0x110 ./Core/Src/VL53L1X.o
 .debug_frame   0x00000110      0x604 ./Core/Src/VL53L1X_api.o
 .debug_frame   0x00000714       0xec ./Core/Src/main.o
 .debug_frame   0x00000800       0xd0 ./Core/Src/stm32h7xx_hal_msp.o
 .debug_frame   0x000008d0      0x104 ./Core/Src/stm32h7xx_it.o
 .debug_frame   0x000009d4       0x34 ./Core/Src/sysmem.o
 .debug_frame   0x00000a08       0x78 ./Core/Src/system_stm32h7xx.o
 .debug_frame   0x00000a80      0x1a0 ./Core/Src/vl53l1_platform.o
 .debug_frame   0x00000c20      0x690 ./Drivers/STM32H7xx_HAL_Driver/Src/stm32h7xx_hal.o
 .debug_frame   0x000012b0      0x508 ./Drivers/STM32H7xx_HAL_Driver/Src/stm32h7xx_hal_cortex.o
 .debug_frame   0x000017b8      0x14c ./Drivers/STM32H7xx_HAL_Driver/Src/stm32h7xx_hal_gpio.o
 .debug_frame   0x00001904      0xc40 ./Drivers/STM32H7xx_HAL_Driver/Src/stm32h7xx_hal_i2c.o
 .debug_frame   0x00002544      0x100 ./Drivers/STM32H7xx_HAL_Driver/Src/stm32h7xx_hal_i2c_ex.o
 .debug_frame   0x00002644      0x580 ./Drivers/STM32H7xx_HAL_Driver/Src/stm32h7xx_hal_pwr_ex.o
 .debug_frame   0x00002bc4      0x1f8 ./Drivers/STM32H7xx_HAL_Driver/Src/stm32h7xx_hal_rcc.o
 .debug_frame   0x00002dbc      0x414 ./Drivers/STM32H7xx_HAL_Driver/Src/stm32h7xx_hal_rcc_ex.o
 .debug_frame   0x000031d0      0xa94 ./Drivers/STM32H7xx_HAL_Driver/Src/stm32h7xx_hal_uart.o
 .debug_frame   0x00003c64      0x2c0 ./Drivers/STM32H7xx_HAL_Driver/Src/stm32h7xx_hal_uart_ex.o
 .debug_frame   0x00003f24      0x144 /opt/st/stm32cubeide_1.19.0/plugins/com.st.stm32cube.ide.mcu.externaltools.gnu-tools-for-stm32.13.3.rel1.linux64_1.0.0.202410170706/tools/bin/../lib/gcc/arm-none-eabi/13.3.1/../../../../arm-none-eabi/lib/thumb/v7e-m+dp/hard/libc_nano.a(libc_a-findfp.o)
 .debug_frame   0x00004068       0x74 /opt/st/stm32cubeide_1.19.0/plugins/com.st.stm32cube.ide.mcu.externaltools.gnu-tools-for-stm32.13.3.rel1.linux64_1.0.0.202410170706/tools/bin/../lib/gcc/arm-none-eabi/13.3.1/../../../../arm-none-eabi/lib/thumb/v7e-m+dp/hard/libc_nano.a(libc_a-sprintf.o)
 .debug_frame   0x000040dc       0x20 /opt/st/stm32cubeide_1.19.0/plugins/com.st.stm32cube.ide.mcu.externaltools.gnu-tools-for-stm32.13.3.rel1.linux64_1.0.0.202410170706/tools/bin/../lib/gcc/arm-none-eabi/13.3.1/../../../../arm-none-eabi/lib/thumb/v7e-m+dp/hard/libc_nano.a(libc_a-memset.o)
 .debug_frame   0x000040fc       0x38 /opt/st/stm32cubeide_1.19.0/plugins/com.st.stm32cube.ide.mcu.externaltools.gnu-tools-for-stm32.13.3.rel1.linux64_1.0.0.202410170706/tools/bin/../lib/gcc/arm-none-eabi/13.3.1/../../../../arm-none-eabi/lib/thumb/v7e-m+dp/hard/libc_nano.a(libc_a-reent.o)
 .debug_frame   0x00004134       0x20 /opt/st/stm32cubeide_1.19.0/plugins/com.st.stm32cube.ide.mcu.externaltools.gnu-tools-for-stm32.13.3.rel1.linux64_1.0.0.202410170706/tools/bin/../lib/gcc/arm-none-eabi/13.3.1/../../../../arm-none-eabi/lib/thumb/v7e-m+dp/hard/libc_nano.a(libc_a-errno.o)
 .debug_frame   0x00004154       0x2c /opt/st/stm32cubeide_1.19.0/plugins/com.st.stm32cube.ide.mcu.externaltools.gnu-tools-for-stm32.13.3.rel1.linux64_1.0.0.202410170706/tools/bin/../lib/gcc/arm-none-eabi/13.3.1/../../../../arm-none-eabi/lib/thumb/v7e-m+dp/hard/libc_nano.a(libc_a-init.o)
 .debug_frame   0x00004180       0xb0 /opt/st/stm32cubeide_1.19.0/plugins/com.st.stm32cube.ide.mcu.externaltools.gnu-tools-for-stm32.13.3.rel1.linux64_1.0.0.202410170706/tools/bin/../lib/gcc/arm-none-eabi/13.3.1/../../../../arm-none-eabi/lib/thumb/v7e-m+dp/hard/libc_nano.a(libc_a-lock.o)
 .debug_frame   0x00004230       0x28 /opt/st/stm32cubeide_1.19.0/plugins/com.st.stm32cube.ide.mcu.externaltools.gnu-tools-for-stm32.13.3.rel1.linux64_1.0.0.202410170706/tools/bin/../lib/gcc/arm-none-eabi/13.3.1/../../../../arm-none-eabi/lib/thumb/v7e-m+dp/hard/libc_nano.a(libc_a-memcpy-stub.o)
 .debug_frame   0x00004258       0x38 /opt/st/stm32cubeide_1.19.0/plugins/com.st.stm32cube.ide.mcu.externaltools.gnu-tools-for-stm32.13.3.rel1.linux64_1.0.0.202410170706/tools/bin/../lib/gcc/arm-none-eabi/13.3.1/../../../../arm-none-eabi/lib/thumb/v7e-m+dp/hard/libc_nano.a(libc_a-freer.o)
 .debug_frame   0x00004290       0x50 /opt/st/stm32cubeide_1.19.0/plugins/com.st.stm32cube.ide.mcu.externaltools.gnu-tools-for-stm32.13.3.rel1.linux64_1.0.0.202410170706/tools/bin/../lib/gcc/arm-none-eabi/13.3.1/../../../../arm-none-eabi/lib/thumb/v7e-m+dp/hard/libc_nano.a(libc_a-mallocr.o)
 .debug_frame   0x000042e0       0x30 /opt/st/stm32cubeide_1.19.0/plugins/com.st.stm32cube.ide.mcu.externaltools.gnu-tools-for-stm32.13.3.rel1.linux64_1.0.0.202410170706/tools/bin/../lib/gcc/arm-none-eabi/13.3.1/../../../../arm-none-eabi/lib/thumb/v7e-m+dp/hard/libc_nano.a(libc_a-mlock.o)
 .debug_frame   0x00004310       0x90 /opt/st/stm32cubeide_1.19.0/plugins/com.st.stm32cube.ide.mcu.externaltools.gnu-tools-for-stm32.13.3.rel1.linux64_1.0.0.202410170706/tools/bin/../lib/gcc/arm-none-eabi/13.3.1/../../../../arm-none-eabi/lib/thumb/v7e-m+dp/hard/libc_nano.a(libc_a-nano-svfprintf.o)
 .debug_frame   0x000043a0       0x60 /opt/st/stm32cubeide_1.19.0/plugins/com.st.stm32cube.ide.mcu.externaltools.gnu-tools-for-stm32.13.3.rel1.linux64_1.0.0.202410170706/tools/bin/../lib/gcc/arm-none-eabi/13.3.1/../../../../arm-none-eabi/lib/thumb/v7e-m+dp/hard/libc_nano.a(libc_a-nano-vfprintf_i.o)
 .debug_frame   0x00004400       0x28 /opt/st/stm32cubeide_1.19.0/plugins/com.st.stm32cube.ide.mcu.externaltools.gnu-tools-for-stm32.13.3.rel1.linux64_1.0.0.202410170706/tools/bin/../lib/gcc/arm-none-eabi/13.3.1/../../../../arm-none-eabi/lib/thumb/v7e-m+dp/hard/libc_nano.a(libc_a-memmove.o)
 .debug_frame   0x00004428       0x2c /opt/st/stm32cubeide_1.19.0/plugins/com.st.stm32cube.ide.mcu.externaltools.gnu-tools-for-stm32.13.3.rel1.linux64_1.0.0.202410170706/tools/bin/../lib/gcc/arm-none-eabi/13.3.1/../../../../arm-none-eabi/lib/thumb/v7e-m+dp/hard/libc_nano.a(libc_a-sbrkr.o)
 .debug_frame   0x00004454       0x3c /opt/st/stm32cubeide_1.19.0/plugins/com.st.stm32cube.ide.mcu.externaltools.gnu-tools-for-stm32.13.3.rel1.linux64_1.0.0.202410170706/tools/bin/../lib/gcc/arm-none-eabi/13.3.1/../../../../arm-none-eabi/lib/thumb/v7e-m+dp/hard/libc_nano.a(libc_a-reallocr.o)
 .debug_frame   0x00004490       0x20 /opt/st/stm32cubeide_1.19.0/plugins/com.st.stm32cube.ide.mcu.externaltools.gnu-tools-for-stm32.13.3.rel1.linux64_1.0.0.202410170706/tools/bin/../lib/gcc/arm-none-eabi/13.3.1/../../../../arm-none-eabi/lib/thumb/v7e-m+dp/hard/libc_nano.a(libc_a-msizer.o)
 .debug_frame   0x000044b0       0x2c /opt/st/stm32cubeide_1.19.0/plugins/com.st.stm32cube.ide.mcu.externaltools.gnu-tools-for-stm32.13.3.rel1.linux64_1.0.0.202410170706/tools/bin/../lib/gcc/arm-none-eabi/13.3.1/thumb/v7e-m+dp/hard/libgcc.a(_aeabi_uldivmod.o)
 .debug_frame   0x000044dc       0x34 /opt/st/stm32cubeide_1.19.0/plugins/com.st.stm32cube.ide.mcu.externaltools.gnu-tools-for-stm32.13.3.rel1.linux64_1.0.0.202410170706/tools/bin/../lib/gcc/arm-none-eabi/13.3.1/thumb/v7e-m+dp/hard/libgcc.a(_udivmoddi4.o)

.debug_line_str
                0x00000000       0x6b
 .debug_line_str
                0x00000000       0x6b ./Core/Startup/startup_stm32h750vbtx.o
