Archive member included to satisfy reference by file (symbol)

/opt/st/stm32cubeide_1.19.0/plugins/com.st.stm32cube.ide.mcu.externaltools.gnu-tools-for-stm32.13.3.rel1.linux64_1.0.0.202410170706/tools/bin/../lib/gcc/arm-none-eabi/13.3.1/../../../../arm-none-eabi/lib/thumb/v7e-m+dp/hard/libc_nano.a(libc_a-atoi.o)
                              ./Core/Src/main.o (atoi)
/opt/st/stm32cubeide_1.19.0/plugins/com.st.stm32cube.ide.mcu.externaltools.gnu-tools-for-stm32.13.3.rel1.linux64_1.0.0.202410170706/tools/bin/../lib/gcc/arm-none-eabi/13.3.1/../../../../arm-none-eabi/lib/thumb/v7e-m+dp/hard/libc_nano.a(libc_a-exit.o)
                              /opt/st/stm32cubeide_1.19.0/plugins/com.st.stm32cube.ide.mcu.externaltools.gnu-tools-for-stm32.13.3.rel1.linux64_1.0.0.202410170706/tools/bin/../lib/gcc/arm-none-eabi/13.3.1/../../../../arm-none-eabi/lib/thumb/v7e-m+dp/hard/crt0.o (exit)
/opt/st/stm32cubeide_1.19.0/plugins/com.st.stm32cube.ide.mcu.externaltools.gnu-tools-for-stm32.13.3.rel1.linux64_1.0.0.202410170706/tools/bin/../lib/gcc/arm-none-eabi/13.3.1/../../../../arm-none-eabi/lib/thumb/v7e-m+dp/hard/libc_nano.a(libc_a-strtol.o)
                              /opt/st/stm32cubeide_1.19.0/plugins/com.st.stm32cube.ide.mcu.externaltools.gnu-tools-for-stm32.13.3.rel1.linux64_1.0.0.202410170706/tools/bin/../lib/gcc/arm-none-eabi/13.3.1/../../../../arm-none-eabi/lib/thumb/v7e-m+dp/hard/libc_nano.a(libc_a-atoi.o) (_strtol_r)
/opt/st/stm32cubeide_1.19.0/plugins/com.st.stm32cube.ide.mcu.externaltools.gnu-tools-for-stm32.13.3.rel1.linux64_1.0.0.202410170706/tools/bin/../lib/gcc/arm-none-eabi/13.3.1/../../../../arm-none-eabi/lib/thumb/v7e-m+dp/hard/libc_nano.a(libc_a-ctype_.o)
                              /opt/st/stm32cubeide_1.19.0/plugins/com.st.stm32cube.ide.mcu.externaltools.gnu-tools-for-stm32.13.3.rel1.linux64_1.0.0.202410170706/tools/bin/../lib/gcc/arm-none-eabi/13.3.1/../../../../arm-none-eabi/lib/thumb/v7e-m+dp/hard/libc_nano.a(libc_a-strtol.o) (_ctype_)
/opt/st/stm32cubeide_1.19.0/plugins/com.st.stm32cube.ide.mcu.externaltools.gnu-tools-for-stm32.13.3.rel1.linux64_1.0.0.202410170706/tools/bin/../lib/gcc/arm-none-eabi/13.3.1/../../../../arm-none-eabi/lib/thumb/v7e-m+dp/hard/libc_nano.a(libc_a-findfp.o)
                              /opt/st/stm32cubeide_1.19.0/plugins/com.st.stm32cube.ide.mcu.externaltools.gnu-tools-for-stm32.13.3.rel1.linux64_1.0.0.202410170706/tools/bin/../lib/gcc/arm-none-eabi/13.3.1/../../../../arm-none-eabi/lib/thumb/v7e-m+dp/hard/libc_nano.a(libc_a-exit.o) (__stdio_exit_handler)
/opt/st/stm32cubeide_1.19.0/plugins/com.st.stm32cube.ide.mcu.externaltools.gnu-tools-for-stm32.13.3.rel1.linux64_1.0.0.202410170706/tools/bin/../lib/gcc/arm-none-eabi/13.3.1/../../../../arm-none-eabi/lib/thumb/v7e-m+dp/hard/libc_nano.a(libc_a-fwalk.o)
                              /opt/st/stm32cubeide_1.19.0/plugins/com.st.stm32cube.ide.mcu.externaltools.gnu-tools-for-stm32.13.3.rel1.linux64_1.0.0.202410170706/tools/bin/../lib/gcc/arm-none-eabi/13.3.1/../../../../arm-none-eabi/lib/thumb/v7e-m+dp/hard/libc_nano.a(libc_a-findfp.o) (_fwalk_sglue)
/opt/st/stm32cubeide_1.19.0/plugins/com.st.stm32cube.ide.mcu.externaltools.gnu-tools-for-stm32.13.3.rel1.linux64_1.0.0.202410170706/tools/bin/../lib/gcc/arm-none-eabi/13.3.1/../../../../arm-none-eabi/lib/thumb/v7e-m+dp/hard/libc_nano.a(libc_a-stdio.o)
                              /opt/st/stm32cubeide_1.19.0/plugins/com.st.stm32cube.ide.mcu.externaltools.gnu-tools-for-stm32.13.3.rel1.linux64_1.0.0.202410170706/tools/bin/../lib/gcc/arm-none-eabi/13.3.1/../../../../arm-none-eabi/lib/thumb/v7e-m+dp/hard/libc_nano.a(libc_a-findfp.o) (__sread)
/opt/st/stm32cubeide_1.19.0/plugins/com.st.stm32cube.ide.mcu.externaltools.gnu-tools-for-stm32.13.3.rel1.linux64_1.0.0.202410170706/tools/bin/../lib/gcc/arm-none-eabi/13.3.1/../../../../arm-none-eabi/lib/thumb/v7e-m+dp/hard/libc_nano.a(libc_a-memset.o)
                              /opt/st/stm32cubeide_1.19.0/plugins/com.st.stm32cube.ide.mcu.externaltools.gnu-tools-for-stm32.13.3.rel1.linux64_1.0.0.202410170706/tools/bin/../lib/gcc/arm-none-eabi/13.3.1/../../../../arm-none-eabi/lib/thumb/v7e-m+dp/hard/crt0.o (memset)
/opt/st/stm32cubeide_1.19.0/plugins/com.st.stm32cube.ide.mcu.externaltools.gnu-tools-for-stm32.13.3.rel1.linux64_1.0.0.202410170706/tools/bin/../lib/gcc/arm-none-eabi/13.3.1/../../../../arm-none-eabi/lib/thumb/v7e-m+dp/hard/libc_nano.a(libc_a-closer.o)
                              /opt/st/stm32cubeide_1.19.0/plugins/com.st.stm32cube.ide.mcu.externaltools.gnu-tools-for-stm32.13.3.rel1.linux64_1.0.0.202410170706/tools/bin/../lib/gcc/arm-none-eabi/13.3.1/../../../../arm-none-eabi/lib/thumb/v7e-m+dp/hard/libc_nano.a(libc_a-stdio.o) (_close_r)
/opt/st/stm32cubeide_1.19.0/plugins/com.st.stm32cube.ide.mcu.externaltools.gnu-tools-for-stm32.13.3.rel1.linux64_1.0.0.202410170706/tools/bin/../lib/gcc/arm-none-eabi/13.3.1/../../../../arm-none-eabi/lib/thumb/v7e-m+dp/hard/libc_nano.a(libc_a-reent.o)
[...]
Memory Configuration

Name             Origin             Length             Attributes
FLASH            0x08000000         0x00020000         xr
DTCMRAM          0x20000000         0x00020000         xrw
RAM_D1           0x24000000         0x00080000         xrw
RAM_D2           0x30000000         0x00048000         xrw
RAM_D3           0x38000000         0x00010000         xrw
ITCMRAM          0x00000000         0x00010000         xrw
*default*        0x00000000         0xffffffff

Linker script and memory map

LOAD /opt/st/stm32cubeide_1.19.0/plugins/com.st.stm32cube.ide.mcu.externaltools.gnu-tools-for-stm32.13.3.rel1.linux64_1.0.0.202410170706/tools/bin/../lib/gcc/arm-none-eabi/13.3.1/thumb/v7e-m+dp/hard/crti.o
LOAD /opt/st/stm32cubeide_1.19.0/plugins/com.st.stm32cube.ide.mcu.externaltools.gnu-tools-for-stm32.13.3.rel1.linux64_1.0.0.202410170706/tools/bin/../lib/gcc/arm-none-eabi/13.3.1/thumb/v7e-m+dp/hard/crtbegin.o
LOAD /opt/st/stm32cubeide_1.19.0/plugins/com.st.stm32cube.ide.mcu.externaltools.gnu-tools-for-stm32.13.3.rel1.linux64_1.0.0.202410170706/tools/bin/../lib/gcc/arm-none-eabi/13.3.1/../../../../arm-none-eabi/lib/thumb/v7e-m+dp/hard/crt0.o
LOAD ./Core/Src/VL53L1X.o
LOAD ./Core/Src/VL53L1X_api.o
LOAD ./Core/Src/VL53L1X_calibration.o
LOAD ./Core/Src/main.o
LOAD ./Core/Src/stm32h7xx_hal_msp.o
LOAD ./Core/Src/stm32h7xx_it.o
LOAD ./Core/Src/syscalls.o
LOAD ./Core/Src/sysmem.o
LOAD ./Core/Src/system_stm32h7xx.o
LOAD ./Core/Src/vl53l1_platform.o
LOAD ./Core/Startup/startup_stm32h750vbtx.o
LOAD ./Drivers/STM32H7xx_HAL_Driver/Src/stm32h7xx_hal.o
LOAD ./Drivers/STM32H7xx_HAL_Driver/Src/stm32h7xx_hal_cortex.o
LOAD ./Drivers/STM32H7xx_HAL_Driver/Src/stm32h7xx_hal_dma.o
LOAD ./Drivers/STM32H7xx_HAL_Driver/Src/stm32h7xx_hal_dma_ex.o
LOAD ./Drivers/STM32H7xx_HAL_Driver/Src/stm32h7xx_hal_exti.o
LOAD ./Drivers/STM32H7xx_HAL_Driver/Src/stm32h7xx_hal_flash.o
LOAD ./Drivers/STM32H7xx_HAL_Driver/Src/stm32h7xx_hal_flash_ex.o
LOAD ./Drivers/STM32H7xx_HAL_Driver/Src/stm32h7xx_hal_gpio.o
LOAD ./Drivers/STM32H7xx_HAL_Driver/Src/stm32h7xx_hal_hsem.o
LOAD ./Drivers/STM32H7xx_HAL_Driver/Src/stm32h7xx_hal_i2c.o
LOAD ./Drivers/STM32H7xx_HAL_Driver/Src/stm32h7xx_hal_i2c_ex.o
LOAD ./Drivers/STM32H7xx_HAL_Driver/Src/stm32h7xx_hal_mdma.o
LOAD ./Drivers/STM32H7xx_HAL_Driver/Src/stm32h7xx_hal_pwr.o
LOAD ./Drivers/STM32H7xx_HAL_Driver/Src/stm32h7xx_hal_pwr_ex.o
LOAD ./Drivers/STM32H7xx_HAL_Driver/Src/stm32h7xx_hal_rcc.o
LOAD ./Drivers/STM32H7xx_HAL_Driver/Src/stm32h7xx_hal_rcc_ex.o
LOAD ./Drivers/STM32H7xx_HAL_Driver/Src/stm32h7xx_hal_tim.o
LOAD ./Drivers/STM32H7xx_HAL_Driver/Src/stm32h7xx_hal_tim_ex.o
LOAD ./Drivers/STM32H7xx_HAL_Driver/Src/stm32h7xx_hal_uart.o
LOAD ./Drivers/STM32H7xx_HAL_Driver/Src/stm32h7xx_hal_uart_ex.o
START GROUP
LOAD /opt/st/stm32cubeide_1.19.0/plugins/com.st.stm32cube.ide.mcu.externaltools.gnu-tools-for-stm32.13.3.rel1.linux64_1.0.0.202410170706/tools/bin/../lib/gcc/arm-none-eabi/13.3.1/../../../../arm-none-eabi/lib/thumb/v7e-m+dp/hard/libc_nano.a
LOAD /opt/st/stm32cubeide_1.19.0/plugins/com.st.stm32cube.ide.mcu.externaltools.gnu-tools-for-stm32.13.3.rel1.linux64_1.0.0.202410170706/tools/bin/../lib/gcc/arm-none-eabi/13.3.1/../../../../arm-none-eabi/lib/thumb/v7e-m+dp/hard/libm.a
END GROUP
START GROUP
LOAD /opt/st/stm32cubeide_1.19.0/plugins/com.st.stm32cube.ide.mcu.externaltools.gnu-tools-for-stm32.13.3.rel1.linux64_1.0.0.202410170706/tools/bin/../lib/gcc/arm-none-eabi/13.3.1/thumb/v7e-m+dp/hard/libgcc.a
LOAD /opt/st/stm32cubeide_1.19.0/plugins/com.st.stm32cube.ide.mcu.externaltools.gnu-tools-for-stm32.13.3.rel1.linux64_1.0.0.202410170706/tools/bin/../lib/gcc/arm-none-eabi/13.3.1/../../../../arm-none-eabi/lib/thumb/v7e-m+dp/hard/libc_nano.a
END GROUP
START GROUP
LOAD /opt/st/stm32cubeide_1.19.0/plugins/com.st.stm32cube.ide.mcu.externaltools.gnu-tools-for-stm32.13.3.rel1.linux64_1.0.0.202410170706/tools/bin/../lib/gcc/arm-none-eabi/13.3.1/thumb/v7e-m+dp/hard/libgcc.a
LOAD /opt/st/stm32cubeide_1.19.0/plugins/com.st.stm32cube.ide.mcu.externaltools.gnu-tools-for-stm32.13.3.rel1.linux64_1.0.0.202410170706/tools/bin/../lib/gcc/arm-none-eabi/13.3.1/../../../../arm-none-eabi/lib/thumb/v7e-m+dp/hard/libc_nano.a
LOAD /opt/st/stm32cubeide_1.19.0/plugins/com.st.stm32cube.ide.mcu.externaltools.gnu-tools-for-stm32.13.3.rel1.linux64_1.0.0.202410170706/tools/bin/../lib/gcc/arm-none-eabi/13.3.1/../../../../arm-none-eabi/lib/thumb/v7e-m+dp/hard/libnosys.a
END GROUP
START GROUP
LOAD /opt/st/stm32cubeide_1.19.0/plugins/com.st.stm32cube.ide.mcu.externaltools.gnu-tools-for-stm32.13.3.rel1.linux64_1.0.0.202410170706/tools/bin/../lib/gcc/arm-none-eabi/13.3.1/thumb/v7e-m+dp/hard/libgcc.a
LOAD /opt/st/stm32cubeide_1.19.0/plugins/com.st.stm32cube.ide.mcu.externaltools.gnu-tools-for-stm32.13.3.rel1.linux64_1.0.0.202410170706/tools/bin/../lib/gcc/arm-none-eabi/13.3.1/../../../../arm-none-eabi/lib/thumb/v7e-m+dp/hard/libc_nano.a
LOAD /opt/st/stm32cubeide_1.19.0/plugins/com.st.stm32cube.ide.mcu.externaltools.gnu-tools-for-stm32.13.3.rel1.linux64_1.0.0.202410170706/tools/bin/../lib/gcc/arm-none-eabi/13.3.1/../../../../arm-none-eabi/lib/thumb/v7e-m+dp/hard/libnosys.a
END GROUP
LOAD /opt/st/stm32cubeide_1.19.0/plugins/com.st.stm32cube.ide.mcu.externaltools.gnu-tools-for-stm32.13.3.rel1.linux64_1.0.0.202410170706/tools/bin/../lib/gcc/arm-none-eabi/13.3.1/thumb/v7e-m+dp/hard/crtend.o
LOAD /opt/st/stm32cubeide_1.19.0/plugins/com.st.stm32cube.ide.mcu.externaltools.gnu-tools-for-stm32.13.3.rel1.linux64_1.0.0.202410170706/tools/bin/../lib/gcc/arm-none-eabi/13.3.1/thumb/v7e-m+dp/hard/crtn.o
                0x24080000                        _estack = (ORIGIN (RAM_D1) + LENGTH (RAM_D1))
                0x00000200                        _Min_Heap_Size = 0x200
                0x00000400                        _Min_Stack_Size = 0x400

.isr_vector     0x08000000      0x298
                0x08000000                        . = ALIGN (0x4)
 *(.isr_vector)
 .isr_vector    0x08000000      0x298 ./Core/Startup/startup_stm32h750vbtx.o
                0x08000000                g_pfnVectors
                0x08000298                        . = ALIGN (0x4)

.text           0x08000298     0xa250
                0x08000298                        . = ALIGN (0x4)
 *(.text)
 .text          0x08000298       0x40 /opt/st/stm32cubeide_1.19.0/plugins/com.st.stm32cube.ide.mcu.externaltools.gnu-tools-for-stm32.13.3.rel1.linux64_1.0.0.202410170706/tools/bin/../lib/gcc/arm-none-eabi/13.3.1/thumb/v7e-m+dp/hard/crtbegin.o
 .text          0x080002d8       0x30 /opt/st/stm32cubeide_1.19.0/plugins/com.st.stm32cube.ide.mcu.externaltools.gnu-tools-for-stm32.13.3.rel1.linux64_1.0.0.202410170706/tools/bin/../lib/gcc/arm-none-eabi/13.3.1/thumb/v7e-m+dp/hard/libgcc.a(_aeabi_uldivmod.o)
                0x080002d8                __aeabi_uldivmod
 .text          0x08000308      0x2f8 /opt/st/stm32cubeide_1.19.0/plugins/com.st.stm32cube.ide.mcu.externaltools.gnu-tools-for-stm32.13.3.rel1.linux64_1.0.0.202410170706/tools/bin/../lib/gcc/arm-none-eabi/13.3.1/thumb/v7e-m+dp/hard/libgcc.a(_udivmoddi4.o)
                0x08000308                __udivmoddi4
 .text          0x08000600        0x4 /opt/st/stm32cubeide_1.19.0/plugins/com.st.stm32cube.ide.mcu.externaltools.gnu-tools-for-stm32.13.3.rel1.linux64_1.0.0.202410170706/tools/bin/../lib/gcc/arm-none-eabi/13.3.1/thumb/v7e-m+dp/hard/libgcc.a(_dvmd_tls.o)
                0x08000600                __aeabi_ldiv0
                0x08000600                __aeabi_idiv0
 *(.text*)
 .text.TOF_InitStruct
                0x08000604       0xa4 ./Core/Src/VL53L1X.o
                0x08000604                TOF_InitStruct
 .text.TOF_TurnOn
                0x080006a8       0x20 ./Core/Src/VL53L1X.o
                0x080006a8                TOF_TurnOn
 .text.TOF_BootSensor
                0x080006c8      0x10c ./Core/Src/VL53L1X.o
                0x080006c8                TOF_BootSensor
 .text.TOF_GetDistance
                0x080007d4       0x54 ./Core/Src/VL53L1X.o
                0x080007d4                TOF_GetDistance
 .text.VL53L1X_SetI2CAddress
                0x08000828       0x36 ./Core/Src/VL53L1X_api.o
                0x08000828                VL53L1X_SetI2CAddress
 *fill*         0x0800085e        0x2 
 .text.VL53L1X_SensorInit
                0x08000860       0xd8 ./Core/Src/VL53L1X_api.o
                0x08000860                VL53L1X_SensorInit
 .text.VL53L1X_ClearInterrupt
                0x08000938       0x30 ./Core/Src/VL53L1X_api.o
                0x08000938                VL53L1X_ClearInterrupt
 .text.VL53L1X_GetInterruptPolarity
                0x08000968       0x54 ./Core/Src/VL53L1X_api.o
                0x08000968                VL53L1X_GetInterruptPolarity
 .text.VL53L1X_StartRanging
                0x080009bc       0x30 ./Core/Src/VL53L1X_api.o
                0x080009bc                VL53L1X_StartRanging
 .text.VL53L1X_StopRanging
                0x080009ec       0x30 ./Core/Src/VL53L1X_api.o
                0x080009ec                VL53L1X_StopRanging
 .text.VL53L1X_CheckForDataReady
                0x08000a1c       0x6e ./Core/Src/VL53L1X_api.o
                0x08000a1c                VL53L1X_CheckForDataReady
 .text.VL53L1X_SetTimingBudgetInMs
                0x08000a8a      0x22c ./Core/Src/VL53L1X_api.o
                0x08000a8a                VL53L1X_SetTimingBudgetInMs
 .text.VL53L1X_GetTimingBudgetInMs
                0x08000cb6      0x10a ./Core/Src/VL53L1X_api.o
                0x08000cb6                VL53L1X_GetTimingBudgetInMs
 .text.VL53L1X_SetDistanceMode
                0x08000dc0      0x140 ./Core/Src/VL53L1X_api.o
                0x08000dc0                VL53L1X_SetDistanceMode
 .text.VL53L1X_GetDistanceMode
                0x08000f00       0x50 ./Core/Src/VL53L1X_api.o
                0x08000f00                VL53L1X_GetDistanceMode
 .text.VL53L1X_GetSensorId
                0x08000f50       0x40 ./Core/Src/VL53L1X_api.o
                0x08000f50                VL53L1X_GetSensorId
 .text.VL53L1X_GetDistance
                0x08000f90       0x3a ./Core/Src/VL53L1X_api.o
                0x08000f90                VL53L1X_GetDistance
 .text.VL53L1X_SetROI
                0x08000fca       0xa4 ./Core/Src/VL53L1X_api.o
                0x08000fca                VL53L1X_SetROI
 *fill*         0x0800106e        0x2 
 .text.HAL_UARTEx_RxEventCallback
                0x08001070       0x24 ./Core/Src/main.o
                0x08001070                HAL_UARTEx_RxEventCallback
 .text.main     0x08001094       0xf4 ./Core/Src/main.o
                0x08001094                main
 .text.SystemClock_Config
                0x08001188       0xd8 ./Core/Src/main.o
                0x08001188                SystemClock_Config
 .text.MX_I2C1_Init
                0x08001260       0x80 ./Core/Src/main.o
 .text.MX_TIM1_Init
                0x080012e0      0x158 ./Core/Src/main.o
 .text.MX_USART1_UART_Init
                0x08001438       0x98 ./Core/Src/main.o
 .text.MX_GPIO_Init
                0x080014d0       0x8c ./Core/Src/main.o
 .text.MPU_Config
                0x0800155c       0x58 ./Core/Src/main.o
 .text.Error_Handler
                0x080015b4        0xc ./Core/Src/main.o
                0x080015b4                Error_Handler
 .text.HAL_MspInit
                0x080015c0       0x34 ./Core/Src/stm32h7xx_hal_msp.o
                0x080015c0                HAL_MspInit
 .text.HAL_I2C_MspInit
                0x080015f4       0xd0 ./Core/Src/stm32h7xx_hal_msp.o
                0x080015f4                HAL_I2C_MspInit
 .text.HAL_TIM_Base_MspInit
                0x080016c4       0x44 ./Core/Src/stm32h7xx_hal_msp.o
                0x080016c4                HAL_TIM_Base_MspInit
 .text.HAL_TIM_MspPostInit
                0x08001708       0x78 ./Core/Src/stm32h7xx_hal_msp.o
                0x08001708                HAL_TIM_MspPostInit
 .text.HAL_UART_MspInit
                0x08001780       0xe4 ./Core/Src/stm32h7xx_hal_msp.o
                0x08001780                HAL_UART_MspInit
 .text.NMI_Handler
                0x08001864        0x8 ./Core/Src/stm32h7xx_it.o
                0x08001864                NMI_Handler
 .text.HardFault_Handler
                0x0800186c        0x8 ./Core/Src/stm32h7xx_it.o
                0x0800186c                HardFault_Handler
 .text.MemManage_Handler
                0x08001874        0x8 ./Core/Src/stm32h7xx_it.o
                0x08001874                MemManage_Handler
 .text.BusFault_Handler
                0x0800187c        0x8 ./Core/Src/stm32h7xx_it.o
                0x0800187c                BusFault_Handler
 .text.UsageFault_Handler
                0x08001884        0x8 ./Core/Src/stm32h7xx_it.o
                0x08001884                UsageFault_Handler
 .text.SVC_Handler
                0x0800188c        0xe ./Core/Src/stm32h7xx_it.o
                0x0800188c                SVC_Handler
 .text.DebugMon_Handler
                0x0800189a        0xe ./Core/Src/stm32h7xx_it.o
                0x0800189a                DebugMon_Handler
 .text.PendSV_Handler
                0x080018a8        0xe ./Core/Src/stm32h7xx_it.o
                0x080018a8                PendSV_Handler
 .text.SysTick_Handler
                0x080018b6        0xc ./Core/Src/stm32h7xx_it.o
                0x080018b6                SysTick_Handler
 *fill*         0x080018c2        0x2 
 .text.USART1_IRQHandler
                0x080018c4       0x14 ./Core/Src/stm32h7xx_it.o
                0x080018c4                USART1_IRQHandler
 .text.SystemInit
                0x080018d8      0x140 ./Core/Src/system_stm32h7xx.o
                0x080018d8                SystemInit
 .text.ExitRun0Mode
                0x08001a18       0x30 ./Core/Src/system_stm32h7xx.o
                0x08001a18                ExitRun0Mode
 .text._GetTof  0x08001a48       0x60 ./Core/Src/vl53l1_platform.o
                0x08001a48                _GetTof
 .text._I2CWrite
                0x08001aa8       0x46 ./Core/Src/vl53l1_platform.o
                0x08001aa8                _I2CWrite
 .text._I2CRead
                0x08001aee       0x46 ./Core/Src/vl53l1_platform.o
                0x08001aee                _I2CRead
 .text.VL53L1_WrByte
                0x08001b34       0x58 ./Core/Src/vl53l1_platform.o
                0x08001b34                VL53L1_WrByte
 .text.VL53L1_WrWord
                0x08001b8c       0x68 ./Core/Src/vl53l1_platform.o
                0x08001b8c                VL53L1_WrWord
 .text.VL53L1_RdByte
                0x08001bf4       0x70 ./Core/Src/vl53l1_platform.o
                0x08001bf4                VL53L1_RdByte
 .text.VL53L1_RdWord
                0x08001c64       0x80 ./Core/Src/vl53l1_platform.o
                0x08001c64                VL53L1_RdWord
 .text.Reset_Handler
                0x08001ce4       0x54 ./Core/Startup/startup_stm32h750vbtx.o
                0x08001ce4                Reset_Handler
 .text.Default_Handler
                0x08001d38        0x2 ./Core/Startup/startup_stm32h750vbtx.o
                0x08001d38                RTC_Alarm_IRQHandler
                0x08001d38                HASH_RNG_IRQHandler
                0x08001d38                EXTI2_IRQHandler
                0x08001d38                TIM8_CC_IRQHandler
                0x08001d38                HRTIM1_Master_IRQHandler
                0x08001d38                UART8_IRQHandler
                0x08001d38                SPI4_IRQHandler
                0x08001d38                TIM1_CC_IRQHandler
                0x08001d38                BDMA_Channel6_IRQHandler
                0x08001d38                DMA2_Stream5_IRQHandler
                0x08001d38                HRTIM1_FLT_IRQHandler
                0x08001d38                JPEG_IRQHandler
                0x08001d38                DMA1_Stream5_IRQHandler
                0x08001d38                BDMA_Channel1_IRQHandler
                0x08001d38                HRTIM1_TIMD_IRQHandler
                0x08001d38                TAMP_STAMP_IRQHandler
                0x08001d38                EXTI3_IRQHandler
                0x08001d38                LPTIM4_IRQHandler
                0x08001d38                TIM8_TRG_COM_TIM14_IRQHandler
                0x08001d38                LPTIM2_IRQHandler
                0x08001d38                DFSDM1_FLT1_IRQHandler
                0x08001d38                DMAMUX2_OVR_IRQHandler
                0x08001d38                TIM8_UP_TIM13_IRQHandler
                0x08001d38                I2C3_ER_IRQHandler
                0x08001d38                DFSDM1_FLT2_IRQHandler
                0x08001d38                MDMA_IRQHandler
                0x08001d38                LPTIM3_IRQHandler
                0x08001d38                HSEM1_IRQHandler
                0x08001d38                EXTI0_IRQHandler
                0x08001d38                I2C2_EV_IRQHandler
                0x08001d38                DMA1_Stream2_IRQHandler
                0x08001d38                FPU_IRQHandler
                0x08001d38                OTG_HS_WKUP_IRQHandler
                0x08001d38                FDCAN1_IT1_IRQHandler
                0x08001d38                LTDC_ER_IRQHandler
                0x08001d38                DMA2_Stream2_IRQHandler
                0x08001d38                HRTIM1_TIME_IRQHandler
                0x08001d38                SPI1_IRQHandler
                0x08001d38                TIM6_DAC_IRQHandler
                0x08001d38                DCMI_IRQHandler
                0x08001d38                HRTIM1_TIMC_IRQHandler
                0x08001d38                DMA2_Stream3_IRQHandler
                0x08001d38                SAI2_IRQHandler
                0x08001d38                DFSDM1_FLT3_IRQHandler
                0x08001d38                USART6_IRQHandler
                0x08001d38                TIM17_IRQHandler
                0x08001d38                USART3_IRQHandler
                0x08001d38                BDMA_Channel7_IRQHandler
                0x08001d38                CRYP_IRQHandler
                0x08001d38                LPTIM5_IRQHandler
                0x08001d38                UART5_IRQHandler
                0x08001d38                ADC3_IRQHandler
                0x08001d38                DMA2_Stream0_IRQHandler
                0x08001d38                TIM4_IRQHandler
                0x08001d38                BDMA_Channel2_IRQHandler
                0x08001d38                QUADSPI_IRQHandler
                0x08001d38                I2C1_EV_IRQHandler
                0x08001d38                DMA1_Stream6_IRQHandler
                0x08001d38                DMAMUX1_OVR_IRQHandler
                0x08001d38                DMA1_Stream1_IRQHandler
                0x08001d38                TIM16_IRQHandler
                0x08001d38                UART4_IRQHandler
                0x08001d38                BDMA_Channel5_IRQHandler
                0x08001d38                TIM3_IRQHandler
                0x08001d38                RCC_IRQHandler
                0x08001d38                TIM8_BRK_TIM12_IRQHandler
                0x08001d38                TIM1_TRG_COM_IRQHandler
                0x08001d38                Default_Handler
                0x08001d38                ECC_IRQHandler
                0x08001d38                CEC_IRQHandler
                0x08001d38                EXTI15_10_IRQHandler
                0x08001d38                BDMA_Channel0_IRQHandler
                0x08001d38                ADC_IRQHandler
                0x08001d38                DMA1_Stream7_IRQHandler
                0x08001d38                HRTIM1_TIMA_IRQHandler
                0x08001d38                SPI5_IRQHandler
                0x08001d38                TIM7_IRQHandler
                0x08001d38                SDMMC1_IRQHandler
                0x08001d38                TIM5_IRQHandler
                0x08001d38                DMA2_Stream7_IRQHandler
                0x08001d38                TIM15_IRQHandler
                0x08001d38                PVD_AVD_IRQHandler
                0x08001d38                I2C3_EV_IRQHandler
                0x08001d38                EXTI9_5_IRQHandler
                0x08001d38                RTC_WKUP_IRQHandler
                0x08001d38                LTDC_IRQHandler
                0x08001d38                SAI3_IRQHandler
                0x08001d38                ETH_WKUP_IRQHandler
                0x08001d38                SPDIF_RX_IRQHandler
                0x08001d38                SPI2_IRQHandler
                0x08001d38                OTG_HS_EP1_IN_IRQHandler
                0x08001d38                DMA1_Stream0_IRQHandler
                0x08001d38                CRS_IRQHandler
                0x08001d38                EXTI4_IRQHandler
                0x08001d38                HRTIM1_TIMB_IRQHandler
                0x08001d38                FDCAN2_IT1_IRQHandler
                0x08001d38                ETH_IRQHandler
                0x08001d38                TIM1_UP_IRQHandler
                0x08001d38                BDMA_Channel4_IRQHandler
                0x08001d38                OTG_HS_EP1_OUT_IRQHandler
                0x08001d38                WWDG_IRQHandler
                0x08001d38                SPI6_IRQHandler
                0x08001d38                MDIOS_IRQHandler
                0x08001d38                I2C4_EV_IRQHandler
                0x08001d38                FDCAN2_IT0_IRQHandler
                0x08001d38                LPUART1_IRQHandler
                0x08001d38                FDCAN1_IT0_IRQHandler
                0x08001d38                TIM2_IRQHandler
                0x08001d38                OTG_FS_WKUP_IRQHandler
                0x08001d38                OTG_HS_IRQHandler
                0x08001d38                DMA2D_IRQHandler
                0x08001d38                TIM1_BRK_IRQHandler
                0x08001d38                EXTI1_IRQHandler
                0x08001d38                SDMMC2_IRQHandler
                0x08001d38                OTG_FS_EP1_OUT_IRQHandler
                0x08001d38                BDMA_Channel3_IRQHandler
                0x08001d38                UART7_IRQHandler
                0x08001d38                MDIOS_WKUP_IRQHandler
                0x08001d38                USART2_IRQHandler
                0x08001d38                DFSDM1_FLT0_IRQHandler
                0x08001d38                SAI4_IRQHandler
                0x08001d38                I2C2_ER_IRQHandler
                0x08001d38                DMA2_Stream1_IRQHandler
                0x08001d38                FLASH_IRQHandler
                0x08001d38                DMA2_Stream4_IRQHandler
                0x08001d38                OTG_FS_IRQHandler
                0x08001d38                SPI3_IRQHandler
                0x08001d38                WAKEUP_PIN_IRQHandler
                0x08001d38                DMA1_Stream4_IRQHandler
                0x08001d38                OTG_FS_EP1_IN_IRQHandler
                0x08001d38                I2C1_ER_IRQHandler
                0x08001d38                FMC_IRQHandler
                0x08001d38                FDCAN_CAL_IRQHandler
                0x08001d38                SWPMI1_IRQHandler
                0x08001d38                COMP1_IRQHandler
                0x08001d38                LPTIM1_IRQHandler
                0x08001d38                I2C4_ER_IRQHandler
                0x08001d38                DMA2_Stream6_IRQHandler
                0x08001d38                SAI1_IRQHandler
                0x08001d38                DMA1_Stream3_IRQHandler
 *fill*         0x08001d3a        0x2 
 .text.HAL_Init
                0x08001d3c       0x78 ./Drivers/STM32H7xx_HAL_Driver/Src/stm32h7xx_hal.o
                0x08001d3c                HAL_Init
 .text.HAL_InitTick
                0x08001db4       0x6c ./Drivers/STM32H7xx_HAL_Driver/Src/stm32h7xx_hal.o
                0x08001db4                HAL_InitTick
 .text.HAL_IncTick
                0x08001e20       0x28 ./Drivers/STM32H7xx_HAL_Driver/Src/stm32h7xx_hal.o
                0x08001e20                HAL_IncTick
 .text.HAL_GetTick
                0x08001e48       0x18 ./Drivers/STM32H7xx_HAL_Driver/Src/stm32h7xx_hal.o
                0x08001e48                HAL_GetTick
 .text.HAL_Delay
                0x08001e60       0x48 ./Drivers/STM32H7xx_HAL_Driver/Src/stm32h7xx_hal.o
                0x08001e60                HAL_Delay
 .text.HAL_GetREVID
                0x08001ea8       0x18 ./Drivers/STM32H7xx_HAL_Driver/Src/stm32h7xx_hal.o
                0x08001ea8                HAL_GetREVID
 .text.__NVIC_SetPriorityGrouping
                0x08001ec0       0x48 ./Drivers/STM32H7xx_HAL_Driver/Src/stm32h7xx_hal_cortex.o
 .text.__NVIC_GetPriorityGrouping
                0x08001f08       0x1c ./Drivers/STM32H7xx_HAL_Driver/Src/stm32h7xx_hal_cortex.o
 .text.__NVIC_EnableIRQ
                0x08001f24       0x3c ./Drivers/STM32H7xx_HAL_Driver/Src/stm32h7xx_hal_cortex.o
 .text.__NVIC_SetPriority
                0x08001f60       0x54 ./Drivers/STM32H7xx_HAL_Driver/Src/stm32h7xx_hal_cortex.o
 .text.NVIC_EncodePriority
                0x08001fb4       0x66 ./Drivers/STM32H7xx_HAL_Driver/Src/stm32h7xx_hal_cortex.o
 *fill*         0x0800201a        0x2 
 .text.SysTick_Config
                0x0800201c       0x44 ./Drivers/STM32H7xx_HAL_Driver/Src/stm32h7xx_hal_cortex.o
 .text.HAL_NVIC_SetPriorityGrouping
                0x08002060       0x16 ./Drivers/STM32H7xx_HAL_Driver/Src/stm32h7xx_hal_cortex.o
                0x08002060                HAL_NVIC_SetPriorityGrouping
 .text.HAL_NVIC_SetPriority
                0x08002076       0x34 ./Drivers/STM32H7xx_HAL_Driver/Src/stm32h7xx_hal_cortex.o
                0x08002076                HAL_NVIC_SetPriority
 .text.HAL_NVIC_EnableIRQ
                0x080020aa       0x1c ./Drivers/STM32H7xx_HAL_Driver/Src/stm32h7xx_hal_cortex.o
                0x080020aa                HAL_NVIC_EnableIRQ
 .text.HAL_SYSTICK_Config
                0x080020c6       0x18 ./Drivers/STM32H7xx_HAL_Driver/Src/stm32h7xx_hal_cortex.o
                0x080020c6                HAL_SYSTICK_Config
 *fill*         0x080020de        0x2 
 .text.HAL_MPU_Disable
                0x080020e0       0x30 ./Drivers/STM32H7xx_HAL_Driver/Src/stm32h7xx_hal_cortex.o
                0x080020e0                HAL_MPU_Disable
 .text.HAL_MPU_Enable
                0x08002110       0x40 ./Drivers/STM32H7xx_HAL_Driver/Src/stm32h7xx_hal_cortex.o
                0x08002110                HAL_MPU_Enable
 .text.HAL_MPU_ConfigRegion
                0x08002150       0x80 ./Drivers/STM32H7xx_HAL_Driver/Src/stm32h7xx_hal_cortex.o
                0x08002150                HAL_MPU_ConfigRegion
 .text.HAL_DMA_Abort
                0x080021d0      0x63c ./Drivers/STM32H7xx_HAL_Driver/Src/stm32h7xx_hal_dma.o
                0x080021d0                HAL_DMA_Abort
 .text.HAL_DMA_Abort_IT
                0x0800280c      0x48c ./Drivers/STM32H7xx_HAL_Driver/Src/stm32h7xx_hal_dma.o
                0x0800280c                HAL_DMA_Abort_IT
 .text.HAL_GPIO_Init
                0x08002c98      0x360 ./Drivers/STM32H7xx_HAL_Driver/Src/stm32h7xx_hal_gpio.o
                0x08002c98                HAL_GPIO_Init
 .text.HAL_GPIO_WritePin
                0x08002ff8       0x32 ./Drivers/STM32H7xx_HAL_Driver/Src/stm32h7xx_hal_gpio.o
                0x08002ff8                HAL_GPIO_WritePin
 *fill*         0x0800302a        0x2 
 .text.HAL_I2C_Init
                0x0800302c      0x138 ./Drivers/STM32H7xx_HAL_Driver/Src/stm32h7xx_hal_i2c.o
                0x0800302c                HAL_I2C_Init
 .text.HAL_I2C_Master_Transmit
                0x08003164      0x230 ./Drivers/STM32H7xx_HAL_Driver/Src/stm32h7xx_hal_i2c.o
                0x08003164                HAL_I2C_Master_Transmit
 .text.HAL_I2C_Master_Receive
                0x08003394      0x1ec ./Drivers/STM32H7xx_HAL_Driver/Src/stm32h7xx_hal_i2c.o
                0x08003394                HAL_I2C_Master_Receive
 .text.I2C_Flush_TXDR
                0x08003580       0x48 ./Drivers/STM32H7xx_HAL_Driver/Src/stm32h7xx_hal_i2c.o
 .text.I2C_WaitOnFlagUntilTimeout
                0x080035c8       0xb2 ./Drivers/STM32H7xx_HAL_Driver/Src/stm32h7xx_hal_i2c.o
 .text.I2C_WaitOnTXISFlagUntilTimeout
                0x0800367a       0x8e ./Drivers/STM32H7xx_HAL_Driver/Src/stm32h7xx_hal_i2c.o
 .text.I2C_WaitOnSTOPFlagUntilTimeout
                0x08003708       0x86 ./Drivers/STM32H7xx_HAL_Driver/Src/stm32h7xx_hal_i2c.o
 *fill*         0x0800378e        0x2 
 .text.I2C_WaitOnRXNEFlagUntilTimeout
                0x08003790      0x118 ./Drivers/STM32H7xx_HAL_Driver/Src/stm32h7xx_hal_i2c.o
 .text.I2C_IsErrorOccurred
                0x080038a8      0x1c0 ./Drivers/STM32H7xx_HAL_Driver/Src/stm32h7xx_hal_i2c.o
 .text.I2C_TransferConfig
                0x08003a68       0x64 ./Drivers/STM32H7xx_HAL_Driver/Src/stm32h7xx_hal_i2c.o
 .text.HAL_I2CEx_ConfigAnalogFilter
                0x08003acc       0x96 ./Drivers/STM32H7xx_HAL_Driver/Src/stm32h7xx_hal_i2c_ex.o
                0x08003acc                HAL_I2CEx_ConfigAnalogFilter
 .text.HAL_I2CEx_ConfigDigitalFilter
                0x08003b62       0x98 ./Drivers/STM32H7xx_HAL_Driver/Src/stm32h7xx_hal_i2c_ex.o
                0x08003b62                HAL_I2CEx_ConfigDigitalFilter
 *fill*         0x08003bfa        0x2 
 .text.HAL_PWREx_ConfigSupply
                0x08003bfc       0x74 ./Drivers/STM32H7xx_HAL_Driver/Src/stm32h7xx_hal_pwr_ex.o
                0x08003bfc                HAL_PWREx_ConfigSupply
 .text.HAL_RCC_OscConfig
                0x08003c70      0x8b4 ./Drivers/STM32H7xx_HAL_Driver/Src/stm32h7xx_hal_rcc.o
                0x08003c70                HAL_RCC_OscConfig
 .text.HAL_RCC_ClockConfig
                0x08004524      0x36c ./Drivers/STM32H7xx_HAL_Driver/Src/stm32h7xx_hal_rcc.o
                0x08004524                HAL_RCC_ClockConfig
 .text.HAL_RCC_GetSysClockFreq
                0x08004890      0x2f4 ./Drivers/STM32H7xx_HAL_Driver/Src/stm32h7xx_hal_rcc.o
                0x08004890                HAL_RCC_GetSysClockFreq
 .text.HAL_RCC_GetHCLKFreq
                0x08004b84       0x60 ./Drivers/STM32H7xx_HAL_Driver/Src/stm32h7xx_hal_rcc.o
                0x08004b84                HAL_RCC_GetHCLKFreq
 .text.HAL_RCC_GetPCLK1Freq
                0x08004be4       0x2c ./Drivers/STM32H7xx_HAL_Driver/Src/stm32h7xx_hal_rcc.o
                0x08004be4                HAL_RCC_GetPCLK1Freq
 .text.HAL_RCC_GetPCLK2Freq
                0x08004c10       0x2c ./Drivers/STM32H7xx_HAL_Driver/Src/stm32h7xx_hal_rcc.o
                0x08004c10                HAL_RCC_GetPCLK2Freq
 .text.HAL_RCCEx_PeriphCLKConfig
                0x08004c3c     0x1414 ./Drivers/STM32H7xx_HAL_Driver/Src/stm32h7xx_hal_rcc_ex.o
                0x08004c3c                HAL_RCCEx_PeriphCLKConfig
 .text.HAL_RCCEx_GetD3PCLK1Freq
                0x08006050       0x2c ./Drivers/STM32H7xx_HAL_Driver/Src/stm32h7xx_hal_rcc_ex.o
                0x08006050                HAL_RCCEx_GetD3PCLK1Freq
 .text.HAL_RCCEx_GetPLL2ClockFreq
                0x0800607c      0x2a8 ./Drivers/STM32H7xx_HAL_Driver/Src/stm32h7xx_hal_rcc_ex.o
                0x0800607c                HAL_RCCEx_GetPLL2ClockFreq
 .text.HAL_RCCEx_GetPLL3ClockFreq
                0x08006324      0x2a8 ./Drivers/STM32H7xx_HAL_Driver/Src/stm32h7xx_hal_rcc_ex.o
                0x08006324                HAL_RCCEx_GetPLL3ClockFreq
 .text.RCCEx_PLL2_Config
                0x080065cc      0x164 ./Drivers/STM32H7xx_HAL_Driver/Src/stm32h7xx_hal_rcc_ex.o
 .text.RCCEx_PLL3_Config
                0x08006730      0x164 ./Drivers/STM32H7xx_HAL_Driver/Src/stm32h7xx_hal_rcc_ex.o
 .text.HAL_TIM_Base_Init
                0x08006894       0xae ./Drivers/STM32H7xx_HAL_Driver/Src/stm32h7xx_hal_tim.o
                0x08006894                HAL_TIM_Base_Init
 .text.HAL_TIM_PWM_Init
                0x08006942       0xae ./Drivers/STM32H7xx_HAL_Driver/Src/stm32h7xx_hal_tim.o
                0x08006942                HAL_TIM_PWM_Init
 .text.HAL_TIM_PWM_MspInit
                0x080069f0       0x14 ./Drivers/STM32H7xx_HAL_Driver/Src/stm32h7xx_hal_tim.o
                0x080069f0                HAL_TIM_PWM_MspInit
 .text.HAL_TIM_PWM_Start
                0x08006a04      0x21c ./Drivers/STM32H7xx_HAL_Driver/Src/stm32h7xx_hal_tim.o
                0x08006a04                HAL_TIM_PWM_Start
 .text.HAL_TIM_PWM_ConfigChannel
                0x08006c20      0x228 ./Drivers/STM32H7xx_HAL_Driver/Src/stm32h7xx_hal_tim.o
                0x08006c20                HAL_TIM_PWM_ConfigChannel
 .text.HAL_TIM_ConfigClockSource
                0x08006e48      0x1f0 ./Drivers/STM32H7xx_HAL_Driver/Src/stm32h7xx_hal_tim.o
                0x08006e48                HAL_TIM_ConfigClockSource
 .text.TIM_Base_SetConfig
                0x08007038      0x140 ./Drivers/STM32H7xx_HAL_Driver/Src/stm32h7xx_hal_tim.o
                0x08007038                TIM_Base_SetConfig
 .text.TIM_OC1_SetConfig
                0x08007178      0x120 ./Drivers/STM32H7xx_HAL_Driver/Src/stm32h7xx_hal_tim.o
 .text.TIM_OC2_SetConfig
                0x08007298      0x114 ./Drivers/STM32H7xx_HAL_Driver/Src/stm32h7xx_hal_tim.o
                0x08007298                TIM_OC2_SetConfig
 .text.TIM_OC3_SetConfig
                0x080073ac      0x110 ./Drivers/STM32H7xx_HAL_Driver/Src/stm32h7xx_hal_tim.o
 .text.TIM_OC4_SetConfig
                0x080074bc       0xd4 ./Drivers/STM32H7xx_HAL_Driver/Src/stm32h7xx_hal_tim.o
 .text.TIM_OC5_SetConfig
                0x08007590       0xc8 ./Drivers/STM32H7xx_HAL_Driver/Src/stm32h7xx_hal_tim.o
 .text.TIM_OC6_SetConfig
                0x08007658       0xcc ./Drivers/STM32H7xx_HAL_Driver/Src/stm32h7xx_hal_tim.o
 .text.TIM_TI1_ConfigInputStage
                0x08007724       0x5e ./Drivers/STM32H7xx_HAL_Driver/Src/stm32h7xx_hal_tim.o
 .text.TIM_TI2_ConfigInputStage
                0x08007782       0x60 ./Drivers/STM32H7xx_HAL_Driver/Src/stm32h7xx_hal_tim.o
 *fill*         0x080077e2        0x2 
 .text.TIM_ITRx_SetConfig
                0x080077e4       0x3c ./Drivers/STM32H7xx_HAL_Driver/Src/stm32h7xx_hal_tim.o
 .text.TIM_ETR_SetConfig
                0x08007820       0x40 ./Drivers/STM32H7xx_HAL_Driver/Src/stm32h7xx_hal_tim.o
                0x08007820                TIM_ETR_SetConfig
 .text.TIM_CCxChannelCmd
                0x08007860       0x4a ./Drivers/STM32H7xx_HAL_Driver/Src/stm32h7xx_hal_tim.o
                0x08007860                TIM_CCxChannelCmd
 *fill*         0x080078aa        0x2 
 .text.HAL_TIMEx_MasterConfigSynchronization
                0x080078ac      0x11c ./Drivers/STM32H7xx_HAL_Driver/Src/stm32h7xx_hal_tim_ex.o
                0x080078ac                HAL_TIMEx_MasterConfigSynchronization
 .text.HAL_TIMEx_ConfigBreakDeadTime
                0x080079c8       0xfc ./Drivers/STM32H7xx_HAL_Driver/Src/stm32h7xx_hal_tim_ex.o
                0x080079c8                HAL_TIMEx_ConfigBreakDeadTime
 .text.HAL_UART_Init
                0x08007ac4       0xa0 ./Drivers/STM32H7xx_HAL_Driver/Src/stm32h7xx_hal_uart.o
                0x08007ac4                HAL_UART_Init
 .text.HAL_UART_Transmit
                0x08007b64      0x11c ./Drivers/STM32H7xx_HAL_Driver/Src/stm32h7xx_hal_uart.o
                0x08007b64                HAL_UART_Transmit
 .text.HAL_UART_IRQHandler
                0x08007c80      0x7ac ./Drivers/STM32H7xx_HAL_Driver/Src/stm32h7xx_hal_uart.o
                0x08007c80                HAL_UART_IRQHandler
 .text.HAL_UART_TxCpltCallback
                0x0800842c       0x14 ./Drivers/STM32H7xx_HAL_Driver/Src/stm32h7xx_hal_uart.o
                0x0800842c                HAL_UART_TxCpltCallback
 .text.HAL_UART_RxCpltCallback
                0x08008440       0x14 ./Drivers/STM32H7xx_HAL_Driver/Src/stm32h7xx_hal_uart.o
                0x08008440                HAL_UART_RxCpltCallback
 .text.HAL_UART_ErrorCallback
                0x08008454       0x14 ./Drivers/STM32H7xx_HAL_Driver/Src/stm32h7xx_hal_uart.o
                0x08008454                HAL_UART_ErrorCallback
 .text.UART_SetConfig
                0x08008468      0xad0 ./Drivers/STM32H7xx_HAL_Driver/Src/stm32h7xx_hal_uart.o
                0x08008468                UART_SetConfig
 .text.UART_AdvFeatureConfig
                0x08008f38      0x144 ./Drivers/STM32H7xx_HAL_Driver/Src/stm32h7xx_hal_uart.o
                0x08008f38                UART_AdvFeatureConfig
 .text.UART_CheckIdleState
                0x0800907c      0x154 ./Drivers/STM32H7xx_HAL_Driver/Src/stm32h7xx_hal_uart.o
                0x0800907c                UART_CheckIdleState
 .text.UART_WaitOnFlagUntilTimeout
                0x080091d0       0xda ./Drivers/STM32H7xx_HAL_Driver/Src/stm32h7xx_hal_uart.o
                0x080091d0                UART_WaitOnFlagUntilTimeout
 *fill*         0x080092aa        0x2 
 .text.UART_Start_Receive_IT
                0x080092ac      0x244 ./Drivers/STM32H7xx_HAL_Driver/Src/stm32h7xx_hal_uart.o
                0x080092ac                UART_Start_Receive_IT
 .text.UART_EndRxTransfer
                0x080094f0       0xcc ./Drivers/STM32H7xx_HAL_Driver/Src/stm32h7xx_hal_uart.o
 .text.UART_DMAAbortOnError
                0x080095bc       0x24 ./Drivers/STM32H7xx_HAL_Driver/Src/stm32h7xx_hal_uart.o
 .text.UART_EndTransmit_IT
                0x080095e0       0x56 ./Drivers/STM32H7xx_HAL_Driver/Src/stm32h7xx_hal_uart.o
 *fill*         0x08009636        0x2 
 .text.UART_RxISR_8BIT
                0x08009638      0x1b8 ./Drivers/STM32H7xx_HAL_Driver/Src/stm32h7xx_hal_uart.o
 .text.UART_RxISR_16BIT
                0x080097f0      0x1b8 ./Drivers/STM32H7xx_HAL_Driver/Src/stm32h7xx_hal_uart.o
 .text.UART_RxISR_8BIT_FIFOEN
                0x080099a8      0x364 ./Drivers/STM32H7xx_HAL_Driver/Src/stm32h7xx_hal_uart.o
 .text.UART_RxISR_16BIT_FIFOEN
                0x08009d0c      0x36c ./Drivers/STM32H7xx_HAL_Driver/Src/stm32h7xx_hal_uart.o
 .text.HAL_UARTEx_WakeupCallback
                0x0800a078       0x14 ./Drivers/STM32H7xx_HAL_Driver/Src/stm32h7xx_hal_uart_ex.o
                0x0800a078                HAL_UARTEx_WakeupCallback
 .text.HAL_UARTEx_RxFifoFullCallback
                0x0800a08c       0x14 ./Drivers/STM32H7xx_HAL_Driver/Src/stm32h7xx_hal_uart_ex.o
                0x0800a08c                HAL_UARTEx_RxFifoFullCallback
 .text.HAL_UARTEx_TxFifoEmptyCallback
                0x0800a0a0       0x14 ./Drivers/STM32H7xx_HAL_Driver/Src/stm32h7xx_hal_uart_ex.o
                0x0800a0a0                HAL_UARTEx_TxFifoEmptyCallback
 .text.HAL_UARTEx_DisableFifoMode
                0x0800a0b4       0x72 ./Drivers/STM32H7xx_HAL_Driver/Src/stm32h7xx_hal_uart_ex.o
                0x0800a0b4                HAL_UARTEx_DisableFifoMode
 .text.HAL_UARTEx_SetTxFifoThreshold
                0x0800a126       0x7c ./Drivers/STM32H7xx_HAL_Driver/Src/stm32h7xx_hal_uart_ex.o
                0x0800a126                HAL_UARTEx_SetTxFifoThreshold
 .text.HAL_UARTEx_SetRxFifoThreshold
                0x0800a1a2       0x7c ./Drivers/STM32H7xx_HAL_Driver/Src/stm32h7xx_hal_uart_ex.o
                0x0800a1a2                HAL_UARTEx_SetRxFifoThreshold
 .text.HAL_UARTEx_ReceiveToIdle_IT
                0x0800a21e       0xa0 ./Drivers/STM32H7xx_HAL_Driver/Src/stm32h7xx_hal_uart_ex.o
                0x0800a21e                HAL_UARTEx_ReceiveToIdle_IT
 *fill*         0x0800a2be        0x2 
 .text.UARTEx_SetNbDataToProcess
                0x0800a2c0       0x9c ./Drivers/STM32H7xx_HAL_Driver/Src/stm32h7xx_hal_uart_ex.o
 .text.atoi     0x0800a35c        0x8 /opt/st/stm32cubeide_1.19.0/plugins/com.st.stm32cube.ide.mcu.externaltools.gnu-tools-for-stm32.13.3.rel1.linux64_1.0.0.202410170706/tools/bin/../lib/gcc/arm-none-eabi/13.3.1/../../../../arm-none-eabi/lib/thumb/v7e-m+dp/hard/libc_nano.a(libc_a-atoi.o)
                0x0800a35c                atoi
 .text._strtol_l.isra.0
                0x0800a364       0xf4 /opt/st/stm32cubeide_1.19.0/plugins/com.st.stm32cube.ide.mcu.externaltools.gnu-tools-for-stm32.13.3.rel1.linux64_1.0.0.202410170706/tools/bin/../lib/gcc/arm-none-eabi/13.3.1/../../../../arm-none-eabi/lib/thumb/v7e-m+dp/hard/libc_nano.a(libc_a-strtol.o)
 .text.strtol   0x0800a458       0x14 /opt/st/stm32cubeide_1.19.0/plugins/com.st.stm32cube.ide.mcu.externaltools.gnu-tools-for-stm32.13.3.rel1.linux64_1.0.0.202410170706/tools/bin/../lib/gcc/arm-none-eabi/13.3.1/../../../../arm-none-eabi/lib/thumb/v7e-m+dp/hard/libc_nano.a(libc_a-strtol.o)
                0x0800a458                strtol
 .text.memset   0x0800a46c       0x10 /opt/st/stm32cubeide_1.19.0/plugins/com.st.stm32cube.ide.mcu.externaltools.gnu-tools-for-stm32.13.3.rel1.linux64_1.0.0.202410170706/tools/bin/../lib/gcc/arm-none-eabi/13.3.1/../../../../arm-none-eabi/lib/thumb/v7e-m+dp/hard/libc_nano.a(libc_a-memset.o)
                0x0800a46c                memset
 .text.__errno  0x0800a47c        0xc /opt/st/stm32cubeide_1.19.0/plugins/com.st.stm32cube.ide.mcu.externaltools.gnu-tools-for-stm32.13.3.rel1.linux64_1.0.0.202410170706/tools/bin/../lib/gcc/arm-none-eabi/13.3.1/../../../../arm-none-eabi/lib/thumb/v7e-m+dp/hard/libc_nano.a(libc_a-errno.o)
                0x0800a47c                __errno
 .text.__libc_init_array
                0x0800a488       0x48 /opt/st/stm32cubeide_1.19.0/plugins/com.st.stm32cube.ide.mcu.externaltools.gnu-tools-for-stm32.13.3.rel1.linux64_1.0.0.202410170706/tools/bin/../lib/gcc/arm-none-eabi/13.3.1/../../../../arm-none-eabi/lib/thumb/v7e-m+dp/hard/libc_nano.a(libc_a-init.o)
                0x0800a488                __libc_init_array
 *(.glue_7)
 .glue_7        0x0800a4d0        0x0 linker stubs
 *(.glue_7t)
 .glue_7t       0x0800a4d0        0x0 linker stubs
 *(.eh_frame)
 .eh_frame      0x0800a4d0        0x0 /opt/st/stm32cubeide_1.19.0/plugins/com.st.stm32cube.ide.mcu.externaltools.gnu-tools-for-stm32.13.3.rel1.linux64_1.0.0.202410170706/tools/bin/../lib/gcc/arm-none-eabi/13.3.1/thumb/v7e-m+dp/hard/crtbegin.o
 *(.init)
 .init          0x0800a4d0        0x4 /opt/st/stm32cubeide_1.19.0/plugins/com.st.stm32cube.ide.mcu.externaltools.gnu-tools-for-stm32.13.3.rel1.linux64_1.0.0.202410170706/tools/bin/../lib/gcc/arm-none-eabi/13.3.1/thumb/v7e-m+dp/hard/crti.o
                0x0800a4d0                _init
 .init          0x0800a4d4        0x8 /opt/st/stm32cubeide_1.19.0/plugins/com.st.stm32cube.ide.mcu.externaltools.gnu-tools-for-stm32.13.3.rel1.linux64_1.0.0.202410170706/tools/bin/../lib/gcc/arm-none-eabi/13.3.1/thumb/v7e-m+dp/hard/crtn.o
 *(.fini)
 .fini          0x0800a4dc        0x4 /opt/st/stm32cubeide_1.19.0/plugins/com.st.stm32cube.ide.mcu.externaltools.gnu-tools-for-stm32.13.3.rel1.linux64_1.0.0.202410170706/tools/bin/../lib/gcc/arm-none-eabi/13.3.1/thumb/v7e-m+dp/hard/crti.o
                0x0800a4dc                _fini
 .fini          0x0800a4e0        0x8 /opt/st/stm32cubeide_1.19.0/plugins/com.st.stm32cube.ide.mcu.externaltools.gnu-tools-for-stm32.13.3.rel1.linux64_1.0.0.202410170706/tools/bin/../lib/gcc/arm-none-eabi/13.3.1/thumb/v7e-m+dp/hard/crtn.o
                0x0800a4e8                        . = ALIGN (0x4)
                0x0800a4e8                        _etext = .

.vfp11_veneer   0x0800a4e8        0x0
 .vfp11_veneer  0x0800a4e8        0x0 linker stubs

.v4_bx          0x0800a4e8        0x0
 .v4_bx         0x0800a4e8        0x0 linker stubs

.iplt           0x0800a4e8        0x0
 .iplt          0x0800a4e8        0x0 /opt/st/stm32cubeide_1.19.0/plugins/com.st.stm32cube.ide.mcu.externaltools.gnu-tools-for-stm32.13.3.rel1.linux64_1.0.0.202410170706/tools/bin/../lib/gcc/arm-none-eabi/13.3.1/thumb/v7e-m+dp/hard/crtbegin.o

.rodata         0x0800a4e8      0x35c
                0x0800a4e8                        . = ALIGN (0x4)
 *(.rodata)
 .rodata        0x0800a4e8      0x1c0 ./Core/Src/VL53L1X.o
 *(.rodata*)
 .rodata.registered_sensors_cnt
                0x0800a6a8        0x4 ./Core/Src/VL53L1X.o
                0x0800a6a8                registered_sensors_cnt
 .rodata.VL51L1X_DEFAULT_CONFIGURATION
                0x0800a6ac       0x5b ./Core/Src/VL53L1X_api.o
                0x0800a6ac                VL51L1X_DEFAULT_CONFIGURATION
 *fill*         0x0800a707        0x1 
 .rodata.D1CorePrescTable
                0x0800a708       0x10 ./Core/Src/system_stm32h7xx.o
                0x0800a708                D1CorePrescTable
 .rodata.UARTPrescTable
                0x0800a718       0x18 ./Drivers/STM32H7xx_HAL_Driver/Src/stm32h7xx_hal_uart.o
                0x0800a718                UARTPrescTable
 .rodata.numerator.1
                0x0800a730        0x8 ./Drivers/STM32H7xx_HAL_Driver/Src/stm32h7xx_hal_uart_ex.o
 .rodata.denominator.0
                0x0800a738        0x8 ./Drivers/STM32H7xx_HAL_Driver/Src/stm32h7xx_hal_uart_ex.o
 .rodata._ctype_
                0x0800a740      0x101 /opt/st/stm32cubeide_1.19.0/plugins/com.st.stm32cube.ide.mcu.externaltools.gnu-tools-for-stm32.13.3.rel1.linux64_1.0.0.202410170706/tools/bin/../lib/gcc/arm-none-eabi/13.3.1/../../../../arm-none-eabi/lib/thumb/v7e-m+dp/hard/libc_nano.a(libc_a-ctype_.o)
                0x0800a740                _ctype_
                0x0800a844                        . = ALIGN (0x4)
 *fill*         0x0800a841        0x3 

.ARM.extab
 *(.ARM.extab* .gnu.linkonce.armextab.*)

.ARM            0x0800a844        0x8
                0x0800a844                        __exidx_start = .
 *(.ARM.exidx*)
 .ARM.exidx     0x0800a844        0x8 /opt/st/stm32cubeide_1.19.0/plugins/com.st.stm32cube.ide.mcu.externaltools.gnu-tools-for-stm32.13.3.rel1.linux64_1.0.0.202410170706/tools/bin/../lib/gcc/arm-none-eabi/13.3.1/thumb/v7e-m+dp/hard/libgcc.a(_udivmoddi4.o)
                0x0800a84c                        __exidx_end = .

.preinit_array  0x0800a84c        0x0
                0x0800a84c                        PROVIDE (__preinit_array_start = .)
 *(.preinit_array*)
                0x0800a84c                        PROVIDE (__preinit_array_end = .)

.init_array     0x0800a84c        0x4
                0x0800a84c                        PROVIDE (__init_array_start = .)
 *(SORT_BY_NAME(.init_array.*))
 *(.init_array*)
 .init_array    0x0800a84c        0x4 /opt/st/stm32cubeide_1.19.0/plugins/com.st.stm32cube.ide.mcu.externaltools.gnu-tools-for-stm32.13.3.rel1.linux64_1.0.0.202410170706/tools/bin/../lib/gcc/arm-none-eabi/13.3.1/thumb/v7e-m+dp/hard/crtbegin.o
                0x0800a850                        PROVIDE (__init_array_end = .)

.fini_array     0x0800a850        0x4
                [!provide]                        PROVIDE (__fini_array_start = .)
 *(SORT_BY_NAME(.fini_array.*))
 *(.fini_array*)
 .fini_array    0x0800a850        0x4 /opt/st/stm32cubeide_1.19.0/plugins/com.st.stm32cube.ide.mcu.externaltools.gnu-tools-for-stm32.13.3.rel1.linux64_1.0.0.202410170706/tools/bin/../lib/gcc/arm-none-eabi/13.3.1/thumb/v7e-m+dp/hard/crtbegin.o
                [!provide]                        PROVIDE (__fini_array_end = .)
                0x0800a854                        _sidata = LOADADDR (.data)

.rel.dyn        0x0800a854        0x0
 .rel.iplt      0x0800a854        0x0 /opt/st/stm32cubeide_1.19.0/plugins/com.st.stm32cube.ide.mcu.externaltools.gnu-tools-for-stm32.13.3.rel1.linux64_1.0.0.202410170706/tools/bin/../lib/gcc/arm-none-eabi/13.3.1/thumb/v7e-m+dp/hard/crtbegin.o

.data           0x24000000       0x60 load address 0x0800a854
                0x24000000                        . = ALIGN (0x4)
                0x24000000                        _sdata = .
 *(.data)
 *(.data*)
 .data.SystemCoreClock
                0x24000000        0x4 ./Core/Src/system_stm32h7xx.o
                0x24000000                SystemCoreClock
 .data.SystemD2Clock
                0x24000004        0x4 ./Core/Src/system_stm32h7xx.o
                0x24000004                SystemD2Clock
 .data.uwTickPrio
                0x24000008        0x4 ./Drivers/STM32H7xx_HAL_Driver/Src/stm32h7xx_hal.o
                0x24000008                uwTickPrio
 .data.uwTickFreq
                0x2400000c        0x1 ./Drivers/STM32H7xx_HAL_Driver/Src/stm32h7xx_hal.o
                0x2400000c                uwTickFreq
 *fill*         0x2400000d        0x3 
 .data._impure_ptr
                0x24000010        0x4 /opt/st/stm32cubeide_1.19.0/plugins/com.st.stm32cube.ide.mcu.externaltools.gnu-tools-for-stm32.13.3.rel1.linux64_1.0.0.202410170706/tools/bin/../lib/gcc/arm-none-eabi/13.3.1/../../../../arm-none-eabi/lib/thumb/v7e-m+dp/hard/libc_nano.a(libc_a-impure.o)
                0x24000010                _impure_ptr
 .data._impure_data
                0x24000014       0x4c /opt/st/stm32cubeide_1.19.0/plugins/com.st.stm32cube.ide.mcu.externaltools.gnu-tools-for-stm32.13.3.rel1.linux64_1.0.0.202410170706/tools/bin/../lib/gcc/arm-none-eabi/13.3.1/../../../../arm-none-eabi/lib/thumb/v7e-m+dp/hard/libc_nano.a(libc_a-impure.o)
                0x24000014                _impure_data
 *(.RamFunc)
 *(.RamFunc*)
                0x24000060                        . = ALIGN (0x4)
                0x24000060                        _edata = .

.igot.plt       0x24000060        0x0 load address 0x0800a8b4
 .igot.plt      0x24000060        0x0 /opt/st/stm32cubeide_1.19.0/plugins/com.st.stm32cube.ide.mcu.externaltools.gnu-tools-for-stm32.13.3.rel1.linux64_1.0.0.202410170706/tools/bin/../lib/gcc/arm-none-eabi/13.3.1/thumb/v7e-m+dp/hard/crtbegin.o
                0x24000060                        . = ALIGN (0x4)

.bss            0x24000060      0x3cc load address 0x0800a8b4
                0x24000060                        _sbss = .
                0x24000060                        __bss_start__ = _sbss
 *(.bss)
 .bss           0x24000060       0x1c /opt/st/stm32cubeide_1.19.0/plugins/com.st.stm32cube.ide.mcu.externaltools.gnu-tools-for-stm32.13.3.rel1.linux64_1.0.0.202410170706/tools/bin/../lib/gcc/arm-none-eabi/13.3.1/thumb/v7e-m+dp/hard/crtbegin.o
 *(.bss*)
 .bss.registered_sensors
                0x2400007c       0x28 ./Core/Src/VL53L1X.o
                0x2400007c                registered_sensors
 .bss.vl53l1x_log_func
                0x240000a4        0x4 ./Core/Src/VL53L1X.o
 .bss.hi2c1     0x240000a8       0x54 ./Core/Src/main.o
                0x240000a8                hi2c1
 .bss.htim1     0x240000fc       0x4c ./Core/Src/main.o
                0x240000fc                htim1
 .bss.huart1    0x24000148       0x94 ./Core/Src/main.o
                0x24000148                huart1
 .bss.rx_buf    0x240001dc       0x10 ./Core/Src/main.o
                0x240001dc                rx_buf
 .bss.rx_flag   0x240001ec        0x1 ./Core/Src/main.o
                0x240001ec                rx_flag
 *fill*         0x240001ed        0x3 
 .bss._I2CBuffer
                0x240001f0      0x100 ./Core/Src/vl53l1_platform.o
                0x240001f0                _I2CBuffer
 .bss.uwTick    0x240002f0        0x4 ./Drivers/STM32H7xx_HAL_Driver/Src/stm32h7xx_hal.o
                0x240002f0                uwTick
 .bss.__sf      0x240002f4      0x138 /opt/st/stm32cubeide_1.19.0/plugins/com.st.stm32cube.ide.mcu.externaltools.gnu-tools-for-stm32.13.3.rel1.linux64_1.0.0.202410170706/tools/bin/../lib/gcc/arm-none-eabi/13.3.1/../../../../arm-none-eabi/lib/thumb/v7e-m+dp/hard/libc_nano.a(libc_a-findfp.o)
                0x240002f4                __sf
 *(COMMON)
                0x2400042c                        . = ALIGN (0x4)
                0x2400042c                        _ebss = .
                0x2400042c                        __bss_end__ = _ebss

._user_heap_stack
                0x2400042c      0x604 load address 0x0800a8b4
                0x24000430                        . = ALIGN (0x8)
 *fill*         0x2400042c        0x4 
                [!provide]                        PROVIDE (end = .)
                0x24000430                        PROVIDE (_end = .)
                0x24000630                        . = (. + _Min_Heap_Size)
 *fill*         0x24000430      0x200 
                0x24000a30                        . = (. + _Min_Stack_Size)
 *fill*         0x24000630      0x400 
                0x24000a30                        . = ALIGN (0x8)

/DISCARD/
 libc.a(*)
 libm.a(*)
 libgcc.a(*)

.ARM.attributes
                0x00000000       0x2e
 *(.ARM.attributes)
 .ARM.attributes
                0x00000000       0x20 /opt/st/stm32cubeide_1.19.0/plugins/com.st.stm32cube.ide.mcu.externaltools.gnu-tools-for-stm32.13.3.rel1.linux64_1.0.0.202410170706/tools/bin/../lib/gcc/arm-none-eabi/13.3.1/thumb/v7e-m+dp/hard/crti.o
 .ARM.attributes
                0x00000020       0x32 /opt/st/stm32cubeide_1.19.0/plugins/com.st.stm32cube.ide.mcu.externaltools.gnu-tools-for-stm32.13.3.rel1.linux64_1.0.0.202410170706/tools/bin/../lib/gcc/arm-none-eabi/13.3.1/thumb/v7e-m+dp/hard/crtbegin.o
 .ARM.attributes
                0x00000052       0x32 ./Core/Src/VL53L1X.o
 .ARM.attributes
                0x00000084       0x32 ./Core/Src/VL53L1X_api.o
 .ARM.attributes
                0x000000b6       0x32 ./Core/Src/main.o
 .ARM.attributes
                0x000000e8       0x32 ./Core/Src/stm32h7xx_hal_msp.o
 .ARM.attributes
                0x0000011a       0x32 ./Core/Src/stm32h7xx_it.o
 .ARM.attributes
                0x0000014c       0x32 ./Core/Src/system_stm32h7xx.o
 .ARM.attributes
                0x0000017e       0x32 ./Core/Src/vl53l1_platform.o
 .ARM.attributes
                0x000001b0       0x21 ./Core/Startup/startup_stm32h750vbtx.o
 .ARM.attributes
                0x000001d1       0x32 ./Drivers/STM32H7xx_HAL_Driver/Src/stm32h7xx_hal.o
 .ARM.attributes
                0x00000203       0x32 ./Drivers/STM32H7xx_HAL_Driver/Src/stm32h7xx_hal_cortex.o
 .ARM.attributes
                0x00000235       0x32 ./Drivers/STM32H7xx_HAL_Driver/Src/stm32h7xx_hal_dma.o
 .ARM.attributes
                0x00000267       0x32 ./Drivers/STM32H7xx_HAL_Driver/Src/stm32h7xx_hal_gpio.o
 .ARM.attributes
                0x00000299       0x32 ./Drivers/STM32H7xx_HAL_Driver/Src/stm32h7xx_hal_i2c.o
 .ARM.attributes
                0x000002cb       0x32 ./Drivers/STM32H7xx_HAL_Driver/Src/stm32h7xx_hal_i2c_ex.o
 .ARM.attributes
                0x000002fd       0x32 ./Drivers/STM32H7xx_HAL_Driver/Src/stm32h7xx_hal_pwr_ex.o
 .ARM.attributes
                0x0000032f       0x32 ./Drivers/STM32H7xx_HAL_Driver/Src/stm32h7xx_hal_rcc.o
 .ARM.attributes
                0x00000361       0x32 ./Drivers/STM32H7xx_HAL_Driver/Src/stm32h7xx_hal_rcc_ex.o
 .ARM.attributes
                0x00000393       0x32 ./Drivers/STM32H7xx_HAL_Driver/Src/stm32h7xx_hal_tim.o
 .ARM.attributes
                0x000003c5       0x32 ./Drivers/STM32H7xx_HAL_Driver/Src/stm32h7xx_hal_tim_ex.o
 .ARM.attributes
                0x000003f7       0x32 ./Drivers/STM32H7xx_HAL_Driver/Src/stm32h7xx_hal_uart.o
 .ARM.attributes
                0x00000429       0x32 ./Drivers/STM32H7xx_HAL_Driver/Src/stm32h7xx_hal_uart_ex.o
 .ARM.attributes
                0x0000045b       0x32 /opt/st/stm32cubeide_1.19.0/plugins/com.st.stm32cube.ide.mcu.externaltools.gnu-tools-for-stm32.13.3.rel1.linux64_1.0.0.202410170706/tools/bin/../lib/gcc/arm-none-eabi/13.3.1/../../../../arm-none-eabi/lib/thumb/v7e-m+dp/hard/libc_nano.a(libc_a-atoi.o)
 .ARM.attributes
                0x0000048d       0x32 /opt/st/stm32cubeide_1.19.0/plugins/com.st.stm32cube.ide.mcu.externaltools.gnu-tools-for-stm32.13.3.rel1.linux64_1.0.0.202410170706/tools/bin/../lib/gcc/arm-none-eabi/13.3.1/../../../../arm-none-eabi/lib/thumb/v7e-m+dp/hard/libc_nano.a(libc_a-strtol.o)
 .ARM.attributes
                0x000004bf       0x32 /opt/st/stm32cubeide_1.19.0/plugins/com.st.stm32cube.ide.mcu.externaltools.gnu-tools-for-stm32.13.3.rel1.linux64_1.0.0.202410170706/tools/bin/../lib/gcc/arm-none-eabi/13.3.1/../../../../arm-none-eabi/lib/thumb/v7e-m+dp/hard/libc_nano.a(libc_a-ctype_.o)
 .ARM.attributes
                0x000004f1       0x32 /opt/st/stm32cubeide_1.19.0/plugins/com.st.stm32cube.ide.mcu.externaltools.gnu-tools-for-stm32.13.3.rel1.linux64_1.0.0.202410170706/tools/bin/../lib/gcc/arm-none-eabi/13.3.1/../../../../arm-none-eabi/lib/thumb/v7e-m+dp/hard/libc_nano.a(libc_a-findfp.o)
 .ARM.attributes
                0x00000523       0x32 /opt/st/stm32cubeide_1.19.0/plugins/com.st.stm32cube.ide.mcu.externaltools.gnu-tools-for-stm32.13.3.rel1.linux64_1.0.0.202410170706/tools/bin/../lib/gcc/arm-none-eabi/13.3.1/../../../../arm-none-eabi/lib/thumb/v7e-m+dp/hard/libc_nano.a(libc_a-memset.o)
 .ARM.attributes
                0x00000555       0x32 /opt/st/stm32cubeide_1.19.0/plugins/com.st.stm32cube.ide.mcu.externaltools.gnu-tools-for-stm32.13.3.rel1.linux64_1.0.0.202410170706/tools/bin/../lib/gcc/arm-none-eabi/13.3.1/../../../../arm-none-eabi/lib/thumb/v7e-m+dp/hard/libc_nano.a(libc_a-impure.o)
 .ARM.attributes
                0x00000587       0x32 /opt/st/stm32cubeide_1.19.0/plugins/com.st.stm32cube.ide.mcu.externaltools.gnu-tools-for-stm32.13.3.rel1.linux64_1.0.0.202410170706/tools/bin/../lib/gcc/arm-none-eabi/13.3.1/../../../../arm-none-eabi/lib/thumb/v7e-m+dp/hard/libc_nano.a(libc_a-errno.o)
 .ARM.attributes
                0x000005b9       0x32 /opt/st/stm32cubeide_1.19.0/plugins/com.st.stm32cube.ide.mcu.externaltools.gnu-tools-for-stm32.13.3.rel1.linux64_1.0.0.202410170706/tools/bin/../lib/gcc/arm-none-eabi/13.3.1/../../../../arm-none-eabi/lib/thumb/v7e-m+dp/hard/libc_nano.a(libc_a-init.o)
 .ARM.attributes
                0x000005eb       0x20 /opt/st/stm32cubeide_1.19.0/plugins/com.st.stm32cube.ide.mcu.externaltools.gnu-tools-for-stm32.13.3.rel1.linux64_1.0.0.202410170706/tools/bin/../lib/gcc/arm-none-eabi/13.3.1/thumb/v7e-m+dp/hard/libgcc.a(_aeabi_uldivmod.o)
 .ARM.attributes
                0x0000060b       0x32 /opt/st/stm32cubeide_1.19.0/plugins/com.st.stm32cube.ide.mcu.externaltools.gnu-tools-for-stm32.13.3.rel1.linux64_1.0.0.202410170706/tools/bin/../lib/gcc/arm-none-eabi/13.3.1/thumb/v7e-m+dp/hard/libgcc.a(_udivmoddi4.o)
 .ARM.attributes
                0x0000063d       0x20 /opt/st/stm32cubeide_1.19.0/plugins/com.st.stm32cube.ide.mcu.externaltools.gnu-tools-for-stm32.13.3.rel1.linux64_1.0.0.202410170706/tools/bin/../lib/gcc/arm-none-eabi/13.3.1/thumb/v7e-m+dp/hard/libgcc.a(_dvmd_tls.o)
 .ARM.attributes
                0x0000065d       0x20 /opt/st/stm32cubeide_1.19.0/plugins/com.st.stm32cube.ide.mcu.externaltools.gnu-tools-for-stm32.13.3.rel1.linux64_1.0.0.202410170706/tools/bin/../lib/gcc/arm-none-eabi/13.3.1/thumb/v7e-m+dp/hard/crtn.o
OUTPUT(trabalho.instrumentacao.elf elf32-littlearm)
LOAD linker stubs
LOAD /opt/st/stm32cubeide_1.19.0/plugins/com.st.stm32cube.ide.mcu.externaltools.gnu-tools-for-stm32.13.3.rel1.linux64_1.0.0.202410170706/tools/bin/../lib/gcc/arm-none-eabi/13.3.1/../../../../arm-none-eabi/lib/thumb/v7e-m+dp/hard/libc.a
LOAD /opt/st/stm32cubeide_1.19.0/plugins/com.st.stm32cube.ide.mcu.externaltools.gnu-tools-for-stm32.13.3.rel1.linux64_1.0.0.202410170706/tools/bin/../lib/gcc/arm-none-eabi/13.3.1/../../../../arm-none-eabi/lib/thumb/v7e-m+dp/hard/libm.a
LOAD /opt/st/stm32cubeide_1.19.0/plugins/com.st.stm32cube.ide.mcu.externaltools.gnu-tools-for-stm32.13.3.rel1.linux64_1.0.0.202410170706/tools/bin/../lib/gcc/arm-none-eabi/13.3.1/thumb/v7e-m+dp/hard/libgcc.a

.debug_info     0x00000000    0x1b936
 .debug_info    0x00000000      0xb2b ./Core/Src/VL53L1X.o
 .debug_info    0x00000b2b     0x10cc ./Core/Src/VL53L1X_api.o
 .debug_info    0x00001bf7     0x2037 ./Core/Src/main.o
 .debug_info    0x00003c2e     0x1bff ./Core/Src/stm32h7xx_hal_msp.o
 .debug_info    0x0000582d      0x830 ./Core/Src/stm32h7xx_it.o
 .debug_info    0x0000605d      0xdb2 ./Core/Src/system_stm32h7xx.o
 .debug_info    0x00006e0f      0xd11 ./Core/Src/vl53l1_platform.o
 .debug_info    0x00007b20       0x30 ./Core/Startup/startup_stm32h750vbtx.o
 .debug_info    0x00007b50     0x1541 ./Drivers/STM32H7xx_HAL_Driver/Src/stm32h7xx_hal.o
 .debug_info    0x00009091     0x10b7 ./Drivers/STM32H7xx_HAL_Driver/Src/stm32h7xx_hal_cortex.o
 .debug_info    0x0000a148      0xc31 ./Drivers/STM32H7xx_HAL_Driver/Src/stm32h7xx_hal_dma.o
 .debug_info    0x0000ad79      0xc5a ./Drivers/STM32H7xx_HAL_Driver/Src/stm32h7xx_hal_gpio.o
 .debug_info    0x0000b9d3     0x22c9 ./Drivers/STM32H7xx_HAL_Driver/Src/stm32h7xx_hal_i2c.o
 .debug_info    0x0000dc9c      0xd84 ./Drivers/STM32H7xx_HAL_Driver/Src/stm32h7xx_hal_i2c_ex.o
 .debug_info    0x0000ea20     0x1012 ./Drivers/STM32H7xx_HAL_Driver/Src/stm32h7xx_hal_pwr_ex.o
 .debug_info    0x0000fa32      0xe6a ./Drivers/STM32H7xx_HAL_Driver/Src/stm32h7xx_hal_rcc.o
 .debug_info    0x0001089c     0x1225 ./Drivers/STM32H7xx_HAL_Driver/Src/stm32h7xx_hal_rcc_ex.o
 .debug_info    0x00011ac1     0x2bae ./Drivers/STM32H7xx_HAL_Driver/Src/stm32h7xx_hal_tim.o
 .debug_info    0x0001466f     0x17eb ./Drivers/STM32H7xx_HAL_Driver/Src/stm32h7xx_hal_tim_ex.o
 .debug_info    0x00015e5a     0x4b1d ./Drivers/STM32H7xx_HAL_Driver/Src/stm32h7xx_hal_uart.o
 .debug_info    0x0001a977      0xfbf ./Drivers/STM32H7xx_HAL_Driver/Src/stm32h7xx_hal_uart_ex.o

.debug_abbrev   0x00000000     0x2fff
 .debug_abbrev  0x00000000      0x232 ./Core/Src/VL53L1X.o
 .debug_abbrev  0x00000232      0x19d ./Core/Src/VL53L1X_api.o
 .debug_abbrev  0x000003cf      0x33f ./Core/Src/main.o
 .debug_abbrev  0x0000070e      0x289 ./Core/Src/stm32h7xx_hal_msp.o
 .debug_abbrev  0x00000997      0x170 ./Core/Src/stm32h7xx_it.o
 .debug_abbrev  0x00000b07      0x165 ./Core/Src/system_stm32h7xx.o
 .debug_abbrev  0x00000c6c      0x224 ./Core/Src/vl53l1_platform.o
 .debug_abbrev  0x00000e90       0x24 ./Core/Startup/startup_stm32h750vbtx.o
 .debug_abbrev  0x00000eb4      0x295 ./Drivers/STM32H7xx_HAL_Driver/Src/stm32h7xx_hal.o
 .debug_abbrev  0x00001149      0x339 ./Drivers/STM32H7xx_HAL_Driver/Src/stm32h7xx_hal_cortex.o
 .debug_abbrev  0x00001482      0x248 ./Drivers/STM32H7xx_HAL_Driver/Src/stm32h7xx_hal_dma.o
 .debug_abbrev  0x000016ca      0x205 ./Drivers/STM32H7xx_HAL_Driver/Src/stm32h7xx_hal_gpio.o
 .debug_abbrev  0x000018cf      0x25d ./Drivers/STM32H7xx_HAL_Driver/Src/stm32h7xx_hal_i2c.o
 .debug_abbrev  0x00001b2c      0x1f5 ./Drivers/STM32H7xx_HAL_Driver/Src/stm32h7xx_hal_i2c_ex.o
 .debug_abbrev  0x00001d21      0x2a7 ./Drivers/STM32H7xx_HAL_Driver/Src/stm32h7xx_hal_pwr_ex.o
 .debug_abbrev  0x00001fc8      0x2c8 ./Drivers/STM32H7xx_HAL_Driver/Src/stm32h7xx_hal_rcc.o
 .debug_abbrev  0x00002290      0x269 ./Drivers/STM32H7xx_HAL_Driver/Src/stm32h7xx_hal_rcc_ex.o
 .debug_abbrev  0x000024f9      0x276 ./Drivers/STM32H7xx_HAL_Driver/Src/stm32h7xx_hal_tim.o
 .debug_abbrev  0x0000276f      0x281 ./Drivers/STM32H7xx_HAL_Driver/Src/stm32h7xx_hal_tim_ex.o
 .debug_abbrev  0x000029f0      0x33d ./Drivers/STM32H7xx_HAL_Driver/Src/stm32h7xx_hal_uart.o
 .debug_abbrev  0x00002d2d      0x2d2 ./Drivers/STM32H7xx_HAL_Driver/Src/stm32h7xx_hal_uart_ex.o

.debug_aranges  0x00000000     0x1578
 .debug_aranges
                0x00000000       0x50 ./Core/Src/VL53L1X.o
 .debug_aranges
                0x00000050      0x168 ./Core/Src/VL53L1X_api.o
 .debug_aranges
                0x000001b8       0x60 ./Core/Src/main.o
 .debug_aranges
                0x00000218       0x58 ./Core/Src/stm32h7xx_hal_msp.o
 .debug_aranges
                0x00000270       0x68 ./Core/Src/stm32h7xx_it.o
 .debug_aranges
                0x000002d8       0x30 ./Core/Src/system_stm32h7xx.o
 .debug_aranges
                0x00000308       0x70 ./Core/Src/vl53l1_platform.o
 .debug_aranges
                0x00000378       0x28 ./Core/Startup/startup_stm32h750vbtx.o
 .debug_aranges
                0x000003a0      0x198 ./Drivers/STM32H7xx_HAL_Driver/Src/stm32h7xx_hal.o
 .debug_aranges
                0x00000538      0x130 ./Drivers/STM32H7xx_HAL_Driver/Src/stm32h7xx_hal_cortex.o
 .debug_aranges
                0x00000668       0xa0 ./Drivers/STM32H7xx_HAL_Driver/Src/stm32h7xx_hal_dma.o
 .debug_aranges
                0x00000708       0x58 ./Drivers/STM32H7xx_HAL_Driver/Src/stm32h7xx_hal_gpio.o
 .debug_aranges
                0x00000760      0x2a0 ./Drivers/STM32H7xx_HAL_Driver/Src/stm32h7xx_hal_i2c.o
 .debug_aranges
                0x00000a00       0x48 ./Drivers/STM32H7xx_HAL_Driver/Src/stm32h7xx_hal_i2c_ex.o
 .debug_aranges
                0x00000a48      0x158 ./Drivers/STM32H7xx_HAL_Driver/Src/stm32h7xx_hal_pwr_ex.o
 .debug_aranges
                0x00000ba0       0x88 ./Drivers/STM32H7xx_HAL_Driver/Src/stm32h7xx_hal_rcc.o
 .debug_aranges
                0x00000c28       0xf8 ./Drivers/STM32H7xx_HAL_Driver/Src/stm32h7xx_hal_rcc_ex.o
 .debug_aranges
                0x00000d20      0x3e0 ./Drivers/STM32H7xx_HAL_Driver/Src/stm32h7xx_hal_tim.o
 .debug_aranges
                0x00001100      0x188 ./Drivers/STM32H7xx_HAL_Driver/Src/stm32h7xx_hal_tim_ex.o
 .debug_aranges
                0x00001288      0x248 ./Drivers/STM32H7xx_HAL_Driver/Src/stm32h7xx_hal_uart.o
 .debug_aranges
                0x000014d0       0xa8 ./Drivers/STM32H7xx_HAL_Driver/Src/stm32h7xx_hal_uart_ex.o

.debug_rnglists
                0x00000000     0x10e5
 .debug_rnglists
                0x00000000       0x39 ./Core/Src/VL53L1X.o
 .debug_rnglists
                0x00000039      0x114 ./Core/Src/VL53L1X_api.o
 .debug_rnglists
                0x0000014d       0x49 ./Core/Src/main.o
 .debug_rnglists
                0x00000196       0x3f ./Core/Src/stm32h7xx_hal_msp.o
 .debug_rnglists
                0x000001d5       0x49 ./Core/Src/stm32h7xx_it.o
 .debug_rnglists
                0x0000021e       0x21 ./Core/Src/system_stm32h7xx.o
 .debug_rnglists
                0x0000023f       0x51 ./Core/Src/vl53l1_platform.o
 .debug_rnglists
                0x00000290       0x19 ./Core/Startup/startup_stm32h750vbtx.o
 .debug_rnglists
                0x000002a9      0x131 ./Drivers/STM32H7xx_HAL_Driver/Src/stm32h7xx_hal.o
 .debug_rnglists
                0x000003da       0xe0 ./Drivers/STM32H7xx_HAL_Driver/Src/stm32h7xx_hal_cortex.o
 .debug_rnglists
                0x000004ba       0x82 ./Drivers/STM32H7xx_HAL_Driver/Src/stm32h7xx_hal_dma.o
 .debug_rnglists
                0x0000053c       0x3f ./Drivers/STM32H7xx_HAL_Driver/Src/stm32h7xx_hal_gpio.o
 .debug_rnglists
                0x0000057b      0x22a ./Drivers/STM32H7xx_HAL_Driver/Src/stm32h7xx_hal_i2c.o
 .debug_rnglists
                0x000007a5       0x35 ./Drivers/STM32H7xx_HAL_Driver/Src/stm32h7xx_hal_i2c_ex.o
 .debug_rnglists
                0x000007da      0x103 ./Drivers/STM32H7xx_HAL_Driver/Src/stm32h7xx_hal_pwr_ex.o
 .debug_rnglists
                0x000008dd       0x68 ./Drivers/STM32H7xx_HAL_Driver/Src/stm32h7xx_hal_rcc.o
 .debug_rnglists
                0x00000945       0xc0 ./Drivers/STM32H7xx_HAL_Driver/Src/stm32h7xx_hal_rcc_ex.o
 .debug_rnglists
                0x00000a05      0x328 ./Drivers/STM32H7xx_HAL_Driver/Src/stm32h7xx_hal_tim.o
 .debug_rnglists
                0x00000d2d      0x13f ./Drivers/STM32H7xx_HAL_Driver/Src/stm32h7xx_hal_tim_ex.o
 .debug_rnglists
                0x00000e6c      0x1fa ./Drivers/STM32H7xx_HAL_Driver/Src/stm32h7xx_hal_uart.o
 .debug_rnglists
                0x00001066       0x7f ./Drivers/STM32H7xx_HAL_Driver/Src/stm32h7xx_hal_uart_ex.o

.debug_macro    0x00000000    0x38a26
 .debug_macro   0x00000000      0x37d ./Core/Src/VL53L1X.o
 .debug_macro   0x0000037d      0xaf6 ./Core/Src/VL53L1X.o
 .debug_macro   0x00000e73      0x238 ./Core/Src/VL53L1X.o
 .debug_macro   0x000010ab       0x2e ./Core/Src/VL53L1X.o
 .debug_macro   0x000010d9       0x3b ./Core/Src/VL53L1X.o
 .debug_macro   0x00001114       0x22 ./Core/Src/VL53L1X.o
 .debug_macro   0x00001136       0x8e ./Core/Src/VL53L1X.o
 .debug_macro   0x000011c4       0x51 ./Core/Src/VL53L1X.o
 .debug_macro   0x00001215      0x103 ./Core/Src/VL53L1X.o
 .debug_macro   0x00001318       0x6a ./Core/Src/VL53L1X.o
 .debug_macro   0x00001382      0x1df ./Core/Src/VL53L1X.o
 .debug_macro   0x00001561       0x1c ./Core/Src/VL53L1X.o
 .debug_macro   0x0000157d       0x22 ./Core/Src/VL53L1X.o
 .debug_macro   0x0000159f       0xfb ./Core/Src/VL53L1X.o
 .debug_macro   0x0000169a     0x1305 ./Core/Src/VL53L1X.o
 .debug_macro   0x0000299f      0x11f ./Core/Src/VL53L1X.o
 .debug_macro   0x00002abe       0x27 ./Core/Src/VL53L1X.o
 .debug_macro   0x00002ae5    0x26197 ./Core/Src/VL53L1X.o
 .debug_macro   0x00028c7c       0x6d ./Core/Src/VL53L1X.o
 .debug_macro   0x00028ce9     0x3d79 ./Core/Src/VL53L1X.o
 .debug_macro   0x0002ca62      0x190 ./Core/Src/VL53L1X.o
 .debug_macro   0x0002cbf2       0x61 ./Core/Src/VL53L1X.o
 .debug_macro   0x0002cc53       0x29 ./Core/Src/VL53L1X.o
 .debug_macro   0x0002cc7c       0x43 ./Core/Src/VL53L1X.o
 .debug_macro   0x0002ccbf       0x34 ./Core/Src/VL53L1X.o
 .debug_macro   0x0002ccf3      0x370 ./Core/Src/VL53L1X.o
 .debug_macro   0x0002d063       0x16 ./Core/Src/VL53L1X.o
 .debug_macro   0x0002d079       0x4a ./Core/Src/VL53L1X.o
 .debug_macro   0x0002d0c3       0x34 ./Core/Src/VL53L1X.o
 .debug_macro   0x0002d0f7       0x10 ./Core/Src/VL53L1X.o
 .debug_macro   0x0002d107       0x58 ./Core/Src/VL53L1X.o
 .debug_macro   0x0002d15f       0x8e ./Core/Src/VL53L1X.o
 .debug_macro   0x0002d1ed       0x1c ./Core/Src/VL53L1X.o
 .debug_macro   0x0002d209      0x185 ./Core/Src/VL53L1X.o
 .debug_macro   0x0002d38e      0x19b ./Core/Src/VL53L1X.o
 .debug_macro   0x0002d529       0x5d ./Core/Src/VL53L1X.o
 .debug_macro   0x0002d586     0x240e ./Core/Src/VL53L1X.o
 .debug_macro   0x0002f994     0x102c ./Core/Src/VL53L1X.o
 .debug_macro   0x000309c0      0x154 ./Core/Src/VL53L1X.o
 .debug_macro   0x00030b14      0x114 ./Core/Src/VL53L1X.o
 .debug_macro   0x00030c28      0x3b6 ./Core/Src/VL53L1X.o
 .debug_macro   0x00030fde       0xac ./Core/Src/VL53L1X.o
 .debug_macro   0x0003108a      0x72d ./Core/Src/VL53L1X.o
 .debug_macro   0x000317b7      0x228 ./Core/Src/VL53L1X.o
 .debug_macro   0x000319df       0x66 ./Core/Src/VL53L1X.o
 .debug_macro   0x00031a45      0x3bb ./Core/Src/VL53L1X.o
 .debug_macro   0x00031e00      0x3e4 ./Core/Src/VL53L1X.o
 .debug_macro   0x000321e4      0x275 ./Core/Src/VL53L1X.o
 .debug_macro   0x00032459      0x3ca ./Core/Src/VL53L1X.o
 .debug_macro   0x00032823      0x3de ./Core/Src/VL53L1X.o
 .debug_macro   0x00032c01       0x3c ./Core/Src/VL53L1X.o
 .debug_macro   0x00032c3d       0x4a ./Core/Src/VL53L1X.o
 .debug_macro   0x00032c87      0x22c ./Core/Src/VL53L1X.o
 .debug_macro   0x00032eb3       0x67 ./Core/Src/VL53L1X.o
 .debug_macro   0x00032f1a       0xa5 ./Core/Src/VL53L1X.o
 .debug_macro   0x00032fbf      0x1c4 ./Core/Src/VL53L1X.o
 .debug_macro   0x00033183      0x25e ./Core/Src/VL53L1X.o
 .debug_macro   0x000333e1       0x35 ./Core/Src/VL53L1X.o
 .debug_macro   0x00033416      0xafa ./Core/Src/VL53L1X.o
 .debug_macro   0x00033f10      0x29f ./Core/Src/VL53L1X.o
 .debug_macro   0x000341af      0x693 ./Core/Src/VL53L1X.o
 .debug_macro   0x00034842       0xa6 ./Core/Src/VL53L1X.o
 .debug_macro   0x000348e8      0x5ac ./Core/Src/VL53L1X.o
 .debug_macro   0x00034e94       0x16 ./Core/Src/VL53L1X.o
 .debug_macro   0x00034eaa       0x3c ./Core/Src/VL53L1X.o
 .debug_macro   0x00034ee6       0x20 ./Core/Src/VL53L1X.o
 .debug_macro   0x00034f06       0x1c ./Core/Src/VL53L1X.o
 .debug_macro   0x00034f22       0x10 ./Core/Src/VL53L1X.o
 .debug_macro   0x00034f32       0x1c ./Core/Src/VL53L1X.o
 .debug_macro   0x00034f4e       0x16 ./Core/Src/VL53L1X.o
 .debug_macro   0x00034f64      0x146 ./Core/Src/VL53L1X.o
 .debug_macro   0x000350aa       0x16 ./Core/Src/VL53L1X.o
 .debug_macro   0x000350c0       0x16 ./Core/Src/VL53L1X.o
 .debug_macro   0x000350d6       0x29 ./Core/Src/VL53L1X.o
 .debug_macro   0x000350ff      0x112 ./Core/Src/VL53L1X.o
 .debug_macro   0x00035211      0x1c5 ./Core/Src/VL53L1X_api.o
 .debug_macro   0x000353d6       0x10 ./Core/Src/VL53L1X_api.o
 .debug_macro   0x000353e6      0x37b ./Core/Src/main.o
 .debug_macro   0x00035761      0x2b2 ./Core/Src/stm32h7xx_hal_msp.o
 .debug_macro   0x00035a13      0x2bc ./Core/Src/stm32h7xx_it.o
 .debug_macro   0x00035ccf      0x2a8 ./Core/Src/system_stm32h7xx.o
 .debug_macro   0x00035f77      0x426 ./Core/Src/vl53l1_platform.o
 .debug_macro   0x0003639d      0x126 ./Core/Src/vl53l1_platform.o
 .debug_macro   0x000364c3       0x16 ./Core/Src/vl53l1_platform.o
 .debug_macro   0x000364d9       0xc1 ./Core/Src/vl53l1_platform.o
 .debug_macro   0x0003659a      0x2d2 ./Drivers/STM32H7xx_HAL_Driver/Src/stm32h7xx_hal.o
 .debug_macro   0x0003686c      0x2a8 ./Drivers/STM32H7xx_HAL_Driver/Src/stm32h7xx_hal_cortex.o
 .debug_macro   0x00036b14      0x2fc ./Drivers/STM32H7xx_HAL_Driver/Src/stm32h7xx_hal_dma.o
 .debug_macro   0x00036e10      0x2af ./Drivers/STM32H7xx_HAL_Driver/Src/stm32h7xx_hal_gpio.o
 .debug_macro   0x000370bf      0x374 ./Drivers/STM32H7xx_HAL_Driver/Src/stm32h7xx_hal_i2c.o
 .debug_macro   0x00037433      0x2a8 ./Drivers/STM32H7xx_HAL_Driver/Src/stm32h7xx_hal_i2c_ex.o
 .debug_macro   0x000376db      0x2e1 ./Drivers/STM32H7xx_HAL_Driver/Src/stm32h7xx_hal_pwr_ex.o
 .debug_macro   0x000379bc      0x2cc ./Drivers/STM32H7xx_HAL_Driver/Src/stm32h7xx_hal_rcc.o
 .debug_macro   0x00037c88      0x2c6 ./Drivers/STM32H7xx_HAL_Driver/Src/stm32h7xx_hal_rcc_ex.o
 .debug_macro   0x00037f4e      0x2a9 ./Drivers/STM32H7xx_HAL_Driver/Src/stm32h7xx_hal_tim.o
 .debug_macro   0x000381f7      0x2a8 ./Drivers/STM32H7xx_HAL_Driver/Src/stm32h7xx_hal_tim_ex.o
 .debug_macro   0x0003849f      0x2d3 ./Drivers/STM32H7xx_HAL_Driver/Src/stm32h7xx_hal_uart.o
 .debug_macro   0x00038772      0x2b4 ./Drivers/STM32H7xx_HAL_Driver/Src/stm32h7xx_hal_uart_ex.o

.debug_line     0x00000000    0x1c4e5
 .debug_line    0x00000000      0xa82 ./Core/Src/VL53L1X.o
 .debug_line    0x00000a82      0xe98 ./Core/Src/VL53L1X_api.o
 .debug_line    0x0000191a      0xb9d ./Core/Src/main.o
 .debug_line    0x000024b7      0x942 ./Core/Src/stm32h7xx_hal_msp.o
 .debug_line    0x00002df9      0x8d6 ./Core/Src/stm32h7xx_it.o
 .debug_line    0x000036cf      0xa0e ./Core/Src/system_stm32h7xx.o
 .debug_line    0x000040dd      0xbc4 ./Core/Src/vl53l1_platform.o
 .debug_line    0x00004ca1       0x7b ./Core/Startup/startup_stm32h750vbtx.o
 .debug_line    0x00004d1c      0xde7 ./Drivers/STM32H7xx_HAL_Driver/Src/stm32h7xx_hal.o
 .debug_line    0x00005b03      0xdd1 ./Drivers/STM32H7xx_HAL_Driver/Src/stm32h7xx_hal_cortex.o
 .debug_line    0x000068d4     0x2768 ./Drivers/STM32H7xx_HAL_Driver/Src/stm32h7xx_hal_dma.o
 .debug_line    0x0000903c      0xc70 ./Drivers/STM32H7xx_HAL_Driver/Src/stm32h7xx_hal_gpio.o
 .debug_line    0x00009cac     0x3b5e ./Drivers/STM32H7xx_HAL_Driver/Src/stm32h7xx_hal_i2c.o
 .debug_line    0x0000d80a      0x975 ./Drivers/STM32H7xx_HAL_Driver/Src/stm32h7xx_hal_i2c_ex.o
 .debug_line    0x0000e17f      0xf6b ./Drivers/STM32H7xx_HAL_Driver/Src/stm32h7xx_hal_pwr_ex.o
 .debug_line    0x0000f0ea     0x148e ./Drivers/STM32H7xx_HAL_Driver/Src/stm32h7xx_hal_rcc.o
 .debug_line    0x00010578     0x1d9a ./Drivers/STM32H7xx_HAL_Driver/Src/stm32h7xx_hal_rcc_ex.o
 .debug_line    0x00012312     0x3f3b ./Drivers/STM32H7xx_HAL_Driver/Src/stm32h7xx_hal_tim.o
 .debug_line    0x0001624d     0x1cad ./Drivers/STM32H7xx_HAL_Driver/Src/stm32h7xx_hal_tim_ex.o
 .debug_line    0x00017efa     0x386e ./Drivers/STM32H7xx_HAL_Driver/Src/stm32h7xx_hal_uart.o
 .debug_line    0x0001b768      0xd7d ./Drivers/STM32H7xx_HAL_Driver/Src/stm32h7xx_hal_uart_ex.o

.debug_str      0x00000000   0x168a69
 .debug_str     0x00000000   0x168a69 ./Core/Src/VL53L1X.o
                             0x1606b1 (size before relaxing)
 .debug_str     0x00168a69     0x8883 ./Core/Src/VL53L1X_api.o
 .debug_str     0x00168a69   0x1614c5 ./Core/Src/main.o
 .debug_str     0x00168a69   0x160a35 ./Core/Src/stm32h7xx_hal_msp.o
 .debug_str     0x00168a69   0x15f5e6 ./Core/Src/stm32h7xx_it.o
 .debug_str     0x00168a69   0x15f518 ./Core/Src/system_stm32h7xx.o
 .debug_str     0x00168a69   0x1612d4 ./Core/Src/vl53l1_platform.o
 .debug_str     0x00168a69       0x87 ./Core/Startup/startup_stm32h750vbtx.o
 .debug_str     0x00168a69   0x1603fe ./Drivers/STM32H7xx_HAL_Driver/Src/stm32h7xx_hal.o
 .debug_str     0x00168a69   0x15fe39 ./Drivers/STM32H7xx_HAL_Driver/Src/stm32h7xx_hal_cortex.o
 .debug_str     0x00168a69   0x15fc13 ./Drivers/STM32H7xx_HAL_Driver/Src/stm32h7xx_hal_dma.o
 .debug_str     0x00168a69   0x15f490 ./Drivers/STM32H7xx_HAL_Driver/Src/stm32h7xx_hal_gpio.o
 .debug_str     0x00168a69   0x160531 ./Drivers/STM32H7xx_HAL_Driver/Src/stm32h7xx_hal_i2c.o
 .debug_str     0x00168a69   0x15f8d5 ./Drivers/STM32H7xx_HAL_Driver/Src/stm32h7xx_hal_i2c_ex.o
 .debug_str     0x00168a69   0x15f951 ./Drivers/STM32H7xx_HAL_Driver/Src/stm32h7xx_hal_pwr_ex.o
 .debug_str     0x00168a69   0x15f874 ./Drivers/STM32H7xx_HAL_Driver/Src/stm32h7xx_hal_rcc.o
 .debug_str     0x00168a69   0x15fd55 ./Drivers/STM32H7xx_HAL_Driver/Src/stm32h7xx_hal_rcc_ex.o
 .debug_str     0x00168a69   0x160613 ./Drivers/STM32H7xx_HAL_Driver/Src/stm32h7xx_hal_tim.o
 .debug_str     0x00168a69   0x15ff3b ./Drivers/STM32H7xx_HAL_Driver/Src/stm32h7xx_hal_tim_ex.o
 .debug_str     0x00168a69   0x1603b5 ./Drivers/STM32H7xx_HAL_Driver/Src/stm32h7xx_hal_uart.o
 .debug_str     0x00168a69   0x15f975 ./Drivers/STM32H7xx_HAL_Driver/Src/stm32h7xx_hal_uart_ex.o

.comment        0x00000000       0x43
 .comment       0x00000000       0x43 ./Core/Src/VL53L1X.o
                                 0x44 (size before relaxing)
 .comment       0x00000043       0x44 ./Core/Src/VL53L1X_api.o
 .comment       0x00000043       0x44 ./Core/Src/main.o
 .comment       0x00000043       0x44 ./Core/Src/stm32h7xx_hal_msp.o
 .comment       0x00000043       0x44 ./Core/Src/stm32h7xx_it.o
 .comment       0x00000043       0x44 ./Core/Src/system_stm32h7xx.o
 .comment       0x00000043       0x44 ./Core/Src/vl53l1_platform.o
 .comment       0x00000043       0x44 ./Drivers/STM32H7xx_HAL_Driver/Src/stm32h7xx_hal.o
 .comment       0x00000043       0x44 ./Drivers/STM32H7xx_HAL_Driver/Src/stm32h7xx_hal_cortex.o
 .comment       0x00000043       0x44 ./Drivers/STM32H7xx_HAL_Driver/Src/stm32h7xx_hal_dma.o
 .comment       0x00000043       0x44 ./Drivers/STM32H7xx_HAL_Driver/Src/stm32h7xx_hal_gpio.o
 .comment       0x00000043       0x44 ./Drivers/STM32H7xx_HAL_Driver/Src/stm32h7xx_hal_i2c.o
 .comment       0x00000043       0x44 ./Drivers/STM32H7xx_HAL_Driver/Src/stm32h7xx_hal_i2c_ex.o
 .comment       0x00000043       0x44 ./Drivers/STM32H7xx_HAL_Driver/Src/stm32h7xx_hal_pwr_ex.o
 .comment       0x00000043       0x44 ./Drivers/STM32H7xx_HAL_Driver/Src/stm32h7xx_hal_rcc.o
 .comment       0x00000043       0x44 ./Drivers/STM32H7xx_HAL_Driver/Src/stm32h7xx_hal_rcc_ex.o
 .comment       0x00000043       0x44 ./Drivers/STM32H7xx_HAL_Driver/Src/stm32h7xx_hal_tim.o
 .comment       0x00000043       0x44 ./Drivers/STM32H7xx_HAL_Driver/Src/stm32h7xx_hal_tim_ex.o
 .comment       0x00000043       0x44 ./Drivers/STM32H7xx_HAL_Driver/Src/stm32h7xx_hal_uart.o
 .comment       0x00000043       0x44 ./Drivers/STM32H7xx_HAL_Driver/Src/stm32h7xx_hal_uart_ex.o

.debug_frame    0x00000000     0x5e18
 .debug_frame   0x00000000      0x110 ./Core/Src/VL53L1X.o
 .debug_frame   0x00000110      0x604 ./Core/Src/VL53L1X_api.o
 .debug_frame   0x00000714      0x138 ./Core/Src/main.o
 .debug_frame   0x0000084c      0x144 ./Core/Src/stm32h7xx_hal_msp.o
 .debug_frame   0x00000990      0x120 ./Core/Src/stm32h7xx_it.o
 .debug_frame   0x00000ab0       0x78 ./Core/Src/system_stm32h7xx.o
 .debug_frame   0x00000b28      0x1a0 ./Core/Src/vl53l1_platform.o
 .debug_frame   0x00000cc8      0x690 ./Drivers/STM32H7xx_HAL_Driver/Src/stm32h7xx_hal.o
 .debug_frame   0x00001358      0x508 ./Drivers/STM32H7xx_HAL_Driver/Src/stm32h7xx_hal_cortex.o
 .debug_frame   0x00001860      0x2b4 ./Drivers/STM32H7xx_HAL_Driver/Src/stm32h7xx_hal_dma.o
 .debug_frame   0x00001b14      0x14c ./Drivers/STM32H7xx_HAL_Driver/Src/stm32h7xx_hal_gpio.o
 .debug_frame   0x00001c60      0xc40 ./Drivers/STM32H7xx_HAL_Driver/Src/stm32h7xx_hal_i2c.o
 .debug_frame   0x000028a0      0x100 ./Drivers/STM32H7xx_HAL_Driver/Src/stm32h7xx_hal_i2c_ex.o
 .debug_frame   0x000029a0      0x580 ./Drivers/STM32H7xx_HAL_Driver/Src/stm32h7xx_hal_pwr_ex.o
 .debug_frame   0x00002f20      0x1f8 ./Drivers/STM32H7xx_HAL_Driver/Src/stm32h7xx_hal_rcc.o
 .debug_frame   0x00003118      0x414 ./Drivers/STM32H7xx_HAL_Driver/Src/stm32h7xx_hal_rcc_ex.o
 .debug_frame   0x0000352c     0x121c ./Drivers/STM32H7xx_HAL_Driver/Src/stm32h7xx_hal_tim.o
 .debug_frame   0x00004748      0x6d8 ./Drivers/STM32H7xx_HAL_Driver/Src/stm32h7xx_hal_tim_ex.o
 .debug_frame   0x00004e20      0xa94 ./Drivers/STM32H7xx_HAL_Driver/Src/stm32h7xx_hal_uart.o
 .debug_frame   0x000058b4      0x2c0 ./Drivers/STM32H7xx_HAL_Driver/Src/stm32h7xx_hal_uart_ex.o
 .debug_frame   0x00005b74       0x30 /opt/st/stm32cubeide_1.19.0/plugins/com.st.stm32cube.ide.mcu.externaltools.gnu-tools-for-stm32.13.3.rel1.linux64_1.0.0.202410170706/tools/bin/../lib/gcc/arm-none-eabi/13.3.1/../../../../arm-none-eabi/lib/thumb/v7e-m+dp/hard/libc_nano.a(libc_a-atoi.o)
 .debug_frame   0x00005ba4       0x64 /opt/st/stm32cubeide_1.19.0/plugins/com.st.stm32cube.ide.mcu.externaltools.gnu-tools-for-stm32.13.3.rel1.linux64_1.0.0.202410170706/tools/bin/../lib/gcc/arm-none-eabi/13.3.1/../../../../arm-none-eabi/lib/thumb/v7e-m+dp/hard/libc_nano.a(libc_a-strtol.o)
 .debug_frame   0x00005c08      0x144 /opt/st/stm32cubeide_1.19.0/plugins/com.st.stm32cube.ide.mcu.externaltools.gnu-tools-for-stm32.13.3.rel1.linux64_1.0.0.202410170706/tools/bin/../lib/gcc/arm-none-eabi/13.3.1/../../../../arm-none-eabi/lib/thumb/v7e-m+dp/hard/libc_nano.a(libc_a-findfp.o)
 .debug_frame   0x00005d4c       0x20 /opt/st/stm32cubeide_1.19.0/plugins/com.st.stm32cube.ide.mcu.externaltools.gnu-tools-for-stm32.13.3.rel1.linux64_1.0.0.202410170706/tools/bin/../lib/gcc/arm-none-eabi/13.3.1/../../../../arm-none-eabi/lib/thumb/v7e-m+dp/hard/libc_nano.a(libc_a-memset.o)
 .debug_frame   0x00005d6c       0x20 /opt/st/stm32cubeide_1.19.0/plugins/com.st.stm32cube.ide.mcu.externaltools.gnu-tools-for-stm32.13.3.rel1.linux64_1.0.0.202410170706/tools/bin/../lib/gcc/arm-none-eabi/13.3.1/../../../../arm-none-eabi/lib/thumb/v7e-m+dp/hard/libc_nano.a(libc_a-errno.o)
 .debug_frame   0x00005d8c       0x2c /opt/st/stm32cubeide_1.19.0/plugins/com.st.stm32cube.ide.mcu.externaltools.gnu-tools-for-stm32.13.3.rel1.linux64_1.0.0.202410170706/tools/bin/../lib/gcc/arm-none-eabi/13.3.1/../../../../arm-none-eabi/lib/thumb/v7e-m+dp/hard/libc_nano.a(libc_a-init.o)
 .debug_frame   0x00005db8       0x2c /opt/st/stm32cubeide_1.19.0/plugins/com.st.stm32cube.ide.mcu.externaltools.gnu-tools-for-stm32.13.3.rel1.linux64_1.0.0.202410170706/tools/bin/../lib/gcc/arm-none-eabi/13.3.1/thumb/v7e-m+dp/hard/libgcc.a(_aeabi_uldivmod.o)
 .debug_frame   0x00005de4       0x34 /opt/st/stm32cubeide_1.19.0/plugins/com.st.stm32cube.ide.mcu.externaltools.gnu-tools-for-stm32.13.3.rel1.linux64_1.0.0.202410170706/tools/bin/../lib/gcc/arm-none-eabi/13.3.1/thumb/v7e-m+dp/hard/libgcc.a(_udivmoddi4.o)

.debug_line_str
                0x00000000       0x6b
 .debug_line_str
                0x00000000       0x6b ./Core/Startup/startup_stm32h750vbtx.o
